Archive member included to satisfy reference by file (symbol)

app/libapp.a(main.c.obj)      (--whole-archive)
app/libapp.a(io.c.obj)        (--whole-archive)
app/libapp.a(flash_map_extended.c.obj)
                              (--whole-archive)
app/libapp.a(os.c.obj)        (--whole-archive)
app/libapp.a(keys.c.obj)      (--whole-archive)
app/libapp.a(image_validate.c.obj)
                              (--whole-archive)
app/libapp.a(tlv.c.obj)       (--whole-archive)
app/libapp.a(encrypted.c.obj)
                              (--whole-archive)
app/libapp.a(image_rsa.c.obj)
                              (--whole-archive)
app/libapp.a(image_ecdsa.c.obj)
                              (--whole-archive)
app/libapp.a(image_ed25519.c.obj)
                              (--whole-archive)
app/libapp.a(bootutil_misc.c.obj)
                              (--whole-archive)
app/libapp.a(fault_injection_hardening.c.obj)
                              (--whole-archive)
app/libapp.a(loader.c.obj)    (--whole-archive)
app/libapp.a(swap_misc.c.obj)
                              (--whole-archive)
app/libapp.a(caps.c.obj)      (--whole-archive)
app/libapp.a(swap_move.c.obj)
                              (--whole-archive)
app/libapp.a(asn1parse.c.obj)
                              (--whole-archive)
app/libapp.a(platform_util.c.obj)
                              (--whole-archive)
app/libapp.a(cc310_glue.c.obj)
                              (--whole-archive)
app/libapp.a(autogen-pubkey.c.obj)
                              (--whole-archive)
app/libapp.a(arm_cleanup.c.obj)
                              (--whole-archive)
app/libapp.a(flash_check.c.obj)
                              (--whole-archive)
app/libapp.a(nrf_cleanup.c.obj)
                              (--whole-archive)
zephyr/libzephyr.a(heap.c.obj)
                              (--whole-archive)
zephyr/libzephyr.a(cbprintf_packaged.c.obj)
                              (--whole-archive)
zephyr/libzephyr.a(printk.c.obj)
                              (--whole-archive)
zephyr/libzephyr.a(sem.c.obj)
                              (--whole-archive)
zephyr/libzephyr.a(thread_entry.c.obj)
                              (--whole-archive)
zephyr/libzephyr.a(cbprintf_nano.c.obj)
                              (--whole-archive)
zephyr/libzephyr.a(cbprintf.c.obj)
                              (--whole-archive)
zephyr/libzephyr.a(assert.c.obj)
                              (--whole-archive)
zephyr/libzephyr.a(dec.c.obj)
                              (--whole-archive)
zephyr/libzephyr.a(hex.c.obj)
                              (--whole-archive)
zephyr/libzephyr.a(rb.c.obj)  (--whole-archive)
zephyr/libzephyr.a(timeutil.c.obj)
                              (--whole-archive)
zephyr/libzephyr.a(bitarray.c.obj)
                              (--whole-archive)
zephyr/libzephyr.a(onoff.c.obj)
                              (--whole-archive)
zephyr/libzephyr.a(notify.c.obj)
                              (--whole-archive)
zephyr/libzephyr.a(last_section_id.c.obj)
                              (--whole-archive)
zephyr/libzephyr.a(configs.c.obj)
                              (--whole-archive)
zephyr/libzephyr.a(log_minimal.c.obj)
                              (--whole-archive)
zephyr/libzephyr.a(flash_map.c.obj)
                              (--whole-archive)
zephyr/libzephyr.a(flash_map_layout.c.obj)
                              (--whole-archive)
zephyr/libzephyr.a(tracing_none.c.obj)
                              (--whole-archive)
zephyr/libzephyr.a(flash_util.c.obj)
                              (--whole-archive)
zephyr/libzephyr.a(banner.c.obj)
                              (--whole-archive)
zephyr/libzephyr.a(flash_map_partition_manager.c.obj)
                              (--whole-archive)
zephyr/libzephyr.a(nrf_cc3xx_platform_abort_zephyr.c.obj)
                              (--whole-archive)
zephyr/libzephyr.a(nrf_cc3xx_platform_mutex_zephyr.c.obj)
                              (--whole-archive)
zephyr/arch/common/libarch__common.a(sw_isr_common.c.obj)
                              (--whole-archive)
zephyr/arch/arch/arm/core/libarch__arm__core.a(fatal.c.obj)
                              (--whole-archive)
zephyr/arch/arch/arm/core/libarch__arm__core.a(nmi.c.obj)
                              (--whole-archive)
zephyr/arch/arch/arm/core/libarch__arm__core.a(nmi_on_reset.S.obj)
                              (--whole-archive)
zephyr/arch/arch/arm/core/cortex_m/libarch__arm__core__cortex_m.a(exc_exit.c.obj)
                              (--whole-archive)
zephyr/arch/arch/arm/core/cortex_m/libarch__arm__core__cortex_m.a(fault.c.obj)
                              (--whole-archive)
zephyr/arch/arch/arm/core/cortex_m/libarch__arm__core__cortex_m.a(fault_s.S.obj)
                              (--whole-archive)
zephyr/arch/arch/arm/core/cortex_m/libarch__arm__core__cortex_m.a(fpu.c.obj)
                              (--whole-archive)
[...]
Memory Configuration

Name             Origin             Length             Attributes
FLASH            0x0000000000000000 0x000000000000c000 xr
RAM              0x0000000020000000 0x0000000000008000 xw
IDT_LIST         0x00000000ffff7fff 0x0000000000008000 xw
*default*        0x0000000000000000 0xffffffffffffffff

Linker script and memory map

LOAD zephyr/CMakeFiles/zephyr_pre0.dir/misc/empty_file.c.obj
LOAD zephyr/CMakeFiles/offsets.dir/./arch/arm/core/offsets/offsets.c.obj
LOAD app/libapp.a
LOAD zephyr/libzephyr.a
LOAD zephyr/arch/common/libarch__common.a
LOAD zephyr/arch/arch/arm/core/libarch__arm__core.a
LOAD zephyr/arch/arch/arm/core/cortex_m/libarch__arm__core__cortex_m.a
LOAD zephyr/arch/arch/arm/core/cortex_m/cmse/libarch__arm__core__cortex_m__cmse.a
LOAD zephyr/lib/libc/minimal/liblib__libc__minimal.a
LOAD zephyr/lib/libc/common/liblib__libc__common.a
LOAD zephyr/soc/soc/nrf9151/libsoc__nordic.a
LOAD zephyr/drivers/clock_control/libdrivers__clock_control.a
LOAD zephyr/drivers/flash/libdrivers__flash.a
LOAD zephyr/drivers/gpio/libdrivers__gpio.a
LOAD zephyr/drivers/i2c/libdrivers__i2c.a
LOAD zephyr/drivers/mfd/libdrivers__mfd.a
LOAD zephyr/drivers/pinctrl/libdrivers__pinctrl.a
LOAD zephyr/drivers/serial/libdrivers__serial.a
LOAD zephyr/drivers/spi/libdrivers__spi.a
LOAD zephyr/drivers/timer/libdrivers__timer.a
LOAD modules/nrf/lib/fprotect/lib..__nrf__lib__fprotect.a
LOAD modules/nrf/drivers/hw_cc3xx/lib..__nrf__drivers__hw_cc3xx.a
LOAD modules/mcuboot/boot/bootutil/zephyr/libmcuboot_util.a
LOAD modules/hal_nordic/modules/hal_nordic/nrfx/libmodules__hal_nordic__nrfx.a
LOAD zephyr/kernel/libkernel.a
LOAD zephyr/arch/common/libisr_tables.a
LOAD /home/turbo/airtime2/nrfxlib/crypto/nrf_cc310_platform/lib/cortex-m33/hard-float/no-interrupts/libnrf_cc310_platform_0.9.19.a
LOAD /home/turbo/airtime2/nrfxlib/crypto/nrf_cc310_bl/lib/cortex-m33/hard-float/no-interrupts/libnrf_cc310_bl_0.9.12.a
LOAD /home/turbo/.zephyrtools/toolchain/zephyr-sdk-0.16.4/arm-zephyr-eabi/bin/../lib/gcc/arm-zephyr-eabi/12.2.0/thumb/v8-m.main+fp/hard/libgcc.a
                0x0000000000000004                _region_min_align = 0x4

.rel.plt        0x0000000000000000        0x0
 *(SORT_BY_ALIGNMENT(.rel.plt))
                [!provide]                        PROVIDE (__rel_iplt_start = .)
 *(SORT_BY_ALIGNMENT(.rel.iplt))
 .rel.iplt      0x0000000000000000        0x0 app/libapp.a(main.c.obj)
                [!provide]                        PROVIDE (__rel_iplt_end = .)

.rela.plt       0x0000000000000000        0x0
 *(SORT_BY_ALIGNMENT(.rela.plt))
                [!provide]                        PROVIDE (__rela_iplt_start = .)
 *(SORT_BY_ALIGNMENT(.rela.iplt))
                [!provide]                        PROVIDE (__rela_iplt_end = .)

.rel.dyn
 *(SORT_BY_ALIGNMENT(.rel.*))

.rela.dyn
 *(SORT_BY_ALIGNMENT(.rela.*))

/DISCARD/
 *(SORT_BY_ALIGNMENT(.plt))

/DISCARD/
 *(SORT_BY_ALIGNMENT(.iplt))
                0x0000000000000000                __rom_region_start = 0x0

rom_start       0x0000000000000000      0x144
                0x0000000000000000                __rom_start_address = .
 FILL mask 0x00
                0x0000000000000000                . = (. + (0x0 - (. - __rom_start_address)))
                0x0000000000000000                . = ALIGN (0x4)
                0x0000000000000000                . = ALIGN (0x80)
                0x0000000000000000                . = ALIGN (0x200)
                0x0000000000000000                _vector_start = .
 *(SORT_BY_ALIGNMENT(.exc_vector_table))
 *(SORT_BY_ALIGNMENT(.exc_vector_table.*))
 .exc_vector_table._vector_table_section
                0x0000000000000000       0x40 zephyr/arch/arch/arm/core/cortex_m/libarch__arm__core__cortex_m.a(vector_table.S.obj)
                0x0000000000000000                _vector_table
 *(SORT_BY_ALIGNMENT(.vectors))
                0x0000000000000144                _vector_end = .
                0x0000000000000040                . = ALIGN (0x4)
 *(SORT_BY_ALIGNMENT(.gnu.linkonce.irq_vector_table*))
 .gnu.linkonce.irq_vector_table
                0x0000000000000040      0x104 zephyr/arch/common/libisr_tables.a(isr_tables.c.obj)
                0x0000000000000040                _irq_vector_table
                0x0000000000000144                _vector_end = .

text            0x0000000000000144     0xa3e0
                0x0000000000000144                __text_region_start = .
 *(SORT_BY_ALIGNMENT(.text))
 .text          0x0000000000000144       0x30 /home/turbo/.zephyrtools/toolchain/zephyr-sdk-0.16.4/arm-zephyr-eabi/bin/../lib/gcc/arm-zephyr-eabi/12.2.0/thumb/v8-m.main+fp/hard/libgcc.a(_aeabi_uldivmod.o)
                0x0000000000000144                __aeabi_uldivmod
 .text          0x0000000000000174        0x4 /home/turbo/.zephyrtools/toolchain/zephyr-sdk-0.16.4/arm-zephyr-eabi/bin/../lib/gcc/arm-zephyr-eabi/12.2.0/thumb/v8-m.main+fp/hard/libgcc.a(_dvmd_tls.o)
                0x0000000000000174                __aeabi_ldiv0
                0x0000000000000174                __aeabi_idiv0
 .text          0x0000000000000178      0x29c /home/turbo/.zephyrtools/toolchain/zephyr-sdk-0.16.4/arm-zephyr-eabi/bin/../lib/gcc/arm-zephyr-eabi/12.2.0/thumb/v8-m.main+fp/hard/libgcc.a(_udivmoddi4.o)
                0x0000000000000178                __udivmoddi4
 *(SORT_BY_ALIGNMENT(.text.*))
 .text.main     0x0000000000000414      0x110 app/libapp.a(main.c.obj)
                0x0000000000000414                main
 .text.flash_device_base
                0x0000000000000524       0x20 app/libapp.a(flash_map_extended.c.obj)
                0x0000000000000524                flash_device_base
 .text.flash_area_id_from_multi_image_slot
                0x0000000000000544       0x24 app/libapp.a(flash_map_extended.c.obj)
                0x0000000000000544                flash_area_id_from_multi_image_slot
 .text.bootutil_img_validate
                0x0000000000000568      0x250 app/libapp.a(image_validate.c.obj)
                0x0000000000000568                bootutil_img_validate
 .text.bootutil_verify_sig
                0x00000000000007b8      0x104 app/libapp.a(image_ecdsa.c.obj)
                0x00000000000007b8                bootutil_verify_sig
 .text.boot_fih_memequal
                0x00000000000008bc       0x30 app/libapp.a(bootutil_misc.c.obj)
                0x00000000000008bc                boot_fih_memequal
 .text.boot_status_entries
                0x00000000000008ec       0x2c app/libapp.a(bootutil_misc.c.obj)
                0x00000000000008ec                boot_status_entries
 .text.boot_find_status
                0x0000000000000918       0x44 app/libapp.a(bootutil_misc.c.obj)
                0x0000000000000918                boot_find_status
 .text.bootutil_max_image_size
                0x000000000000095c       0x2c app/libapp.a(bootutil_misc.c.obj)
                0x000000000000095c                bootutil_max_image_size
 .text.fih_cfi_get_and_increment
                0x0000000000000988       0x10 app/libapp.a(fault_injection_hardening.c.obj)
                0x0000000000000988                fih_cfi_get_and_increment
 .text.fih_cfi_decrement
                0x0000000000000998       0x10 app/libapp.a(fault_injection_hardening.c.obj)
                0x0000000000000998                fih_cfi_decrement
 .text.fih_cfi_validate
                0x00000000000009a8       0x14 app/libapp.a(fault_injection_hardening.c.obj)
                0x00000000000009a8                fih_cfi_validate
 .text.boot_validate_slot.constprop.0
                0x00000000000009bc      0x120 app/libapp.a(loader.c.obj)
 .text.boot_swap_image.isra.0
                0x0000000000000adc       0x8c app/libapp.a(loader.c.obj)
 .text.boot_copy_region
                0x0000000000000b68       0x84 app/libapp.a(loader.c.obj)
                0x0000000000000b68                boot_copy_region
 .text.context_boot_go
                0x0000000000000bec      0x2e8 app/libapp.a(loader.c.obj)
                0x0000000000000bec                context_boot_go
 .text.boot_go  0x0000000000000ed4       0x34 app/libapp.a(loader.c.obj)
                0x0000000000000ed4                boot_go
 .text.swap_set_copy_done
                0x0000000000000f08       0x2c app/libapp.a(swap_misc.c.obj)
                0x0000000000000f08                swap_set_copy_done
 .text.swap_set_image_ok
                0x0000000000000f34       0x44 app/libapp.a(swap_misc.c.obj)
                0x0000000000000f34                swap_set_image_ok
 .text.boot_read_image_header
                0x0000000000000f78       0xac app/libapp.a(swap_move.c.obj)
                0x0000000000000f78                boot_read_image_header
 .text.swap_read_status_bytes
                0x0000000000001024       0xc8 app/libapp.a(swap_move.c.obj)
                0x0000000000001024                swap_read_status_bytes
 .text.boot_slots_compatible
                0x00000000000010ec       0x8c app/libapp.a(swap_move.c.obj)
                0x00000000000010ec                boot_slots_compatible
 .text.swap_status_source
                0x0000000000001178       0xcc app/libapp.a(swap_move.c.obj)
                0x0000000000001178                swap_status_source
 .text.fixup_revert
                0x0000000000001244       0x98 app/libapp.a(swap_move.c.obj)
                0x0000000000001244                fixup_revert
 .text.swap_run
                0x00000000000012dc      0x1f0 app/libapp.a(swap_move.c.obj)
                0x00000000000012dc                swap_run
 .text.mbedtls_platform_zeroize
                0x00000000000014cc       0x14 app/libapp.a(platform_util.c.obj)
                0x00000000000014cc                mbedtls_platform_zeroize
 .text.cc310_init
                0x00000000000014e0       0x30 app/libapp.a(cc310_glue.c.obj)
                0x00000000000014e0                cc310_init
 .text.cc310_ecdsa_verify_secp256r1
                0x0000000000001510       0x3c app/libapp.a(cc310_glue.c.obj)
                0x0000000000001510                cc310_ecdsa_verify_secp256r1
 .text.cleanup_arm_nvic
                0x000000000000154c       0x38 app/libapp.a(arm_cleanup.c.obj)
                0x000000000000154c                cleanup_arm_nvic
 .text.z_arm_clear_arm_mpu_config
                0x0000000000001584       0x24 app/libapp.a(arm_cleanup.c.obj)
                0x0000000000001584                z_arm_clear_arm_mpu_config
 .text.nrf_cleanup_peripheral
                0x00000000000015a8       0x9c app/libapp.a(nrf_cleanup.c.obj)
                0x00000000000015a8                nrf_cleanup_peripheral
 .text.char_out
                0x0000000000001644        0xc zephyr/libzephyr.a(printk.c.obj)
 .text.vprintk  0x0000000000001650       0x1c zephyr/libzephyr.a(printk.c.obj)
                0x0000000000001650                vprintk
 .text.z_cbvprintf_impl
                0x000000000000166c      0x444 zephyr/libzephyr.a(cbprintf_nano.c.obj)
                0x000000000000166c                z_cbvprintf_impl
 .text.process_event
                0x0000000000001ab0      0x21c zephyr/libzephyr.a(onoff.c.obj)
 .text.flash_area_open
                0x0000000000001ccc       0x4c zephyr/libzephyr.a(flash_map.c.obj)
                0x0000000000001ccc                flash_area_open
 .text.flash_area_sectors
                0x0000000000001d18       0x34 zephyr/libzephyr.a(flash_map_layout.c.obj)
                0x0000000000001d18                flash_area_sectors
 .text.boot_banner
                0x0000000000001d4c       0x24 zephyr/libzephyr.a(banner.c.obj)
                0x0000000000001d4c                boot_banner
 .text.nrf_cc3xx_platform_abort_init
                0x0000000000001d70        0xc zephyr/libzephyr.a(nrf_cc3xx_platform_abort_zephyr.c.obj)
                0x0000000000001d70                nrf_cc3xx_platform_abort_init
 .text.mutex_free_platform
                0x0000000000001d7c       0x54 zephyr/libzephyr.a(nrf_cc3xx_platform_mutex_zephyr.c.obj)
 .text.mutex_lock_platform
                0x0000000000001dd0       0x58 zephyr/libzephyr.a(nrf_cc3xx_platform_mutex_zephyr.c.obj)
 .text.mutex_unlock_platform
                0x0000000000001e28       0x50 zephyr/libzephyr.a(nrf_cc3xx_platform_mutex_zephyr.c.obj)
 .text.mutex_init_platform
                0x0000000000001e78       0x94 zephyr/libzephyr.a(nrf_cc3xx_platform_mutex_zephyr.c.obj)
 .text.nrf_cc3xx_platform_mutex_init
                0x0000000000001f0c       0x2c zephyr/libzephyr.a(nrf_cc3xx_platform_mutex_zephyr.c.obj)
                0x0000000000001f0c                nrf_cc3xx_platform_mutex_init
 .text.z_SysNmiOnReset
                0x0000000000001f38        0x8 zephyr/arch/arch/arm/core/libarch__arm__core.a(nmi_on_reset.S.obj)
                0x0000000000001f38                z_SysNmiOnReset
 .text._HandlerModeExit
                0x0000000000001f40       0x28 zephyr/arch/arch/arm/core/cortex_m/libarch__arm__core__cortex_m.a(exc_exit.c.obj)
                0x0000000000001f40                z_arm_exc_exit
                0x0000000000001f40                z_arm_int_exit
 .text.usage_fault.constprop.0
                0x0000000000001f68       0x5c zephyr/arch/arch/arm/core/cortex_m/libarch__arm__core__cortex_m.a(fault.c.obj)
 .text.bus_fault.constprop.0
                0x0000000000001fc4       0x6c zephyr/arch/arch/arm/core/cortex_m/libarch__arm__core__cortex_m.a(fault.c.obj)
 .text.mem_manage_fault.constprop.0
                0x0000000000002030       0x78 zephyr/arch/arch/arm/core/cortex_m/libarch__arm__core__cortex_m.a(fault.c.obj)
 .text.z_arm_fault
                0x00000000000020a8      0x118 zephyr/arch/arch/arm/core/cortex_m/libarch__arm__core__cortex_m.a(fault.c.obj)
                0x00000000000020a8                z_arm_fault
 .text.z_arm_fault_init
                0x00000000000021c0       0x20 zephyr/arch/arch/arm/core/cortex_m/libarch__arm__core__cortex_m.a(fault.c.obj)
                0x00000000000021c0                z_arm_fault_init
 .text.__fault  0x00000000000021e0       0x14 zephyr/arch/arch/arm/core/cortex_m/libarch__arm__core__cortex_m.a(fault_s.S.obj)
                0x00000000000021e0                z_arm_bus_fault
                0x00000000000021e0                z_arm_usage_fault
                0x00000000000021e0                z_arm_mpu_fault
                0x00000000000021e0                z_arm_exc_spurious
                0x00000000000021e0                z_arm_debug_monitor
                0x00000000000021e0                z_arm_hard_fault
 .text._reset_section
                0x00000000000021f4       0x60 zephyr/arch/arch/arm/core/cortex_m/libarch__arm__core__cortex_m.a(reset.S.obj)
                0x00000000000021f4                z_arm_reset
                0x00000000000021f4                __start
 .text.z_arm_init_arch_hw_at_boot
                0x0000000000002254       0x44 zephyr/arch/arch/arm/core/cortex_m/libarch__arm__core__cortex_m.a(scb.c.obj)
                0x0000000000002254                z_arm_init_arch_hw_at_boot
 .text.z_impl_k_thread_abort
                0x0000000000002298       0x2c zephyr/arch/arch/arm/core/cortex_m/libarch__arm__core__cortex_m.a(thread_abort.c.obj)
                0x0000000000002298                z_impl_k_thread_abort
 .text.z_arm_pendsv
                0x00000000000022c4       0x94 zephyr/arch/arch/arm/core/cortex_m/libarch__arm__core__cortex_m.a(swap_helper.S.obj)
                0x00000000000022c4                z_arm_pendsv
 .text.z_arm_svc
                0x0000000000002358       0x24 zephyr/arch/arch/arm/core/cortex_m/libarch__arm__core__cortex_m.a(swap_helper.S.obj)
                0x0000000000002358                z_arm_svc
 .text.arch_irq_enable
                0x000000000000237c       0x1c zephyr/arch/arch/arm/core/cortex_m/libarch__arm__core__cortex_m.a(irq_manage.c.obj)
                0x000000000000237c                arch_irq_enable
 .text.arch_irq_disable
                0x0000000000002398       0x28 zephyr/arch/arch/arm/core/cortex_m/libarch__arm__core__cortex_m.a(irq_manage.c.obj)
                0x0000000000002398                arch_irq_disable
 .text.arch_irq_is_enabled
                0x00000000000023c0       0x1c zephyr/arch/arch/arm/core/cortex_m/libarch__arm__core__cortex_m.a(irq_manage.c.obj)
                0x00000000000023c0                arch_irq_is_enabled
 .text.z_arm_irq_priority_set
                0x00000000000023dc       0x2c zephyr/arch/arch/arm/core/cortex_m/libarch__arm__core__cortex_m.a(irq_manage.c.obj)
                0x00000000000023dc                z_arm_irq_priority_set
 .text.z_prep_c
                0x0000000000002408       0x5c zephyr/arch/arch/arm/core/cortex_m/libarch__arm__core__cortex_m.a(prep_c.c.obj)
                0x0000000000002408                z_prep_c
 .text.arch_new_thread
                0x0000000000002464       0x40 zephyr/arch/arch/arm/core/cortex_m/libarch__arm__core__cortex_m.a(thread.c.obj)
                0x0000000000002464                arch_new_thread
 .text.arch_float_disable
                0x00000000000024a4       0x48 zephyr/arch/arch/arm/core/cortex_m/libarch__arm__core__cortex_m.a(thread.c.obj)
                0x00000000000024a4                arch_float_disable
 .text.arch_switch_to_main_thread
                0x00000000000024ec       0x50 zephyr/arch/arch/arm/core/cortex_m/libarch__arm__core__cortex_m.a(thread.c.obj)
                0x00000000000024ec                arch_switch_to_main_thread
 .text.z_arm_cpu_idle_init
                0x000000000000253c        0xc zephyr/arch/arch/arm/core/cortex_m/libarch__arm__core__cortex_m.a(cpu_idle.c.obj)
                0x000000000000253c                z_arm_cpu_idle_init
 .text.z_arm_interrupt_init
                0x0000000000002548       0x18 zephyr/arch/arch/arm/core/cortex_m/libarch__arm__core__cortex_m.a(irq_init.c.obj)
                0x0000000000002548                z_arm_interrupt_init
 .text._isr_wrapper
                0x0000000000002560       0x24 zephyr/arch/arch/arm/core/cortex_m/libarch__arm__core__cortex_m.a(isr_wrapper.c.obj)
                0x0000000000002560                _isr_wrapper
 .text.nordicsemi_nrf91_init
                0x0000000000002584       0x10 zephyr/soc/soc/nrf9151/libsoc__nordic.a(soc.c.obj)
 .text.arch_busy_wait
                0x0000000000002594       0x14 zephyr/soc/soc/nrf9151/libsoc__nordic.a(soc.c.obj)
                0x0000000000002594                arch_busy_wait
 .text.onoff_stop
                0x00000000000025a8       0x30 zephyr/drivers/clock_control/libdrivers__clock_control.a(clock_control_nrf.c.obj)
 .text.onoff_start
                0x00000000000025d8       0x44 zephyr/drivers/clock_control/libdrivers__clock_control.a(clock_control_nrf.c.obj)
 .text.generic_hfclk_stop
                0x000000000000261c       0x34 zephyr/drivers/clock_control/libdrivers__clock_control.a(clock_control_nrf.c.obj)
 .text.clk_init
                0x0000000000002650       0x58 zephyr/drivers/clock_control/libdrivers__clock_control.a(clock_control_nrf.c.obj)
 .text.api_blocking_start
                0x00000000000026a8       0x34 zephyr/drivers/clock_control/libdrivers__clock_control.a(clock_control_nrf.c.obj)
 .text.clkstarted_handle.constprop.0
                0x00000000000026dc       0x4c zephyr/drivers/clock_control/libdrivers__clock_control.a(clock_control_nrf.c.obj)
 .text.generic_hfclk_start
                0x0000000000002728       0x7c zephyr/drivers/clock_control/libdrivers__clock_control.a(clock_control_nrf.c.obj)
 .text.clock_event_handler
                0x00000000000027a4       0x1c zephyr/drivers/clock_control/libdrivers__clock_control.a(clock_control_nrf.c.obj)
 .text.z_nrf_clock_control_lf_on
                0x00000000000027c0       0xf8 zephyr/drivers/clock_control/libdrivers__clock_control.a(clock_control_nrf.c.obj)
                0x00000000000027c0                z_nrf_clock_control_lf_on
 .text.flash_nrf_pages_layout
                0x00000000000028b8       0x10 zephyr/drivers/flash/libdrivers__flash.a(soc_flash_nrf.c.obj)
 .text.flash_nrf_get_parameters
                0x00000000000028c8        0x8 zephyr/drivers/flash/libdrivers__flash.a(soc_flash_nrf.c.obj)
 .text.nrf_flash_init
                0x00000000000028d0       0x28 zephyr/drivers/flash/libdrivers__flash.a(soc_flash_nrf.c.obj)
 .text.flash_nrf_erase
                0x00000000000028f8       0x64 zephyr/drivers/flash/libdrivers__flash.a(soc_flash_nrf.c.obj)
 .text.flash_nrf_write
                0x000000000000295c       0x64 zephyr/drivers/flash/libdrivers__flash.a(soc_flash_nrf.c.obj)
 .text.flash_nor_get_parameters
                0x00000000000029c0        0x8 zephyr/drivers/flash/libdrivers__flash.a(spi_nor.c.obj)
 .text.spi_nor_erase
                0x00000000000029c8      0x118 zephyr/drivers/flash/libdrivers__flash.a(spi_nor.c.obj)
 .text.gpio_nrfx_init
                0x0000000000002ae0       0x48 zephyr/drivers/gpio/libdrivers__gpio.a(gpio_nrfx.c.obj)
 .text.nrfx_gpio_handler
                0x0000000000002b28       0x3c zephyr/drivers/gpio/libdrivers__gpio.a(gpio_nrfx.c.obj)
 .text.gpio_nrfx_pin_configure
                0x0000000000002b64      0x17c zephyr/drivers/gpio/libdrivers__gpio.a(gpio_nrfx.c.obj)
 .text.gpio_nrfx_pin_interrupt_configure
                0x0000000000002ce0       0xf4 zephyr/drivers/gpio/libdrivers__gpio.a(gpio_nrfx.c.obj)
 .text.event_handler
                0x0000000000002dd4       0x38 zephyr/drivers/i2c/libdrivers__i2c.a(i2c_nrfx_twim.c.obj)
 .text.i2c_nrfx_twim_transfer
                0x0000000000002e0c      0x148 zephyr/drivers/i2c/libdrivers__i2c.a(i2c_nrfx_twim.c.obj)
 .text.i2c_nrfx_twim_recover_bus
                0x0000000000002f54       0x40 zephyr/drivers/i2c/libdrivers__i2c.a(i2c_nrfx_twim_common.c.obj)
                0x0000000000002f54                i2c_nrfx_twim_recover_bus
 .text.i2c_nrfx_twim_msg_transfer
                0x0000000000002f94       0x6c zephyr/drivers/i2c/libdrivers__i2c.a(i2c_nrfx_twim_common.c.obj)
                0x0000000000002f94                i2c_nrfx_twim_msg_transfer
 .text.i2c_nrfx_twim_common_init
                0x0000000000003000       0x40 zephyr/drivers/i2c/libdrivers__i2c.a(i2c_nrfx_twim_common.c.obj)
                0x0000000000003000                i2c_nrfx_twim_common_init
 .text.mfd_npm1300_init
                0x0000000000003040      0x104 zephyr/drivers/mfd/libdrivers__mfd.a(mfd_npm1300.c.obj)
 .text.work_callback
                0x0000000000003144       0xc4 zephyr/drivers/mfd/libdrivers__mfd.a(mfd_npm1300.c.obj)
 .text.pinctrl_configure_pins
                0x0000000000003208      0x17c zephyr/drivers/pinctrl/libdrivers__pinctrl.a(pinctrl_nrf.c.obj)
                0x0000000000003208                pinctrl_configure_pins
 .text.uarte_nrfx_poll_out
                0x0000000000003384       0xb4 zephyr/drivers/serial/libdrivers__serial.a(uart_nrfx_uarte.c.obj)
 .text.uarte_0_init
                0x0000000000003438      0x108 zephyr/drivers/serial/libdrivers__serial.a(uart_nrfx_uarte.c.obj)
 .text.transfer_next_chunk
                0x0000000000003540       0xd0 zephyr/drivers/spi/libdrivers__spi.a(spi_nrfx_spim.c.obj)
 .text.spi_nrfx_transceive
                0x0000000000003610      0x30c zephyr/drivers/spi/libdrivers__spi.a(spi_nrfx_spim.c.obj)
 .text.spi_nrfx_wake_init
                0x000000000000391c       0x60 zephyr/drivers/spi/libdrivers__spi.a(spi_nrfx_common.c.obj)
                0x000000000000391c                spi_nrfx_wake_init
 .text.spi_nrfx_wake_request
                0x000000000000397c       0x88 zephyr/drivers/spi/libdrivers__spi.a(spi_nrfx_common.c.obj)
                0x000000000000397c                spi_nrfx_wake_request
 .text.compare_int_lock
                0x0000000000003a04       0x40 zephyr/drivers/timer/libdrivers__timer.a(nrf_rtc_timer.c.obj)
 .text.sys_clock_timeout_handler
                0x0000000000003a44       0x48 zephyr/drivers/timer/libdrivers__timer.a(nrf_rtc_timer.c.obj)
 .text.compare_int_unlock
                0x0000000000003a8c       0x4c zephyr/drivers/timer/libdrivers__timer.a(nrf_rtc_timer.c.obj)
 .text.z_nrf_rtc_timer_read
                0x0000000000003ad8       0x44 zephyr/drivers/timer/libdrivers__timer.a(nrf_rtc_timer.c.obj)
                0x0000000000003ad8                z_nrf_rtc_timer_read
 .text.compare_set
                0x0000000000003b1c      0x124 zephyr/drivers/timer/libdrivers__timer.a(nrf_rtc_timer.c.obj)
 .text.sys_clock_driver_init
                0x0000000000003c40       0x90 zephyr/drivers/timer/libdrivers__timer.a(nrf_rtc_timer.c.obj)
 .text.rtc_nrf_isr
                0x0000000000003cd0       0xd0 zephyr/drivers/timer/libdrivers__timer.a(nrf_rtc_timer.c.obj)
                0x0000000000003cd0                rtc_nrf_isr
 .text.sys_clock_set_timeout
                0x0000000000003da0       0x5c zephyr/drivers/timer/libdrivers__timer.a(nrf_rtc_timer.c.obj)
                0x0000000000003da0                sys_clock_set_timeout
 .text.sys_clock_elapsed
                0x0000000000003dfc       0x14 zephyr/drivers/timer/libdrivers__timer.a(nrf_rtc_timer.c.obj)
                0x0000000000003dfc                sys_clock_elapsed
 .text.sys_clock_disable
                0x0000000000003e10       0x30 zephyr/drivers/timer/libdrivers__timer.a(nrf_rtc_timer.c.obj)
                0x0000000000003e10                sys_clock_disable
 .text.fprotect_area
                0x0000000000003e40       0x3c modules/nrf/lib/fprotect/lib..__nrf__lib__fprotect.a(fprotect_spu.c.obj)
                0x0000000000003e40                fprotect_area
 .text.boot_write_magic
                0x0000000000003e7c       0x40 modules/mcuboot/boot/bootutil/zephyr/libmcuboot_util.a(bootutil_public.c.obj)
                0x0000000000003e7c                boot_write_magic
 .text.boot_read_swap_state
                0x0000000000003ebc       0xac modules/mcuboot/boot/bootutil/zephyr/libmcuboot_util.a(bootutil_public.c.obj)
                0x0000000000003ebc                boot_read_swap_state
 .text.boot_swap_type_multi
                0x0000000000003f68      0x100 modules/mcuboot/boot/bootutil/zephyr/libmcuboot_util.a(bootutil_public.c.obj)
                0x0000000000003f68                boot_swap_type_multi
 .text.uicr_HFXOCNT_erased
                0x0000000000004068       0x40 modules/hal_nordic/modules/hal_nordic/nrfx/libmodules__hal_nordic__nrfx.a(system_nrf91.c.obj)
 .text.uicr_HFXOSRC_erased
                0x00000000000040a8       0x3c modules/hal_nordic/modules/hal_nordic/nrfx/libmodules__hal_nordic__nrfx.a(system_nrf91.c.obj)
 .text.SystemInit
                0x00000000000040e4      0x1d0 modules/hal_nordic/modules/hal_nordic/nrfx/libmodules__hal_nordic__nrfx.a(system_nrf91.c.obj)
                0x00000000000040e4                SystemInit
 .text.nrfx_flag32_alloc
                0x00000000000042b4       0x40 modules/hal_nordic/modules/hal_nordic/nrfx/libmodules__hal_nordic__nrfx.a(nrfx_flag32_allocator.c.obj)
                0x00000000000042b4                nrfx_flag32_alloc
 .text.nrfx_flag32_free
                0x00000000000042f4       0x38 modules/hal_nordic/modules/hal_nordic/nrfx/libmodules__hal_nordic__nrfx.a(nrfx_flag32_allocator.c.obj)
                0x00000000000042f4                nrfx_flag32_free
 .text.nrfx_gppi_channels_enable
                0x000000000000432c        0xc modules/hal_nordic/modules/hal_nordic/nrfx/libmodules__hal_nordic__nrfx.a(nrfx_gppi_dppi.c.obj)
                0x000000000000432c                nrfx_gppi_channels_enable
 .text.nrfx_gppi_channel_alloc
                0x0000000000004338        0xc modules/hal_nordic/modules/hal_nordic/nrfx/libmodules__hal_nordic__nrfx.a(nrfx_gppi_dppi.c.obj)
                0x0000000000004338                nrfx_gppi_channel_alloc
 .text.nrfx_clock_init
                0x0000000000004344       0x20 modules/hal_nordic/modules/hal_nordic/nrfx/libmodules__hal_nordic__nrfx.a(nrfx_clock.c.obj)
                0x0000000000004344                nrfx_clock_init
 .text.nrfx_clock_enable
                0x0000000000004364       0x28 modules/hal_nordic/modules/hal_nordic/nrfx/libmodules__hal_nordic__nrfx.a(nrfx_clock.c.obj)
                0x0000000000004364                nrfx_clock_enable
 .text.nrfx_clock_start
                0x000000000000438c       0xb0 modules/hal_nordic/modules/hal_nordic/nrfx/libmodules__hal_nordic__nrfx.a(nrfx_clock.c.obj)
                0x000000000000438c                nrfx_clock_start
 .text.nrfx_power_clock_irq_handler
                0x000000000000443c       0x70 modules/hal_nordic/modules/hal_nordic/nrfx/libmodules__hal_nordic__nrfx.a(nrfx_clock.c.obj)
                0x000000000000443c                nrfx_power_clock_irq_handler
 .text.nrfx_dppi_channel_alloc
                0x00000000000044ac       0x10 modules/hal_nordic/modules/hal_nordic/nrfx/libmodules__hal_nordic__nrfx.a(nrfx_dppi.c.obj)
                0x00000000000044ac                nrfx_dppi_channel_alloc
 .text.nrf_gpio_pin_port_decode
                0x00000000000044bc       0x18 modules/hal_nordic/modules/hal_nordic/nrfx/libmodules__hal_nordic__nrfx.a(nrfx_gpiote.c.obj)
 .text.call_handler.constprop.0
                0x00000000000044d4       0x3c modules/hal_nordic/modules/hal_nordic/nrfx/libmodules__hal_nordic__nrfx.a(nrfx_gpiote.c.obj)
 .text.latch_pending_read_and_check
                0x0000000000004510       0x1c modules/hal_nordic/modules/hal_nordic/nrfx/libmodules__hal_nordic__nrfx.a(nrfx_gpiote.c.obj)
 .text.release_handler.isra.0
                0x000000000000452c       0x58 modules/hal_nordic/modules/hal_nordic/nrfx/libmodules__hal_nordic__nrfx.a(nrfx_gpiote.c.obj)
 .text.__nrfy_internal_gpiote_events_process.constprop.0
                0x0000000000004584       0x5c modules/hal_nordic/modules/hal_nordic/nrfx/libmodules__hal_nordic__nrfx.a(nrfx_gpiote.c.obj)
 .text.pin_in_event_get.isra.0
                0x00000000000045e0       0x20 modules/hal_nordic/modules/hal_nordic/nrfx/libmodules__hal_nordic__nrfx.a(nrfx_gpiote.c.obj)
 .text.pin_trigger_disable
                0x0000000000004600       0x40 modules/hal_nordic/modules/hal_nordic/nrfx/libmodules__hal_nordic__nrfx.a(nrfx_gpiote.c.obj)
 .text.pin_uninit
                0x0000000000004640       0x78 modules/hal_nordic/modules/hal_nordic/nrfx/libmodules__hal_nordic__nrfx.a(nrfx_gpiote.c.obj)
 .text.nrfx_gpiote_input_configure
                0x00000000000046b8      0x15c modules/hal_nordic/modules/hal_nordic/nrfx/libmodules__hal_nordic__nrfx.a(nrfx_gpiote.c.obj)
                0x00000000000046b8                nrfx_gpiote_input_configure
 .text.nrfx_gpiote_output_configure
                0x0000000000004814       0xf0 modules/hal_nordic/modules/hal_nordic/nrfx/libmodules__hal_nordic__nrfx.a(nrfx_gpiote.c.obj)
                0x0000000000004814                nrfx_gpiote_output_configure
 .text.nrfx_gpiote_global_callback_set
                0x0000000000004904        0xc modules/hal_nordic/modules/hal_nordic/nrfx/libmodules__hal_nordic__nrfx.a(nrfx_gpiote.c.obj)
                0x0000000000004904                nrfx_gpiote_global_callback_set
 .text.nrfx_gpiote_channel_get
                0x0000000000004910       0x24 modules/hal_nordic/modules/hal_nordic/nrfx/libmodules__hal_nordic__nrfx.a(nrfx_gpiote.c.obj)
                0x0000000000004910                nrfx_gpiote_channel_get
 .text.nrfx_gpiote_init
                0x0000000000004934       0x64 modules/hal_nordic/modules/hal_nordic/nrfx/libmodules__hal_nordic__nrfx.a(nrfx_gpiote.c.obj)
                0x0000000000004934                nrfx_gpiote_init
 .text.nrfx_gpiote_init_check
                0x0000000000004998       0x14 modules/hal_nordic/modules/hal_nordic/nrfx/libmodules__hal_nordic__nrfx.a(nrfx_gpiote.c.obj)
                0x0000000000004998                nrfx_gpiote_init_check
 .text.nrfx_gpiote_channel_free
                0x00000000000049ac        0xc modules/hal_nordic/modules/hal_nordic/nrfx/libmodules__hal_nordic__nrfx.a(nrfx_gpiote.c.obj)
                0x00000000000049ac                nrfx_gpiote_channel_free
 .text.nrfx_gpiote_channel_alloc
                0x00000000000049b8        0xc modules/hal_nordic/modules/hal_nordic/nrfx/libmodules__hal_nordic__nrfx.a(nrfx_gpiote.c.obj)
                0x00000000000049b8                nrfx_gpiote_channel_alloc
 .text.nrfx_gpiote_trigger_enable
                0x00000000000049c4       0x94 modules/hal_nordic/modules/hal_nordic/nrfx/libmodules__hal_nordic__nrfx.a(nrfx_gpiote.c.obj)
                0x00000000000049c4                nrfx_gpiote_trigger_enable
 .text.nrfx_gpiote_0_irq_handler
                0x0000000000004a58      0x15c modules/hal_nordic/modules/hal_nordic/nrfx/libmodules__hal_nordic__nrfx.a(nrfx_gpiote.c.obj)
                0x0000000000004a58                nrfx_gpiote_0_irq_handler
 .text.nvmc_readonly_mode_set
                0x0000000000004bb4       0x14 modules/hal_nordic/modules/hal_nordic/nrfx/libmodules__hal_nordic__nrfx.a(nrfx_nvmc.c.obj)
 .text.nvmc_word_write
                0x0000000000004bc8       0x18 modules/hal_nordic/modules/hal_nordic/nrfx/libmodules__hal_nordic__nrfx.a(nrfx_nvmc.c.obj)
 .text.nrfx_nvmc_page_erase
                0x0000000000004be0       0x3c modules/hal_nordic/modules/hal_nordic/nrfx/libmodules__hal_nordic__nrfx.a(nrfx_nvmc.c.obj)
                0x0000000000004be0                nrfx_nvmc_page_erase
 .text.nrfx_nvmc_word_write
                0x0000000000004c1c       0x20 modules/hal_nordic/modules/hal_nordic/nrfx/libmodules__hal_nordic__nrfx.a(nrfx_nvmc.c.obj)
                0x0000000000004c1c                nrfx_nvmc_word_write
 .text.nrf_gpio_pin_set
                0x0000000000004c3c       0x18 modules/hal_nordic/modules/hal_nordic/nrfx/libmodules__hal_nordic__nrfx.a(nrfx_spim.c.obj)
 .text.spim_frequency_valid_check.constprop.0
                0x0000000000004c54       0x50 modules/hal_nordic/modules/hal_nordic/nrfx/libmodules__hal_nordic__nrfx.a(nrfx_spim.c.obj)
 .text.spim_pin_uninit
                0x0000000000004ca4       0x38 modules/hal_nordic/modules/hal_nordic/nrfx/libmodules__hal_nordic__nrfx.a(nrfx_spim.c.obj)
 .text.nrf_gpio_pin_clear
                0x0000000000004cdc       0x18 modules/hal_nordic/modules/hal_nordic/nrfx/libmodules__hal_nordic__nrfx.a(nrfx_spim.c.obj)
 .text.pin_init.constprop.0
                0x0000000000004cf4       0x54 modules/hal_nordic/modules/hal_nordic/nrfx/libmodules__hal_nordic__nrfx.a(nrfx_spim.c.obj)
 .text.spim_configure
                0x0000000000004d48      0x164 modules/hal_nordic/modules/hal_nordic/nrfx/libmodules__hal_nordic__nrfx.a(nrfx_spim.c.obj)
 .text.nrfx_spim_init
                0x0000000000004eac       0x68 modules/hal_nordic/modules/hal_nordic/nrfx/libmodules__hal_nordic__nrfx.a(nrfx_spim.c.obj)
                0x0000000000004eac                nrfx_spim_init
 .text.nrfx_spim_uninit
                0x0000000000004f14       0x78 modules/hal_nordic/modules/hal_nordic/nrfx/libmodules__hal_nordic__nrfx.a(nrfx_spim.c.obj)
                0x0000000000004f14                nrfx_spim_uninit
 .text.nrfx_spim_xfer
                0x0000000000004f8c      0x168 modules/hal_nordic/modules/hal_nordic/nrfx/libmodules__hal_nordic__nrfx.a(nrfx_spim.c.obj)
                0x0000000000004f8c                nrfx_spim_xfer
 .text.nrfx_spim_3_irq_handler
                0x00000000000050f4       0x54 modules/hal_nordic/modules/hal_nordic/nrfx/libmodules__hal_nordic__nrfx.a(nrfx_spim.c.obj)
                0x00000000000050f4                nrfx_spim_3_irq_handler
 .text.twim_configure
                0x0000000000005148       0x40 modules/hal_nordic/modules/hal_nordic/nrfx/libmodules__hal_nordic__nrfx.a(nrfx_twim.c.obj)
 .text.pins_configure
                0x0000000000005188       0x60 modules/hal_nordic/modules/hal_nordic/nrfx/libmodules__hal_nordic__nrfx.a(nrfx_twim.c.obj)
 .text.nrfx_twim_init
                0x00000000000051e8       0x74 modules/hal_nordic/modules/hal_nordic/nrfx/libmodules__hal_nordic__nrfx.a(nrfx_twim.c.obj)
                0x00000000000051e8                nrfx_twim_init
 .text.nrfx_twim_enable
                0x000000000000525c       0x20 modules/hal_nordic/modules/hal_nordic/nrfx/libmodules__hal_nordic__nrfx.a(nrfx_twim.c.obj)
                0x000000000000525c                nrfx_twim_enable
 .text.nrfx_twim_disable
                0x000000000000527c       0x3c modules/hal_nordic/modules/hal_nordic/nrfx/libmodules__hal_nordic__nrfx.a(nrfx_twim.c.obj)
                0x000000000000527c                nrfx_twim_disable
 .text.nrfx_twim_xfer
                0x00000000000052b8      0x350 modules/hal_nordic/modules/hal_nordic/nrfx/libmodules__hal_nordic__nrfx.a(nrfx_twim.c.obj)
                0x00000000000052b8                nrfx_twim_xfer
 .text.nrfx_twim_2_irq_handler
                0x0000000000005608      0x188 modules/hal_nordic/modules/hal_nordic/nrfx/libmodules__hal_nordic__nrfx.a(nrfx_twim.c.obj)
                0x0000000000005608                nrfx_twim_2_irq_handler
 .text.nrf_gpio_pin_port_decode
                0x0000000000005790       0x18 modules/hal_nordic/modules/hal_nordic/nrfx/libmodules__hal_nordic__nrfx.a(nrfx_twi_twim.c.obj)
 .text.nrfx_twi_twim_bus_recover
                0x00000000000057a8       0xd4 modules/hal_nordic/modules/hal_nordic/nrfx/libmodules__hal_nordic__nrfx.a(nrfx_twi_twim.c.obj)
                0x00000000000057a8                nrfx_twi_twim_bus_recover
 .text.z_fatal_error
                0x000000000000587c       0x30 zephyr/kernel/libkernel.a(fatal.c.obj)
                0x000000000000587c                z_fatal_error
 .text.z_sys_init_run_level
                0x00000000000058ac       0x2c zephyr/kernel/libkernel.a(init.c.obj)
 .text.bg_thread_main
                0x00000000000058d8       0xc4 zephyr/kernel/libkernel.a(init.c.obj)
 .text.z_bss_zero
                0x000000000000599c       0x18 zephyr/kernel/libkernel.a(init.c.obj)
                0x000000000000599c                z_bss_zero
 .text.z_init_cpu
                0x00000000000059b4       0x68 zephyr/kernel/libkernel.a(init.c.obj)
                0x00000000000059b4                z_init_cpu
 .text.z_cstart
                0x0000000000005a1c       0xd4 zephyr/kernel/libkernel.a(init.c.obj)
                0x0000000000005a1c                z_cstart
 .text.init_mem_slab_obj_core_list
                0x0000000000005af0       0x24 zephyr/kernel/libkernel.a(mem_slab.c.obj)
 .text.k_mem_slab_alloc
                0x0000000000005b14       0x5c zephyr/kernel/libkernel.a(mem_slab.c.obj)
                0x0000000000005b14                k_mem_slab_alloc
 .text.z_impl_k_mutex_lock
                0x0000000000005b70       0xf0 zephyr/kernel/libkernel.a(mutex.c.obj)
                0x0000000000005b70                z_impl_k_mutex_lock
 .text.z_impl_k_mutex_unlock
                0x0000000000005c60       0xa0 zephyr/kernel/libkernel.a(mutex.c.obj)
                0x0000000000005c60                z_impl_k_mutex_unlock
 .text.z_impl_k_sem_give
                0x0000000000005d00       0x68 zephyr/kernel/libkernel.a(sem.c.obj)
                0x0000000000005d00                z_impl_k_sem_give
 .text.z_impl_k_sem_take
                0x0000000000005d68       0x4c zephyr/kernel/libkernel.a(sem.c.obj)
                0x0000000000005d68                z_impl_k_sem_take
 .text.z_impl_k_sem_reset
                0x0000000000005db4       0x60 zephyr/kernel/libkernel.a(sem.c.obj)
                0x0000000000005db4                z_impl_k_sem_reset
 .text.work_queue_main
                0x0000000000005e14      0x14c zephyr/kernel/libkernel.a(work.c.obj)
 .text.submit_to_queue_locked
                0x0000000000005f60       0xb4 zephyr/kernel/libkernel.a(work.c.obj)
 .text.k_work_submit
                0x0000000000006014        0xc zephyr/kernel/libkernel.a(work.c.obj)
                0x0000000000006014                k_work_submit
 .text.k_work_queue_start
                0x0000000000006020       0x7c zephyr/kernel/libkernel.a(work.c.obj)
                0x0000000000006020                k_work_queue_start
 .text.z_setup_new_thread
                0x000000000000609c       0x60 zephyr/kernel/libkernel.a(thread.c.obj)
                0x000000000000609c                z_setup_new_thread
 .text.z_impl_k_thread_create
                0x00000000000060fc       0x58 zephyr/kernel/libkernel.a(thread.c.obj)
                0x00000000000060fc                z_impl_k_thread_create
 .text.z_swap_irqlock
                0x0000000000006154       0x30 zephyr/kernel/libkernel.a(sched.c.obj)
 .text.ready_thread
                0x0000000000006184       0x90 zephyr/kernel/libkernel.a(sched.c.obj)
 .text.unready_thread
                0x0000000000006214       0x54 zephyr/kernel/libkernel.a(sched.c.obj)
 .text.move_thread_to_end_of_prio_q
                0x0000000000006268       0x90 zephyr/kernel/libkernel.a(sched.c.obj)
                0x0000000000006268                move_thread_to_end_of_prio_q
 .text.z_pend_curr
                0x00000000000062f8       0x58 zephyr/kernel/libkernel.a(sched.c.obj)
                0x00000000000062f8                z_pend_curr
 .text.z_thread_prio_set
                0x0000000000006350       0x9c zephyr/kernel/libkernel.a(sched.c.obj)
                0x0000000000006350                z_thread_prio_set
 .text.z_reschedule
                0x00000000000063ec       0x24 zephyr/kernel/libkernel.a(sched.c.obj)
                0x00000000000063ec                z_reschedule
 .text.z_reschedule_irqlock
                0x0000000000006410       0x28 zephyr/kernel/libkernel.a(sched.c.obj)
                0x0000000000006410                z_reschedule_irqlock
 .text.k_sched_lock
                0x0000000000006438       0x28 zephyr/kernel/libkernel.a(sched.c.obj)
                0x0000000000006438                k_sched_lock
 .text.k_sched_unlock
                0x0000000000006460       0x68 zephyr/kernel/libkernel.a(sched.c.obj)
                0x0000000000006460                k_sched_unlock
 .text.z_sched_init
                0x00000000000064c8       0x10 zephyr/kernel/libkernel.a(sched.c.obj)
                0x00000000000064c8                z_sched_init
 .text.z_impl_k_yield
                0x00000000000064d8       0x88 zephyr/kernel/libkernel.a(sched.c.obj)
                0x00000000000064d8                z_impl_k_yield
 .text.z_tick_sleep
                0x0000000000006560       0x80 zephyr/kernel/libkernel.a(sched.c.obj)
 .text.z_impl_k_wakeup
                0x00000000000065e0       0x4c zephyr/kernel/libkernel.a(sched.c.obj)
                0x00000000000065e0                z_impl_k_wakeup
 .text.z_impl_k_sched_current_thread_query
                0x000000000000662c        0xc zephyr/kernel/libkernel.a(sched.c.obj)
                0x000000000000662c                z_impl_k_sched_current_thread_query
 .text.z_thread_abort
                0x0000000000006638      0x114 zephyr/kernel/libkernel.a(sched.c.obj)
                0x0000000000006638                z_thread_abort
 .text.z_sched_wait
                0x000000000000674c       0x24 zephyr/kernel/libkernel.a(sched.c.obj)
                0x000000000000674c                z_sched_wait
 .text.slice_timeout
                0x0000000000006770       0x20 zephyr/kernel/libkernel.a(timeslicing.c.obj)
 .text.thread_is_sliceable
                0x0000000000006790       0x3c zephyr/kernel/libkernel.a(timeslicing.c.obj)
                0x0000000000006790                thread_is_sliceable
 .text.z_reset_time_slice
                0x00000000000067cc       0x50 zephyr/kernel/libkernel.a(timeslicing.c.obj)
                0x00000000000067cc                z_reset_time_slice
 .text.z_time_slice
                0x000000000000681c       0x60 zephyr/kernel/libkernel.a(timeslicing.c.obj)
                0x000000000000681c                z_time_slice
 .text.z_data_copy
                0x000000000000687c       0x38 zephyr/kernel/libkernel.a(xip.c.obj)
                0x000000000000687c                z_data_copy
 .text.first    0x00000000000068b4       0x10 zephyr/kernel/libkernel.a(timeout.c.obj)
 .text.elapsed  0x00000000000068c4       0x14 zephyr/kernel/libkernel.a(timeout.c.obj)
 .text.remove_timeout
                0x00000000000068d8       0x38 zephyr/kernel/libkernel.a(timeout.c.obj)
 .text.z_add_timeout
                0x0000000000006910       0xec zephyr/kernel/libkernel.a(timeout.c.obj)
                0x0000000000006910                z_add_timeout
 .text.sys_clock_announce
                0x00000000000069fc       0xb0 zephyr/kernel/libkernel.a(timeout.c.obj)
                0x00000000000069fc                sys_clock_announce
 .text.sys_clock_tick_get
                0x0000000000006aac       0x30 zephyr/kernel/libkernel.a(timeout.c.obj)
                0x0000000000006aac                sys_clock_tick_get
 .text.k_sys_work_q_init
                0x0000000000006adc       0x34 zephyr/kernel/libkernel.a(system_work_q.c.obj)
 .text.nrf_cc3xx_platform_init_no_rng
                0x0000000000006b10       0x38 /home/turbo/airtime2/nrfxlib/crypto/nrf_cc310_platform/lib/cortex-m33/hard-float/no-interrupts/libnrf_cc310_platform_0.9.19.a(nrf_cc3xx_platform.c.obj)
                0x0000000000006b10                nrf_cc3xx_platform_init_no_rng
 .text.nrf_cc3xx_platform_abort
                0x0000000000006b48       0x24 /home/turbo/airtime2/nrfxlib/crypto/nrf_cc310_platform/lib/cortex-m33/hard-float/no-interrupts/libnrf_cc310_platform_0.9.19.a(nrf_cc3xx_platform_abort.c.obj)
 .text.CC_PalAbort
                0x0000000000006b6c       0x34 /home/turbo/airtime2/nrfxlib/crypto/nrf_cc310_platform/lib/cortex-m33/hard-float/no-interrupts/libnrf_cc310_platform_0.9.19.a(nrf_cc3xx_platform_abort.c.obj)
                0x0000000000006b6c                CC_PalAbort
 .text.nrf_cc3xx_platform_set_abort
                0x0000000000006ba0       0x10 /home/turbo/airtime2/nrfxlib/crypto/nrf_cc310_platform/lib/cortex-m33/hard-float/no-interrupts/libnrf_cc310_platform_0.9.19.a(nrf_cc3xx_platform_abort.c.obj)
                0x0000000000006ba0                nrf_cc3xx_platform_set_abort
 .text.mutex_free
                0x0000000000006bb0       0x34 /home/turbo/airtime2/nrfxlib/crypto/nrf_cc310_platform/lib/cortex-m33/hard-float/no-interrupts/libnrf_cc310_platform_0.9.19.a(nrf_cc3xx_platform_mutex.c.obj)
 .text.mutex_lock
                0x0000000000006be4       0x48 /home/turbo/airtime2/nrfxlib/crypto/nrf_cc310_platform/lib/cortex-m33/hard-float/no-interrupts/libnrf_cc310_platform_0.9.19.a(nrf_cc3xx_platform_mutex.c.obj)
 .text.mutex_unlock
                0x0000000000006c2c       0x38 /home/turbo/airtime2/nrfxlib/crypto/nrf_cc310_platform/lib/cortex-m33/hard-float/no-interrupts/libnrf_cc310_platform_0.9.19.a(nrf_cc3xx_platform_mutex.c.obj)
 .text.mutex_init
                0x0000000000006c64       0x20 /home/turbo/airtime2/nrfxlib/crypto/nrf_cc310_platform/lib/cortex-m33/hard-float/no-interrupts/libnrf_cc310_platform_0.9.19.a(nrf_cc3xx_platform_mutex.c.obj)
 .text.nrf_cc3xx_platform_set_mutexes
                0x0000000000006c84       0x74 /home/turbo/airtime2/nrfxlib/crypto/nrf_cc310_platform/lib/cortex-m33/hard-float/no-interrupts/libnrf_cc310_platform_0.9.19.a(nrf_cc3xx_platform_mutex.c.obj)
                0x0000000000006c84                nrf_cc3xx_platform_set_mutexes
 .text.CC_LibInitNoRng
                0x0000000000006cf8       0x64 /home/turbo/airtime2/nrfxlib/crypto/nrf_cc310_platform/lib/cortex-m33/hard-float/no-interrupts/libnrf_cc310_platform_0.9.19.a(cc_lib.c.obj)
                0x0000000000006cf8                CC_LibInitNoRng
 .text.CC_HalInit
                0x0000000000006d5c        0x4 /home/turbo/airtime2/nrfxlib/crypto/nrf_cc310_platform/lib/cortex-m33/hard-float/no-interrupts/libnrf_cc310_platform_0.9.19.a(cc_hal.c.obj)
                0x0000000000006d5c                CC_HalInit
 .text.CC_HalTerminate
                0x0000000000006d60        0x4 /home/turbo/airtime2/nrfxlib/crypto/nrf_cc310_platform/lib/cortex-m33/hard-float/no-interrupts/libnrf_cc310_platform_0.9.19.a(cc_hal.c.obj)
                0x0000000000006d60                CC_HalTerminate
 .text.CC_HalMaskInterrupt
                0x0000000000006d64        0xc /home/turbo/airtime2/nrfxlib/crypto/nrf_cc310_platform/lib/cortex-m33/hard-float/no-interrupts/libnrf_cc310_platform_0.9.19.a(cc_hal.c.obj)
                0x0000000000006d64                CC_HalMaskInterrupt
 .text.CC_PalInit
                0x0000000000006d70       0x5c /home/turbo/airtime2/nrfxlib/crypto/nrf_cc310_platform/lib/cortex-m33/hard-float/no-interrupts/libnrf_cc310_platform_0.9.19.a(cc_pal.c.obj)
                0x0000000000006d70                CC_PalInit
 .text.CC_PalTerminate
                0x0000000000006dcc       0x34 /home/turbo/airtime2/nrfxlib/crypto/nrf_cc310_platform/lib/cortex-m33/hard-float/no-interrupts/libnrf_cc310_platform_0.9.19.a(cc_pal.c.obj)
                0x0000000000006dcc                CC_PalTerminate
 .text.CC_PalDmaInit
                0x0000000000006e00        0x4 /home/turbo/airtime2/nrfxlib/crypto/nrf_cc310_platform/lib/cortex-m33/hard-float/no-interrupts/libnrf_cc310_platform_0.9.19.a(cc_pal_dma.c.obj)
                0x0000000000006e00                CC_PalDmaInit
 .text.CC_PalDmaTerminate
                0x0000000000006e04        0x4 /home/turbo/airtime2/nrfxlib/crypto/nrf_cc310_platform/lib/cortex-m33/hard-float/no-interrupts/libnrf_cc310_platform_0.9.19.a(cc_pal_dma.c.obj)
                0x0000000000006e04                CC_PalDmaTerminate
 .text.CC_PalMutexCreate
                0x0000000000006e08       0x14 /home/turbo/airtime2/nrfxlib/crypto/nrf_cc310_platform/lib/cortex-m33/hard-float/no-interrupts/libnrf_cc310_platform_0.9.19.a(cc_pal_mutex.c.obj)
                0x0000000000006e08                CC_PalMutexCreate
 .text.CC_PalMutexDestroy
                0x0000000000006e1c       0x14 /home/turbo/airtime2/nrfxlib/crypto/nrf_cc310_platform/lib/cortex-m33/hard-float/no-interrupts/libnrf_cc310_platform_0.9.19.a(cc_pal_mutex.c.obj)
                0x0000000000006e1c                CC_PalMutexDestroy
 .text.CC_PalPowerSaveModeInit
                0x0000000000006e30       0x3c /home/turbo/airtime2/nrfxlib/crypto/nrf_cc310_platform/lib/cortex-m33/hard-float/no-interrupts/libnrf_cc310_platform_0.9.19.a(cc_pal_pm.c.obj)
                0x0000000000006e30                CC_PalPowerSaveModeInit
 .text.CC_PalPowerSaveModeSelect
                0x0000000000006e6c       0x84 /home/turbo/airtime2/nrfxlib/crypto/nrf_cc310_platform/lib/cortex-m33/hard-float/no-interrupts/libnrf_cc310_platform_0.9.19.a(cc_pal_pm.c.obj)
                0x0000000000006e6c                CC_PalPowerSaveModeSelect
 .text.verify_context_ecdsa_verify_secp256r1
                0x0000000000006ef0       0x20 /home/turbo/airtime2/nrfxlib/crypto/nrf_cc310_bl/lib/cortex-m33/hard-float/no-interrupts/libnrf_cc310_bl_0.9.12.a(nrf_cc310_bl_ecdsa_verify_secp256r1.c.obj)
 .text.nrf_cc310_bl_ecdsa_verify_init_secp256r1
                0x0000000000006f10       0x4c /home/turbo/airtime2/nrfxlib/crypto/nrf_cc310_bl/lib/cortex-m33/hard-float/no-interrupts/libnrf_cc310_bl_0.9.12.a(nrf_cc310_bl_ecdsa_verify_secp256r1.c.obj)
                0x0000000000006f10                nrf_cc310_bl_ecdsa_verify_init_secp256r1
 .text.nrf_cc310_bl_ecdsa_verify_hash_secp256r1
                0x0000000000006f5c      0x168 /home/turbo/airtime2/nrfxlib/crypto/nrf_cc310_bl/lib/cortex-m33/hard-float/no-interrupts/libnrf_cc310_bl_0.9.12.a(nrf_cc310_bl_ecdsa_verify_secp256r1.c.obj)
                0x0000000000006f5c                nrf_cc310_bl_ecdsa_verify_hash_secp256r1
 .text.set_digest_in_hw_sha256
                0x00000000000070c4       0x38 /home/turbo/airtime2/nrfxlib/crypto/nrf_cc310_bl/lib/cortex-m33/hard-float/no-interrupts/libnrf_cc310_bl_0.9.12.a(nrf_cc310_bl_hash_sha256.c.obj)
 .text.read_digest_in_hw_sha256
                0x00000000000070fc       0x54 /home/turbo/airtime2/nrfxlib/crypto/nrf_cc310_bl/lib/cortex-m33/hard-float/no-interrupts/libnrf_cc310_bl_0.9.12.a(nrf_cc310_bl_hash_sha256.c.obj)
 .text.verify_context_hash_sha256
                0x0000000000007150       0x20 /home/turbo/airtime2/nrfxlib/crypto/nrf_cc310_bl/lib/cortex-m33/hard-float/no-interrupts/libnrf_cc310_bl_0.9.12.a(nrf_cc310_bl_hash_sha256.c.obj)
 .text.nrf_cc310_bl_hash_sha256_init
                0x0000000000007170       0x34 /home/turbo/airtime2/nrfxlib/crypto/nrf_cc310_bl/lib/cortex-m33/hard-float/no-interrupts/libnrf_cc310_bl_0.9.12.a(nrf_cc310_bl_hash_sha256.c.obj)
                0x0000000000007170                nrf_cc310_bl_hash_sha256_init
 .text.nrf_cc310_bl_hash_sha256_update
                0x00000000000071a4       0xb0 /home/turbo/airtime2/nrfxlib/crypto/nrf_cc310_bl/lib/cortex-m33/hard-float/no-interrupts/libnrf_cc310_bl_0.9.12.a(nrf_cc310_bl_hash_sha256.c.obj)
                0x00000000000071a4                nrf_cc310_bl_hash_sha256_update
 .text.nrf_cc310_bl_hash_sha256_finalize
                0x0000000000007254       0x60 /home/turbo/airtime2/nrfxlib/crypto/nrf_cc310_bl/lib/cortex-m33/hard-float/no-interrupts/libnrf_cc310_bl_0.9.12.a(nrf_cc310_bl_hash_sha256.c.obj)
                0x0000000000007254                nrf_cc310_bl_hash_sha256_finalize
 .text.nrf_cc310_bl_init
                0x00000000000072b4       0x34 /home/turbo/airtime2/nrfxlib/crypto/nrf_cc310_bl/lib/cortex-m33/hard-float/no-interrupts/libnrf_cc310_bl_0.9.12.a(nrf_cc310_bl_init.c.obj)
                0x00000000000072b4                nrf_cc310_bl_init
 .text.PkaSetRegsMapTab
                0x00000000000072e8       0x48 /home/turbo/airtime2/nrfxlib/crypto/nrf_cc310_bl/lib/cortex-m33/hard-float/no-interrupts/libnrf_cc310_bl_0.9.12.a(pka.c.obj)
                0x00000000000072e8                PkaSetRegsMapTab
 .text.PkaGetRegEffectiveSizeInBits
                0x0000000000007330       0x8c /home/turbo/airtime2/nrfxlib/crypto/nrf_cc310_bl/lib/cortex-m33/hard-float/no-interrupts/libnrf_cc310_bl_0.9.12.a(pka.c.obj)
                0x0000000000007330                PkaGetRegEffectiveSizeInBits
 .text.PkaGetNextMsBit
                0x00000000000073bc       0x7c /home/turbo/airtime2/nrfxlib/crypto/nrf_cc310_bl/lib/cortex-m33/hard-float/no-interrupts/libnrf_cc310_bl_0.9.12.a(pka.c.obj)
                0x00000000000073bc                PkaGetNextMsBit
 .text.PkaSetRegsSizesTab
                0x0000000000007438       0x3c /home/turbo/airtime2/nrfxlib/crypto/nrf_cc310_bl/lib/cortex-m33/hard-float/no-interrupts/libnrf_cc310_bl_0.9.12.a(pka.c.obj)
                0x0000000000007438                PkaSetRegsSizesTab
 .text.PkaInitPka
                0x0000000000007474       0x74 /home/turbo/airtime2/nrfxlib/crypto/nrf_cc310_bl/lib/cortex-m33/hard-float/no-interrupts/libnrf_cc310_bl_0.9.12.a(pka.c.obj)
                0x0000000000007474                PkaInitPka
 .text.PkaClearBlockOfRegs
                0x00000000000074e8      0x134 /home/turbo/airtime2/nrfxlib/crypto/nrf_cc310_bl/lib/cortex-m33/hard-float/no-interrupts/libnrf_cc310_bl_0.9.12.a(pka.c.obj)
                0x00000000000074e8                PkaClearBlockOfRegs
 .text.PkaFinishAndMutexUnlock
                0x000000000000761c       0x24 /home/turbo/airtime2/nrfxlib/crypto/nrf_cc310_bl/lib/cortex-m33/hard-float/no-interrupts/libnrf_cc310_bl_0.9.12.a(pka.c.obj)
                0x000000000000761c                PkaFinishAndMutexUnlock
 .text.PkaCopyDataIntoPkaReg
                0x0000000000007640       0xb8 /home/turbo/airtime2/nrfxlib/crypto/nrf_cc310_bl/lib/cortex-m33/hard-float/no-interrupts/libnrf_cc310_bl_0.9.12.a(pka.c.obj)
                0x0000000000007640                PkaCopyDataIntoPkaReg
 .text.PkaEcdsaVerify
                0x00000000000076f8      0x284 /home/turbo/airtime2/nrfxlib/crypto/nrf_cc310_bl/lib/cortex-m33/hard-float/no-interrupts/libnrf_cc310_bl_0.9.12.a(pka_ec_wrst_dsa_verify.c.obj)
                0x00000000000076f8                PkaEcdsaVerify
 .text.nrf_cc310_bl_hash_update_internal
                0x000000000000797c       0xf0 /home/turbo/airtime2/nrfxlib/crypto/nrf_cc310_bl/lib/cortex-m33/hard-float/no-interrupts/libnrf_cc310_bl_0.9.12.a(nrf_cc310_bl_hash.c.obj)
                0x000000000000797c                nrf_cc310_bl_hash_update_internal
 .text.PkaDoubleMdf2Mdf
                0x0000000000007a6c      0x1ac /home/turbo/airtime2/nrfxlib/crypto/nrf_cc310_bl/lib/cortex-m33/hard-float/no-interrupts/libnrf_cc310_bl_0.9.12.a(pka_ec_wrst.c.obj)
                0x0000000000007a6c                PkaDoubleMdf2Mdf
 .text.PkaDoubleMdf2Jcb
                0x0000000000007c18      0x178 /home/turbo/airtime2/nrfxlib/crypto/nrf_cc310_bl/lib/cortex-m33/hard-float/no-interrupts/libnrf_cc310_bl_0.9.12.a(pka_ec_wrst.c.obj)
                0x0000000000007c18                PkaDoubleMdf2Jcb
 .text.PkaAddJcbAfn2Mdf
                0x0000000000007d90      0x194 /home/turbo/airtime2/nrfxlib/crypto/nrf_cc310_bl/lib/cortex-m33/hard-float/no-interrupts/libnrf_cc310_bl_0.9.12.a(pka_ec_wrst.c.obj)
                0x0000000000007d90                PkaAddJcbAfn2Mdf
 .text.PkaJcb2Afn
                0x0000000000007f24       0xb0 /home/turbo/airtime2/nrfxlib/crypto/nrf_cc310_bl/lib/cortex-m33/hard-float/no-interrupts/libnrf_cc310_bl_0.9.12.a(pka_ec_wrst.c.obj)
                0x0000000000007f24                PkaJcb2Afn
 .text.PkaAddAff
                0x0000000000007fd4      0x114 /home/turbo/airtime2/nrfxlib/crypto/nrf_cc310_bl/lib/cortex-m33/hard-float/no-interrupts/libnrf_cc310_bl_0.9.12.a(pka_ec_wrst.c.obj)
                0x0000000000007fd4                PkaAddAff
 .text.PkaSum2ScalarMullt
                0x00000000000080e8      0x1e4 /home/turbo/airtime2/nrfxlib/crypto/nrf_cc310_bl/lib/cortex-m33/hard-float/no-interrupts/libnrf_cc310_bl_0.9.12.a(pka_ec_wrst.c.obj)
                0x00000000000080e8                PkaSum2ScalarMullt
 .text.SaSi_HalClearInterruptBit
                0x00000000000082cc        0xc /home/turbo/airtime2/nrfxlib/crypto/nrf_cc310_bl/lib/cortex-m33/hard-float/no-interrupts/libnrf_cc310_bl_0.9.12.a(ssi_hal.c.obj)
                0x00000000000082cc                SaSi_HalClearInterruptBit
 .text.SaSi_HalMaskInterrupt
                0x00000000000082d8        0xc /home/turbo/airtime2/nrfxlib/crypto/nrf_cc310_bl/lib/cortex-m33/hard-float/no-interrupts/libnrf_cc310_bl_0.9.12.a(ssi_hal.c.obj)
                0x00000000000082d8                SaSi_HalMaskInterrupt
 .text.SaSi_HalWaitInterrupt
                0x00000000000082e4       0x18 /home/turbo/airtime2/nrfxlib/crypto/nrf_cc310_bl/lib/cortex-m33/hard-float/no-interrupts/libnrf_cc310_bl_0.9.12.a(ssi_hal.c.obj)
                0x00000000000082e4                SaSi_HalWaitInterrupt
 .text._OffsetAbsSyms
                0x00000000000082fc        0x2 zephyr/CMakeFiles/offsets.dir/./arch/arm/core/offsets/offsets.c.obj
                0x00000000000082fc                _OffsetAbsSyms
 .text.flash_area_get_device_id
                0x00000000000082fe        0x4 app/libapp.a(flash_map_extended.c.obj)
                0x00000000000082fe                flash_area_get_device_id
 .text.flash_area_get_sector
                0x0000000000008302       0x32 app/libapp.a(flash_map_extended.c.obj)
                0x0000000000008302                flash_area_get_sector
 .text.os_heap_init
                0x0000000000008334        0x2 app/libapp.a(os.c.obj)
                0x0000000000008334                os_heap_init
 .text.bootutil_tlv_iter_begin
                0x0000000000008336       0x9c app/libapp.a(tlv.c.obj)
                0x0000000000008336                bootutil_tlv_iter_begin
 .text.bootutil_tlv_iter_next
                0x00000000000083d2       0x98 app/libapp.a(tlv.c.obj)
                0x00000000000083d2                bootutil_tlv_iter_next
 .text.bootutil_tlv_iter_is_prot
                0x000000000000846a       0x1c app/libapp.a(tlv.c.obj)
                0x000000000000846a                bootutil_tlv_iter_is_prot
 .text.bootutil_read_bigint
                0x0000000000008486       0x58 app/libapp.a(image_ecdsa.c.obj)
 .text.boot_trailer_sz
                0x00000000000084de        0xa app/libapp.a(bootutil_misc.c.obj)
                0x00000000000084de                boot_trailer_sz
 .text.boot_status_off
                0x00000000000084e8       0x16 app/libapp.a(bootutil_misc.c.obj)
                0x00000000000084e8                boot_status_off
 .text.boot_read_swap_size
                0x00000000000084fe       0x1c app/libapp.a(bootutil_misc.c.obj)
                0x00000000000084fe                boot_read_swap_size
 .text.boot_write_swap_size
                0x000000000000851a       0x1e app/libapp.a(bootutil_misc.c.obj)
                0x000000000000851a                boot_write_swap_size
 .text.boot_read_image_size
                0x0000000000008538       0x90 app/libapp.a(bootutil_misc.c.obj)
                0x0000000000008538                boot_read_image_size
 .text.fih_panic_loop
                0x00000000000085c8       0x26 app/libapp.a(fault_injection_hardening.c.obj)
                0x00000000000085c8                fih_panic_loop
 .text.boot_read_image_headers
                0x00000000000085ee       0x2c app/libapp.a(loader.c.obj)
 .text.boot_read_sectors
                0x000000000000861a       0x44 app/libapp.a(loader.c.obj)
 .text.boot_status_reset
                0x000000000000865e       0x12 app/libapp.a(loader.c.obj)
                0x000000000000865e                boot_status_reset
 .text.boot_status_is_reset
                0x0000000000008670       0x1a app/libapp.a(loader.c.obj)
                0x0000000000008670                boot_status_is_reset
 .text.boot_write_status
                0x000000000000868a       0x64 app/libapp.a(loader.c.obj)
                0x000000000000868a                boot_write_status
 .text.boot_erase_region
                0x00000000000086ee        0x4 app/libapp.a(loader.c.obj)
                0x00000000000086ee                boot_erase_region
 .text.swap_erase_trailer_sectors
                0x00000000000086f2       0x5a app/libapp.a(swap_misc.c.obj)
                0x00000000000086f2                swap_erase_trailer_sectors
 .text.swap_status_init
                0x000000000000874c       0x3e app/libapp.a(swap_misc.c.obj)
                0x000000000000874c                swap_status_init
 .text.swap_read_status
                0x000000000000878a       0x7a app/libapp.a(swap_misc.c.obj)
                0x000000000000878a                swap_read_status
 .text.app_max_sectors
                0x0000000000008804       0x22 app/libapp.a(swap_move.c.obj)
 .text.find_last_idx
                0x0000000000008826       0x14 app/libapp.a(swap_move.c.obj)
                0x0000000000008826                find_last_idx
 .text.boot_status_internal_off
                0x000000000000883a       0x26 app/libapp.a(swap_move.c.obj)
                0x000000000000883a                boot_status_internal_off
 .text.mbedtls_asn1_get_len
                0x0000000000008860       0x98 app/libapp.a(asn1parse.c.obj)
                0x0000000000008860                mbedtls_asn1_get_len
 .text.mbedtls_asn1_get_tag
                0x00000000000088f8       0x28 app/libapp.a(asn1parse.c.obj)
                0x00000000000088f8                mbedtls_asn1_get_tag
 .text.mbedtls_asn1_get_bitstring_null
                0x0000000000008920       0x28 app/libapp.a(asn1parse.c.obj)
                0x0000000000008920                mbedtls_asn1_get_bitstring_null
 .text.mbedtls_asn1_get_alg
                0x0000000000008948       0x94 app/libapp.a(asn1parse.c.obj)
                0x0000000000008948                mbedtls_asn1_get_alg
 .text.cc310_sha256_update
                0x00000000000089dc       0x36 app/libapp.a(cc310_glue.c.obj)
                0x00000000000089dc                cc310_sha256_update
 .text.swap_write_block_size_check
                0x0000000000008a12       0x1c app/libapp.a(flash_check.c.obj)
                0x0000000000008a12                swap_write_block_size_check
 .text.arch_printk_char_out
                0x0000000000008a2e        0x4 zephyr/libzephyr.a(printk.c.obj)
                0x0000000000008a2e                arch_printk_char_out
 .text.printk   0x0000000000008a32       0x1a zephyr/libzephyr.a(printk.c.obj)
                0x0000000000008a32                printk
 .text.z_thread_entry
                0x0000000000008a4c       0x14 zephyr/libzephyr.a(thread_entry.c.obj)
                0x0000000000008a4c                z_thread_entry
 .text.process_recheck
                0x0000000000008a60       0x38 zephyr/libzephyr.a(onoff.c.obj)
 .text.validate_args
                0x0000000000008a98       0x20 zephyr/libzephyr.a(onoff.c.obj)
 .text.notify_one
                0x0000000000008ab8       0x2c zephyr/libzephyr.a(onoff.c.obj)
 .text.transition_complete
                0x0000000000008ae4       0x1c zephyr/libzephyr.a(onoff.c.obj)
 .text.onoff_manager_init
                0x0000000000008b00       0x26 zephyr/libzephyr.a(onoff.c.obj)
                0x0000000000008b00                onoff_manager_init
 .text.onoff_request
                0x0000000000008b26       0xae zephyr/libzephyr.a(onoff.c.obj)
                0x0000000000008b26                onoff_request
 .text.sys_notify_validate
                0x0000000000008bd4       0x22 zephyr/libzephyr.a(notify.c.obj)
                0x0000000000008bd4                sys_notify_validate
 .text.sys_notify_finalize
                0x0000000000008bf6       0x1a zephyr/libzephyr.a(notify.c.obj)
                0x0000000000008bf6                sys_notify_finalize
 .text._ConfigAbsSyms
                0x0000000000008c10        0x2 zephyr/libzephyr.a(configs.c.obj)
                0x0000000000008c10                _ConfigAbsSyms
 .text.z_log_minimal_printk
                0x0000000000008c12       0x1a zephyr/libzephyr.a(log_minimal.c.obj)
                0x0000000000008c12                z_log_minimal_printk
 .text.flash_area_close
                0x0000000000008c2c        0x2 zephyr/libzephyr.a(flash_map.c.obj)
                0x0000000000008c2c                flash_area_close
 .text.flash_area_read
                0x0000000000008c2e       0x2a zephyr/libzephyr.a(flash_map.c.obj)
                0x0000000000008c2e                flash_area_read
 .text.flash_area_write
                0x0000000000008c58       0x2a zephyr/libzephyr.a(flash_map.c.obj)
                0x0000000000008c58                flash_area_write
 .text.flash_area_erase
                0x0000000000008c82       0x34 zephyr/libzephyr.a(flash_map.c.obj)
                0x0000000000008c82                flash_area_erase
 .text.flash_area_align
                0x0000000000008cb6        0xe zephyr/libzephyr.a(flash_map.c.obj)
                0x0000000000008cb6                flash_area_align
 .text.flash_area_erased_val
                0x0000000000008cc4        0xe zephyr/libzephyr.a(flash_map.c.obj)
                0x0000000000008cc4                flash_area_erased_val
 .text.get_sectors_cb
                0x0000000000008cd2       0x44 zephyr/libzephyr.a(flash_map_layout.c.obj)
 .text.flash_area_get_sectors
                0x0000000000008d16       0x32 zephyr/libzephyr.a(flash_map_layout.c.obj)
                0x0000000000008d16                flash_area_get_sectors
 .text.abort_function
                0x0000000000008d48        0x2 zephyr/libzephyr.a(nrf_cc3xx_platform_abort_zephyr.c.obj)
 .text.z_arm_fatal_error
                0x0000000000008d4a        0xc zephyr/arch/arch/arm/core/libarch__arm__core.a(fatal.c.obj)
                0x0000000000008d4a                z_arm_fatal_error
 .text.z_do_kernel_oops
                0x0000000000008d56        0x8 zephyr/arch/arch/arm/core/libarch__arm__core.a(fatal.c.obj)
                0x0000000000008d56                z_do_kernel_oops
 .text.z_arm_nmi
                0x0000000000008d5e        0xe zephyr/arch/arch/arm/core/libarch__arm__core.a(nmi.c.obj)
                0x0000000000008d5e                z_arm_nmi
 .text.z_irq_spurious
                0x0000000000008d6c        0x8 zephyr/arch/arch/arm/core/cortex_m/libarch__arm__core__cortex_m.a(irq_manage.c.obj)
                0x0000000000008d6c                z_irq_spurious
 .text.configure_builtin_stack_guard
                0x0000000000008d74        0x8 zephyr/arch/arch/arm/core/cortex_m/libarch__arm__core__cortex_m.a(thread.c.obj)
                0x0000000000008d74                configure_builtin_stack_guard
 .text.arch_irq_unlock_outlined
                0x0000000000008d7c        0xe zephyr/arch/arch/arm/core/cortex_m/libarch__arm__core__cortex_m.a(thread.c.obj)
                0x0000000000008d7c                arch_irq_unlock_outlined
 .text.arch_cpu_idle
                0x0000000000008d8a       0x1a zephyr/arch/arch/arm/core/cortex_m/libarch__arm__core__cortex_m.a(cpu_idle.c.obj)
                0x0000000000008d8a                arch_cpu_idle
 .text.arch_cpu_atomic_idle
                0x0000000000008da4       0x1e zephyr/arch/arch/arm/core/cortex_m/libarch__arm__core__cortex_m.a(cpu_idle.c.obj)
                0x0000000000008da4                arch_cpu_atomic_idle
 .text.strlen   0x0000000000008dc2        0xe zephyr/lib/libc/minimal/liblib__libc__minimal.a(string.c.obj)
                0x0000000000008dc2                strlen
 .text.memcmp   0x0000000000008dd0       0x20 zephyr/lib/libc/minimal/liblib__libc__minimal.a(string.c.obj)
                0x0000000000008dd0                memcmp
 .text.memcpy   0x0000000000008df0       0x16 zephyr/lib/libc/minimal/liblib__libc__minimal.a(string.c.obj)
                0x0000000000008df0                memcpy
 .text.memset   0x0000000000008e06       0x12 zephyr/lib/libc/minimal/liblib__libc__minimal.a(string.c.obj)
                0x0000000000008e06                memset
 .text.get_status
                0x0000000000008e18       0x12 zephyr/drivers/clock_control/libdrivers__clock_control.a(clock_control_nrf.c.obj)
 .text.stop     0x0000000000008e2a       0x50 zephyr/drivers/clock_control/libdrivers__clock_control.a(clock_control_nrf.c.obj)
 .text.api_stop
                0x0000000000008e7a        0x6 zephyr/drivers/clock_control/libdrivers__clock_control.a(clock_control_nrf.c.obj)
 .text.async_start
                0x0000000000008e80       0x5a zephyr/drivers/clock_control/libdrivers__clock_control.a(clock_control_nrf.c.obj)
 .text.api_start
                0x0000000000008eda        0xe zephyr/drivers/clock_control/libdrivers__clock_control.a(clock_control_nrf.c.obj)
 .text.onoff_started_callback
                0x0000000000008ee8       0x14 zephyr/drivers/clock_control/libdrivers__clock_control.a(clock_control_nrf.c.obj)
 .text.lfclk_start
                0x0000000000008efc        0x6 zephyr/drivers/clock_control/libdrivers__clock_control.a(clock_control_nrf.c.obj)
 .text.lfclk_stop
                0x0000000000008f02        0x6 zephyr/drivers/clock_control/libdrivers__clock_control.a(clock_control_nrf.c.obj)
 .text.blocking_start_callback
                0x0000000000008f08        0x6 zephyr/drivers/clock_control/libdrivers__clock_control.a(clock_control_nrf.c.obj)
 .text.flash_get_page_info
                0x0000000000008f0e       0x66 zephyr/drivers/flash/libdrivers__flash.a(flash_page_layout.c.obj)
 .text.z_impl_flash_get_page_info_by_offs
                0x0000000000008f74        0x8 zephyr/drivers/flash/libdrivers__flash.a(flash_page_layout.c.obj)
                0x0000000000008f74                z_impl_flash_get_page_info_by_offs
 .text.flash_page_foreach
                0x0000000000008f7c       0x58 zephyr/drivers/flash/libdrivers__flash.a(flash_page_layout.c.obj)
                0x0000000000008f7c                flash_page_foreach
 .text.flash_nrf_get_size
                0x0000000000008fd4       0x12 zephyr/drivers/flash/libdrivers__flash.a(soc_flash_nrf.c.obj)
 .text.is_regular_addr_valid
                0x0000000000008fe6       0x22 zephyr/drivers/flash/libdrivers__flash.a(soc_flash_nrf.c.obj)
 .text.flash_nrf_read
                0x0000000000009008       0x28 zephyr/drivers/flash/libdrivers__flash.a(soc_flash_nrf.c.obj)
 .text.spi_nor_pages_layout
                0x0000000000009030        0xc zephyr/drivers/flash/libdrivers__flash.a(spi_nor.c.obj)
 .text.flash_nor_get_size
                0x000000000000903c        0xc zephyr/drivers/flash/libdrivers__flash.a(spi_nor.c.obj)
 .text.release_device.isra.0
                0x0000000000009048        0x4 zephyr/drivers/flash/libdrivers__flash.a(spi_nor.c.obj)
 .text.acquire_device.isra.0
                0x000000000000904c        0xc zephyr/drivers/flash/libdrivers__flash.a(spi_nor.c.obj)
 .text.spi_nor_access
                0x0000000000009058       0x8e zephyr/drivers/flash/libdrivers__flash.a(spi_nor.c.obj)
 .text.spi_nor_write_protection_set
                0x00000000000090e6       0x3a zephyr/drivers/flash/libdrivers__flash.a(spi_nor.c.obj)
 .text.spi_nor_rdsr
                0x0000000000009120       0x22 zephyr/drivers/flash/libdrivers__flash.a(spi_nor.c.obj)
 .text.spi_nor_wait_until_ready
                0x0000000000009142       0x3a zephyr/drivers/flash/libdrivers__flash.a(spi_nor.c.obj)
 .text.spi_nor_write
                0x000000000000917c       0xd2 zephyr/drivers/flash/libdrivers__flash.a(spi_nor.c.obj)
 .text.spi_nor_read
                0x000000000000924e       0x40 zephyr/drivers/flash/libdrivers__flash.a(spi_nor.c.obj)
 .text.exit_dpd
                0x000000000000928e       0x9e zephyr/drivers/flash/libdrivers__flash.a(spi_nor.c.obj)
 .text.spi_nor_init
                0x000000000000932c      0x200 zephyr/drivers/flash/libdrivers__flash.a(spi_nor.c.obj)
 .text.gpio_npm1300_port_set_masked_raw
                0x000000000000952c       0x38 zephyr/drivers/gpio/libdrivers__gpio.a(gpio_npm1300.c.obj)
 .text.gpio_npm1300_port_clear_bits_raw
                0x0000000000009564        0x6 zephyr/drivers/gpio/libdrivers__gpio.a(gpio_npm1300.c.obj)
 .text.gpio_npm1300_port_set_bits_raw
                0x000000000000956a        0x6 zephyr/drivers/gpio/libdrivers__gpio.a(gpio_npm1300.c.obj)
 .text.gpio_npm1300_port_get_raw
                0x0000000000009570       0x24 zephyr/drivers/gpio/libdrivers__gpio.a(gpio_npm1300.c.obj)
 .text.gpio_npm1300_port_toggle_bits
                0x0000000000009594       0x26 zephyr/drivers/gpio/libdrivers__gpio.a(gpio_npm1300.c.obj)
 .text.gpio_npm1300_configure
                0x00000000000095ba       0xca zephyr/drivers/gpio/libdrivers__gpio.a(gpio_npm1300.c.obj)
 .text.gpio_npm1300_init
                0x0000000000009684       0x16 zephyr/drivers/gpio/libdrivers__gpio.a(gpio_npm1300.c.obj)
 .text.gpio_nrfx_port_get_raw
                0x000000000000969a        0xc zephyr/drivers/gpio/libdrivers__gpio.a(gpio_nrfx.c.obj)
 .text.gpio_nrfx_port_set_masked_raw
                0x00000000000096a6       0x14 zephyr/drivers/gpio/libdrivers__gpio.a(gpio_nrfx.c.obj)
 .text.gpio_nrfx_port_set_bits_raw
                0x00000000000096ba        0xa zephyr/drivers/gpio/libdrivers__gpio.a(gpio_nrfx.c.obj)
 .text.gpio_nrfx_port_clear_bits_raw
                0x00000000000096c4        0xa zephyr/drivers/gpio/libdrivers__gpio.a(gpio_nrfx.c.obj)
 .text.gpio_nrfx_port_toggle_bits
                0x00000000000096ce       0x14 zephyr/drivers/gpio/libdrivers__gpio.a(gpio_nrfx.c.obj)
 .text.gpio_nrfx_manage_callback
                0x00000000000096e2       0x52 zephyr/drivers/gpio/libdrivers__gpio.a(gpio_nrfx.c.obj)
 .text.irq_connect2
                0x0000000000009734        0xa zephyr/drivers/i2c/libdrivers__i2c.a(i2c_nrfx_twim.c.obj)
 .text.i2c_nrfx_twim_init
                0x000000000000973e       0x26 zephyr/drivers/i2c/libdrivers__i2c.a(i2c_nrfx_twim.c.obj)
 .text.i2c_nrfx_twim_exclusive_access_acquire
                0x0000000000009764        0x6 zephyr/drivers/i2c/libdrivers__i2c.a(i2c_nrfx_twim.c.obj)
                0x0000000000009764                i2c_nrfx_twim_exclusive_access_acquire
 .text.i2c_nrfx_twim_exclusive_access_release
                0x000000000000976a        0x6 zephyr/drivers/i2c/libdrivers__i2c.a(i2c_nrfx_twim.c.obj)
                0x000000000000976a                i2c_nrfx_twim_exclusive_access_release
 .text.pinctrl_apply_state.isra.0
                0x0000000000009770       0x1e zephyr/drivers/i2c/libdrivers__i2c.a(i2c_nrfx_twim_common.c.obj)
 .text.i2c_nrfx_twim_configure
                0x000000000000978e       0x2e zephyr/drivers/i2c/libdrivers__i2c.a(i2c_nrfx_twim_common.c.obj)
                0x000000000000978e                i2c_nrfx_twim_configure
 .text.twim_nrfx_pm_action
                0x00000000000097bc       0x32 zephyr/drivers/i2c/libdrivers__i2c.a(i2c_nrfx_twim_common.c.obj)
                0x00000000000097bc                twim_nrfx_pm_action
 .text.gpio_callback
                0x00000000000097ee        0x8 zephyr/drivers/mfd/libdrivers__mfd.a(mfd_npm1300.c.obj)
 .text.i2c_write_dt
                0x00000000000097f6       0x2c zephyr/drivers/mfd/libdrivers__mfd.a(mfd_npm1300.c.obj)
 .text.mfd_npm1300_reg_read_burst
                0x0000000000009822       0x44 zephyr/drivers/mfd/libdrivers__mfd.a(mfd_npm1300.c.obj)
                0x0000000000009822                mfd_npm1300_reg_read_burst
 .text.mfd_npm1300_reg_read
                0x0000000000009866        0xe zephyr/drivers/mfd/libdrivers__mfd.a(mfd_npm1300.c.obj)
                0x0000000000009866                mfd_npm1300_reg_read
 .text.mfd_npm1300_reg_write
                0x0000000000009874       0x1e zephyr/drivers/mfd/libdrivers__mfd.a(mfd_npm1300.c.obj)
                0x0000000000009874                mfd_npm1300_reg_write
 .text.pinctrl_lookup_state
                0x0000000000009892       0x26 zephyr/drivers/pinctrl/libdrivers__pinctrl.a(common.c.obj)
                0x0000000000009892                pinctrl_lookup_state
 .text.uarte_nrfx_err_check
                0x00000000000098b8        0xe zephyr/drivers/serial/libdrivers__serial.a(uart_nrfx_uarte.c.obj)
 .text.uarte_nrfx_poll_in
                0x00000000000098c6       0x26 zephyr/drivers/serial/libdrivers__serial.a(uart_nrfx_uarte.c.obj)
 .text.is_tx_ready.isra.0
                0x00000000000098ec       0x20 zephyr/drivers/serial/libdrivers__serial.a(uart_nrfx_uarte.c.obj)
 .text.uarte_nrfx_isr_int
                0x000000000000990c       0x42 zephyr/drivers/serial/libdrivers__serial.a(uart_nrfx_uarte.c.obj)
 .text.irq_connect3
                0x000000000000994e        0xa zephyr/drivers/spi/libdrivers__spi.a(spi_nrfx_spim.c.obj)
 .text.spi_context_get_next_buf.constprop.0
                0x0000000000009958       0x26 zephyr/drivers/spi/libdrivers__spi.a(spi_nrfx_spim.c.obj)
 .text.pinctrl_apply_state.constprop.0
                0x000000000000997e       0x20 zephyr/drivers/spi/libdrivers__spi.a(spi_nrfx_spim.c.obj)
 .text.gpio_pin_set_dt.isra.0
                0x000000000000999e       0x28 zephyr/drivers/spi/libdrivers__spi.a(spi_nrfx_spim.c.obj)
 .text._spi_context_cs_control
                0x00000000000099c6       0x40 zephyr/drivers/spi/libdrivers__spi.a(spi_nrfx_spim.c.obj)
 .text.spi_context_unlock_unconditionally
                0x0000000000009a06       0x20 zephyr/drivers/spi/libdrivers__spi.a(spi_nrfx_spim.c.obj)
 .text.spi_nrfx_release
                0x0000000000009a26       0x24 zephyr/drivers/spi/libdrivers__spi.a(spi_nrfx_spim.c.obj)
 .text.spi_nrfx_init
                0x0000000000009a4a       0xb8 zephyr/drivers/spi/libdrivers__spi.a(spi_nrfx_spim.c.obj)
 .text.finish_transaction
                0x0000000000009b02       0x22 zephyr/drivers/spi/libdrivers__spi.a(spi_nrfx_spim.c.obj)
 .text.event_handler
                0x0000000000009b24       0xb2 zephyr/drivers/spi/libdrivers__spi.a(spi_nrfx_spim.c.obj)
 .text.event_clear
                0x0000000000009bd6       0x18 zephyr/drivers/timer/libdrivers__timer.a(nrf_rtc_timer.c.obj)
 .text.sys_clock_cycle_get_32
                0x0000000000009bee        0x8 zephyr/drivers/timer/libdrivers__timer.a(nrf_rtc_timer.c.obj)
                0x0000000000009bee                sys_clock_cycle_get_32
 .text.hw_cc3xx_init_internal
                0x0000000000009bf6        0x4 modules/nrf/drivers/hw_cc3xx/lib..__nrf__drivers__hw_cc3xx.a(hw_cc3xx.c.obj)
 .text.hw_cc3xx_init
                0x0000000000009bfa       0x12 modules/nrf/drivers/hw_cc3xx/lib..__nrf__drivers__hw_cc3xx.a(hw_cc3xx.c.obj)
 .text.boot_swap_info_off
                0x0000000000009c0c        0xc modules/mcuboot/boot/bootutil/zephyr/libmcuboot_util.a(bootutil_public.c.obj)
                0x0000000000009c0c                boot_swap_info_off
 .text.boot_magic_compatible_check
                0x0000000000009c18       0x1c modules/mcuboot/boot/bootutil/zephyr/libmcuboot_util.a(bootutil_public.c.obj)
                0x0000000000009c18                boot_magic_compatible_check
 .text.bootutil_buffer_is_erased
                0x0000000000009c34       0x26 modules/mcuboot/boot/bootutil/zephyr/libmcuboot_util.a(bootutil_public.c.obj)
                0x0000000000009c34                bootutil_buffer_is_erased
 .text.boot_read_flag
                0x0000000000009c5a       0x38 modules/mcuboot/boot/bootutil/zephyr/libmcuboot_util.a(bootutil_public.c.obj)
 .text.boot_write_trailer
                0x0000000000009c92       0x58 modules/mcuboot/boot/bootutil/zephyr/libmcuboot_util.a(bootutil_public.c.obj)
                0x0000000000009c92                boot_write_trailer
 .text.boot_write_trailer_flag
                0x0000000000009cea       0x14 modules/mcuboot/boot/bootutil/zephyr/libmcuboot_util.a(bootutil_public.c.obj)
                0x0000000000009cea                boot_write_trailer_flag
 .text.boot_write_image_ok
                0x0000000000009cfe        0xe modules/mcuboot/boot/bootutil/zephyr/libmcuboot_util.a(bootutil_public.c.obj)
                0x0000000000009cfe                boot_write_image_ok
 .text.boot_read_image_ok
                0x0000000000009d0c        0xc modules/mcuboot/boot/bootutil/zephyr/libmcuboot_util.a(bootutil_public.c.obj)
                0x0000000000009d0c                boot_read_image_ok
 .text.boot_read_swap_state_by_id
                0x0000000000009d18       0x28 modules/mcuboot/boot/bootutil/zephyr/libmcuboot_util.a(bootutil_public.c.obj)
                0x0000000000009d18                boot_read_swap_state_by_id
 .text.boot_write_swap_info
                0x0000000000009d40       0x22 modules/mcuboot/boot/bootutil/zephyr/libmcuboot_util.a(bootutil_public.c.obj)
                0x0000000000009d40                boot_write_swap_info
 .text.boot_write_copy_done
                0x0000000000009d62       0x10 modules/mcuboot/boot/bootutil/zephyr/libmcuboot_util.a(bootutil_public.c.obj)
                0x0000000000009d62                boot_write_copy_done
 .text.nrf91_errata_6
                0x0000000000009d72       0x1e modules/hal_nordic/modules/hal_nordic/nrfx/libmodules__hal_nordic__nrfx.a(system_nrf91.c.obj)
 .text.nrf91_errata_14
                0x0000000000009d90       0x24 modules/hal_nordic/modules/hal_nordic/nrfx/libmodules__hal_nordic__nrfx.a(system_nrf91.c.obj)
 .text.nrfx_isr
                0x0000000000009db4        0x2 modules/hal_nordic/modules/hal_nordic/nrfx/libmodules__hal_nordic__nrfx.a(nrfx_glue.c.obj)
                0x0000000000009db4                nrfx_isr
 .text.nrfx_busy_wait
                0x0000000000009db6        0x4 modules/hal_nordic/modules/hal_nordic/nrfx/libmodules__hal_nordic__nrfx.a(nrfx_glue.c.obj)
                0x0000000000009db6                nrfx_busy_wait
 .text.nrfx_gppi_channel_endpoints_setup
                0x0000000000009dba        0xe modules/hal_nordic/modules/hal_nordic/nrfx/libmodules__hal_nordic__nrfx.a(nrfx_gppi_dppi.c.obj)
                0x0000000000009dba                nrfx_gppi_channel_endpoints_setup
 .text.clock_stop
                0x0000000000009dc8       0xae modules/hal_nordic/modules/hal_nordic/nrfx/libmodules__hal_nordic__nrfx.a(nrfx_clock.c.obj)
 .text.nrfx_clock_stop
                0x0000000000009e76        0x4 modules/hal_nordic/modules/hal_nordic/nrfx/libmodules__hal_nordic__nrfx.a(nrfx_clock.c.obj)
                0x0000000000009e76                nrfx_clock_stop
 .text.nrf_gpio_reconfigure
                0x0000000000009e7a       0x92 modules/hal_nordic/modules/hal_nordic/nrfx/libmodules__hal_nordic__nrfx.a(nrfx_gpiote.c.obj)
 .text.nrf_gpio_cfg_sense_set
                0x0000000000009f0c       0x1e modules/hal_nordic/modules/hal_nordic/nrfx/libmodules__hal_nordic__nrfx.a(nrfx_gpiote.c.obj)
 .text.nrfx_gpiote_pin_uninit
                0x0000000000009f2a        0x4 modules/hal_nordic/modules/hal_nordic/nrfx/libmodules__hal_nordic__nrfx.a(nrfx_gpiote.c.obj)
                0x0000000000009f2a                nrfx_gpiote_pin_uninit
 .text.nrfx_gpiote_trigger_disable
                0x0000000000009f2e        0x4 modules/hal_nordic/modules/hal_nordic/nrfx/libmodules__hal_nordic__nrfx.a(nrfx_gpiote.c.obj)
                0x0000000000009f2e                nrfx_gpiote_trigger_disable
 .text.nrfx_gpiote_in_event_get
                0x0000000000009f32        0x6 modules/hal_nordic/modules/hal_nordic/nrfx/libmodules__hal_nordic__nrfx.a(nrfx_gpiote.c.obj)
                0x0000000000009f32                nrfx_gpiote_in_event_get
 .text.nrfx_nvmc_flash_size_get
                0x0000000000009f38        0x6 modules/hal_nordic/modules/hal_nordic/nrfx/libmodules__hal_nordic__nrfx.a(nrfx_nvmc.c.obj)
                0x0000000000009f38                nrfx_nvmc_flash_size_get
 .text.nrfx_nvmc_flash_page_size_get
                0x0000000000009f3e        0x6 modules/hal_nordic/modules/hal_nordic/nrfx/libmodules__hal_nordic__nrfx.a(nrfx_nvmc.c.obj)
                0x0000000000009f3e                nrfx_nvmc_flash_page_size_get
 .text.nrfx_nvmc_flash_page_count_get
                0x0000000000009f44        0x6 modules/hal_nordic/modules/hal_nordic/nrfx/libmodules__hal_nordic__nrfx.a(nrfx_nvmc.c.obj)
                0x0000000000009f44                nrfx_nvmc_flash_page_count_get
 .text.__nrfy_internal_spim_event_handle
                0x0000000000009f4a       0x2a modules/hal_nordic/modules/hal_nordic/nrfx/libmodules__hal_nordic__nrfx.a(nrfx_spim.c.obj)
 .text.__nrfy_internal_spim_events_process
                0x0000000000009f74       0x7c modules/hal_nordic/modules/hal_nordic/nrfx/libmodules__hal_nordic__nrfx.a(nrfx_spim.c.obj)
 .text.spim_abort
                0x0000000000009ff0       0x2c modules/hal_nordic/modules/hal_nordic/nrfx/libmodules__hal_nordic__nrfx.a(nrfx_spim.c.obj)
 .text.xfer_completeness_check
                0x000000000000a01c       0x62 modules/hal_nordic/modules/hal_nordic/nrfx/libmodules__hal_nordic__nrfx.a(nrfx_twim.c.obj)
 .text.__nrfy_internal_twim_event_handle.isra.0
                0x000000000000a07e       0x22 modules/hal_nordic/modules/hal_nordic/nrfx/libmodules__hal_nordic__nrfx.a(nrfx_twim.c.obj)
 .text.__nrfy_internal_twim_events_process.constprop.0
                0x000000000000a0a0       0x54 modules/hal_nordic/modules/hal_nordic/nrfx/libmodules__hal_nordic__nrfx.a(nrfx_twim.c.obj)
 .text.nrf_gpio_pin_set
                0x000000000000a0f4       0x18 modules/hal_nordic/modules/hal_nordic/nrfx/libmodules__hal_nordic__nrfx.a(nrfx_twi_twim.c.obj)
 .text.z_impl_k_busy_wait
                0x000000000000a10c        0x8 zephyr/kernel/libkernel.a(busy_wait.c.obj)
                0x000000000000a10c                z_impl_k_busy_wait
 .text.z_device_state_init
                0x000000000000a114        0x2 zephyr/kernel/libkernel.a(device.c.obj)
                0x000000000000a114                z_device_state_init
 .text.z_impl_device_is_ready
                0x000000000000a116       0x16 zephyr/kernel/libkernel.a(device.c.obj)
                0x000000000000a116                z_impl_device_is_ready
 .text.arch_system_halt
                0x000000000000a12c       0x10 zephyr/kernel/libkernel.a(fatal.c.obj)
                0x000000000000a12c                arch_system_halt
 .text.k_sys_fatal_error_handler
                0x000000000000a13c        0x6 zephyr/kernel/libkernel.a(fatal.c.obj)
                0x000000000000a13c                k_sys_fatal_error_handler
 .text.do_device_init
                0x000000000000a142       0x30 zephyr/kernel/libkernel.a(init.c.obj)
 .text.z_early_memset
                0x000000000000a172        0x4 zephyr/kernel/libkernel.a(init.c.obj)
                0x000000000000a172                z_early_memset
 .text.z_early_memcpy
                0x000000000000a176        0x4 zephyr/kernel/libkernel.a(init.c.obj)
                0x000000000000a176                z_early_memcpy
 .text.z_init_static
                0x000000000000a17a        0x2 zephyr/kernel/libkernel.a(init_static.c.obj)
                0x000000000000a17a                z_init_static
 .text.create_free_list
                0x000000000000a17c       0x34 zephyr/kernel/libkernel.a(mem_slab.c.obj)
 .text.k_mem_slab_init
                0x000000000000a1b0       0x1c zephyr/kernel/libkernel.a(mem_slab.c.obj)
                0x000000000000a1b0                k_mem_slab_init
 .text.k_mem_slab_free
                0x000000000000a1cc       0x6e zephyr/kernel/libkernel.a(mem_slab.c.obj)
                0x000000000000a1cc                k_mem_slab_free
 .text.idle     0x000000000000a23a       0x16 zephyr/kernel/libkernel.a(idle.c.obj)
                0x000000000000a23a                idle
 .text.adjust_owner_prio.isra.0
                0x000000000000a250       0x10 zephyr/kernel/libkernel.a(mutex.c.obj)
 .text.z_impl_k_mutex_init
                0x000000000000a260        0xe zephyr/kernel/libkernel.a(mutex.c.obj)
                0x000000000000a260                z_impl_k_mutex_init
 .text.z_impl_k_sem_init
                0x000000000000a26e       0x18 zephyr/kernel/libkernel.a(sem.c.obj)
                0x000000000000a26e                z_impl_k_sem_init
 .text.flag_test_and_clear
                0x000000000000a286       0x16 zephyr/kernel/libkernel.a(work.c.obj)
 .text.notify_queue_locked.isra.0
                0x000000000000a29c        0xe zephyr/kernel/libkernel.a(work.c.obj)
 .text.z_work_submit_to_queue
                0x000000000000a2aa       0x26 zephyr/kernel/libkernel.a(work.c.obj)
                0x000000000000a2aa                z_work_submit_to_queue
 .text.k_work_submit_to_queue
                0x000000000000a2d0       0x20 zephyr/kernel/libkernel.a(work.c.obj)
                0x000000000000a2d0                k_work_submit_to_queue
 .text.k_is_in_isr
                0x000000000000a2f0        0xc zephyr/kernel/libkernel.a(thread.c.obj)
                0x000000000000a2f0                k_is_in_isr
 .text.z_impl_k_thread_name_set
                0x000000000000a2fc        0x6 zephyr/kernel/libkernel.a(thread.c.obj)
                0x000000000000a2fc                z_impl_k_thread_name_set
 .text.sys_dlist_remove
                0x000000000000a302       0x10 zephyr/kernel/libkernel.a(sched.c.obj)
 .text.unpend_thread_no_timeout
                0x000000000000a312       0x14 zephyr/kernel/libkernel.a(sched.c.obj)
 .text.add_to_waitq_locked
                0x000000000000a326       0x50 zephyr/kernel/libkernel.a(sched.c.obj)
 .text.z_ready_thread
                0x000000000000a376       0x1e zephyr/kernel/libkernel.a(sched.c.obj)
                0x000000000000a376                z_ready_thread
 .text.z_sched_wake_thread
                0x000000000000a394       0x3a zephyr/kernel/libkernel.a(sched.c.obj)
                0x000000000000a394                z_sched_wake_thread
 .text.z_thread_timeout
                0x000000000000a3ce        0x8 zephyr/kernel/libkernel.a(sched.c.obj)
                0x000000000000a3ce                z_thread_timeout
 .text.z_impl_k_sleep
                0x000000000000a3d6       0x32 zephyr/kernel/libkernel.a(sched.c.obj)
                0x000000000000a3d6                z_impl_k_sleep
 .text.z_sched_wake
                0x000000000000a408       0x44 zephyr/kernel/libkernel.a(sched.c.obj)
                0x000000000000a408                z_sched_wake
 .text.next_timeout
                0x000000000000a44c       0x32 zephyr/kernel/libkernel.a(timeout.c.obj)
 .text.z_abort_timeout
                0x000000000000a47e       0x42 zephyr/kernel/libkernel.a(timeout.c.obj)
                0x000000000000a47e                z_abort_timeout
 .text.sys_clock_tick_get_32
                0x000000000000a4c0        0x8 zephyr/kernel/libkernel.a(timeout.c.obj)
                0x000000000000a4c0                sys_clock_tick_get_32
 .text.z_impl_k_uptime_ticks
                0x000000000000a4c8        0x4 zephyr/kernel/libkernel.a(timeout.c.obj)
                0x000000000000a4c8                z_impl_k_uptime_ticks
 .text.nrf_cc310_bl_ecdsa_verify_secp256r1
                0x000000000000a4cc       0x26 /home/turbo/airtime2/nrfxlib/crypto/nrf_cc310_bl/lib/cortex-m33/hard-float/no-interrupts/libnrf_cc310_bl_0.9.12.a(nrf_cc310_bl_ecdsa_verify_secp256r1.c.obj)
                0x000000000000a4cc                nrf_cc310_bl_ecdsa_verify_secp256r1
 .text.PkaInitAndMutexLock
                0x000000000000a4f2        0x8 /home/turbo/airtime2/nrfxlib/crypto/nrf_cc310_bl/lib/cortex-m33/hard-float/no-interrupts/libnrf_cc310_bl_0.9.12.a(pka.c.obj)
                0x000000000000a4f2                PkaInitAndMutexLock
 .text.SaSi_PalMemCopy
                0x000000000000a4fa        0x4 /home/turbo/airtime2/nrfxlib/crypto/nrf_cc310_bl/lib/cortex-m33/hard-float/no-interrupts/libnrf_cc310_bl_0.9.12.a(ssi_pal_mem.c.obj)
                0x000000000000a4fa                SaSi_PalMemCopy
 .text.SaSi_PalMemSet
                0x000000000000a4fe        0x4 /home/turbo/airtime2/nrfxlib/crypto/nrf_cc310_bl/lib/cortex-m33/hard-float/no-interrupts/libnrf_cc310_bl_0.9.12.a(ssi_pal_mem.c.obj)
                0x000000000000a4fe                SaSi_PalMemSet
 .text.SaSi_PalMemSetZero
                0x000000000000a502        0x8 /home/turbo/airtime2/nrfxlib/crypto/nrf_cc310_bl/lib/cortex-m33/hard-float/no-interrupts/libnrf_cc310_bl_0.9.12.a(ssi_pal_mem.c.obj)
                0x000000000000a502                SaSi_PalMemSetZero
 .text.CRYS_COMMON_ReverseMemcpy32
                0x000000000000a50a       0x1a /home/turbo/airtime2/nrfxlib/crypto/nrf_cc310_bl/lib/cortex-m33/hard-float/no-interrupts/libnrf_cc310_bl_0.9.12.a(crys_common_conv_endian.c.obj)
                0x000000000000a50a                CRYS_COMMON_ReverseMemcpy32
 *(SORT_BY_ALIGNMENT(.TEXT.*))
 *(SORT_BY_ALIGNMENT(.gnu.linkonce.t.*))
 *(SORT_BY_ALIGNMENT(.glue_7t))
 .glue_7t       0x000000000000a524        0x0 linker stubs
 *(SORT_BY_ALIGNMENT(.glue_7))
 .glue_7        0x000000000000a524        0x0 linker stubs
 *(SORT_BY_ALIGNMENT(.vfp11_veneer))
 .vfp11_veneer  0x000000000000a524        0x0 linker stubs
 *(SORT_BY_ALIGNMENT(.v4_bx))
 .v4_bx         0x000000000000a524        0x0 linker stubs
                0x000000000000a524                . = ALIGN (0x4)
                0x000000000000a524                __text_region_end = .

.ARM.exidx      0x000000000000a524        0x8
                0x000000000000a524                __exidx_start = .
 *(SORT_BY_ALIGNMENT(.ARM.exidx*) SORT_BY_ALIGNMENT(gnu.linkonce.armexidx.*))