Archive member included to satisfy reference by file (symbol)

platform/libplatform_s.a(hw_init.o)
                              secure_fw/CMakeFiles/tfm_s.dir/__/platform/ext/target/nordic_nrf/common/core/startup.o (hw_init_reset_on_boot)
platform/libplatform_s.a(system_nrf91.o)
                              secure_fw/CMakeFiles/tfm_s.dir/__/platform/ext/target/nordic_nrf/common/core/startup.o (SystemInit)
platform/libplatform_s.a(exception_info.o)
                              secure_fw/CMakeFiles/tfm_s.dir/__/platform/ext/target/nordic_nrf/common/core/startup_nrf91.o (store_and_dump_context)
platform/libplatform_s.a(tfm_hal_spm_logdev_peripheral.o)
                              platform/libplatform_s.a(exception_info.o) (tfm_hal_output_spm_log)
platform/libplatform_s.a(uart_stdout.o)
                              platform/libplatform_s.a(tfm_hal_spm_logdev_peripheral.o) (stdio_output_string)
platform/libplatform_s.a(Driver_USART.o)
                              platform/libplatform_s.a(uart_stdout.o) (Driver_USART1)
platform/libplatform_s.a(nrfx_uarte.o)
                              platform/libplatform_s.a(Driver_USART.o) (nrfx_uarte_init)
platform/libplatform_s.a(nrfx_glue.o)
                              platform/libplatform_s.a(nrfx_uarte.o) (nrfx_critical_section_enter)
secure_fw/partitions/lib/runtime/libtfm_sprt.a(crt_memmove.o)
                              platform/libplatform_s.a(nrfx_uarte.o) (memmove)
secure_fw/partitions/lib/runtime/libtfm_sprt.a(crt_memcpy.o)
                              platform/libplatform_s.a(exception_info.o) (memcpy)
secure_fw/partitions/lib/runtime/libtfm_sprt.a(crt_memset.o)
                              /home/turbo/.zephyrtools/toolchain/zephyr-sdk-0.16.4/arm-zephyr-eabi/bin/../lib/gcc/arm-zephyr-eabi/12.2.0/../../../../arm-zephyr-eabi/lib/thumb/v8-m.main+fp/hard/crt0.o (memset)
secure_fw/partitions/lib/runtime/libtfm_sprt.a(psa_interface_sfn.o)
                              secure_fw/CMakeFiles/tfm_s.dir/partitions/ns_agent_tz/psa_api_veneers_v80m.o (psa_framework_version)
secure_fw/spm/libtfm_spm.a(utilities.o)
                              secure_fw/CMakeFiles/tfm_s.dir/__/platform/ext/target/nordic_nrf/common/core/startup.o (tfm_core_panic)
secure_fw/spm/libtfm_spm.a(spm_log.o)
                              platform/libplatform_s.a(exception_info.o) (spm_log_msgval)
secure_fw/spm/libtfm_spm.a(main.o)
                              /home/turbo/.zephyrtools/toolchain/zephyr-sdk-0.16.4/arm-zephyr-eabi/bin/../lib/gcc/arm-zephyr-eabi/12.2.0/../../../../arm-zephyr-eabi/lib/thumb/v8-m.main+fp/hard/crt0.o (main)
secure_fw/spm/libtfm_spm.a(spm_ipc.o)
                              secure_fw/spm/libtfm_spm.a(main.o) (tfm_spm_init)
secure_fw/spm/libtfm_spm.a(rom_loader.o)
                              secure_fw/spm/libtfm_spm.a(spm_ipc.o) (load_a_partition_assuredly)
secure_fw/spm/libtfm_spm.a(psa_api.o)
                              secure_fw/partitions/lib/runtime/libtfm_sprt.a(psa_interface_sfn.o) (spm_handle_programmer_errors)
secure_fw/spm/libtfm_spm.a(psa_call_api.o)
                              secure_fw/partitions/lib/runtime/libtfm_sprt.a(psa_interface_sfn.o) (tfm_spm_client_psa_call)
secure_fw/spm/libtfm_spm.a(psa_version_api.o)
                              secure_fw/partitions/lib/runtime/libtfm_sprt.a(psa_interface_sfn.o) (tfm_spm_client_psa_framework_version)
secure_fw/spm/libtfm_spm.a(psa_read_write_skip_api.o)
                              secure_fw/partitions/lib/runtime/libtfm_sprt.a(psa_interface_sfn.o) (tfm_spm_partition_psa_read)
secure_fw/spm/libtfm_spm.a(backend_sfn.o)
                              secure_fw/partitions/lib/runtime/libtfm_sprt.a(psa_interface_sfn.o) (p_current_partition)
secure_fw/spm/libtfm_spm.a(tfm_spm_ns_ctx.o)
                              secure_fw/spm/libtfm_spm.a(backend_sfn.o) (tz_ns_agent_register_client_id_range)
secure_fw/spm/libtfm_spm.a(spm_local_connection.o)
                              secure_fw/spm/libtfm_spm.a(spm_ipc.o) (connection_to_handle)
secure_fw/spm/libtfm_spm.a(tfm_arch_v8m_main.o)
                              secure_fw/spm/libtfm_spm.a(main.o) (tfm_arch_set_secure_exception_priorities)
secure_fw/spm/libtfm_spm.a(ns_agent_tz_v80m.o)
                              secure_fw/CMakeFiles/tfm_s.dir/partitions/ns_agent_tz/load_info_ns_agent_tz.o (ns_agent_tz_main)
secure_fw/spm/libtfm_spm.a(tfm_hal_isolation.o)
                              secure_fw/spm/libtfm_spm.a(spm_ipc.o) (tfm_hal_bind_boundary)
secure_fw/spm/libtfm_spm.a(tfm_hal_platform_common.o)
                              secure_fw/spm/libtfm_spm.a(tfm_spm_ns_ctx.o) (tfm_hal_get_ns_VTOR)
secure_fw/spm/libtfm_spm.a(faults.o)
                              secure_fw/CMakeFiles/tfm_s.dir/__/platform/ext/target/nordic_nrf/common/core/startup_nrf91.o (SPU_IRQHandler)
secure_fw/spm/libtfm_spm.a(target_cfg.o)
                              secure_fw/spm/libtfm_spm.a(tfm_hal_platform_common.o) (enable_fault_handlers)
[...]
Memory Configuration

Name             Origin             Length             Attributes
FLASH            0x0000000000010200 0x0000000000007e00 xr
RAM              0x0000000020000000 0x0000000000008000 rw
*default*        0x0000000000000000 0xffffffffffffffff

Linker script and memory map

LOAD /home/turbo/.zephyrtools/toolchain/zephyr-sdk-0.16.4/arm-zephyr-eabi/bin/../lib/gcc/arm-zephyr-eabi/12.2.0/thumb/v8-m.main+fp/hard/crti.o
LOAD /home/turbo/.zephyrtools/toolchain/zephyr-sdk-0.16.4/arm-zephyr-eabi/bin/../lib/gcc/arm-zephyr-eabi/12.2.0/thumb/v8-m.main+fp/hard/crtbegin.o
LOAD /home/turbo/.zephyrtools/toolchain/zephyr-sdk-0.16.4/arm-zephyr-eabi/bin/../lib/gcc/arm-zephyr-eabi/12.2.0/../../../../arm-zephyr-eabi/lib/thumb/v8-m.main+fp/hard/crt0.o
LOAD secure_fw/CMakeFiles/tfm_s.dir/partitions/ns_agent_tz/psa_api_veneers_v80m.o
LOAD secure_fw/CMakeFiles/tfm_s.dir/__/platform/ext/target/nordic_nrf/common/core/startup.o
LOAD secure_fw/CMakeFiles/tfm_s.dir/__/platform/ext/target/nordic_nrf/common/core/startup_nrf91.o
LOAD secure_fw/CMakeFiles/tfm_s.dir/__/platform/ext/common/faults.o
LOAD secure_fw/CMakeFiles/tfm_s.dir/__/generated/secure_fw/partitions/crypto/auto_generated/load_info_tfm_crypto.o
LOAD secure_fw/CMakeFiles/tfm_s.dir/__/generated/secure_fw/partitions/platform/auto_generated/load_info_tfm_platform.o
LOAD secure_fw/CMakeFiles/tfm_s.dir/partitions/ns_agent_tz/load_info_ns_agent_tz.o
LOAD secure_fw/CMakeFiles/tfm_s.dir/__/platform/ext/common/syscalls_stub.o
LOAD platform/libplatform_s.a
LOAD secure_fw/partitions/lib/runtime/libtfm_sprt.a
LOAD secure_fw/spm/libtfm_spm.a
LOAD secure_fw/partitions/crypto/libtfm_psa_rot_partition_crypto.a
LOAD platform/libplatform_crypto_keys.a
LOAD secure_fw/partitions/crypto/mbedcrypto/nrf_security_src/libcrypto_service_mbedcrypto.a
LOAD secure_fw/partitions/platform/libtfm_psa_rot_partition_platform.a
LOAD secure_fw/partitions/lib/runtime/libtfm_sp_log.a
LOAD secure_fw/partitions/crypto/mbedcrypto/nrf_security_src/libmbedcrypto_base.a
LOAD secure_fw/partitions/crypto/mbedcrypto/nrf_security_src/core/nrf_oberon/liboberon_psa_core.a
LOAD secure_fw/partitions/crypto/mbedcrypto/nrf_security_src/libnrf_security_utils.a
LOAD secure_fw/partitions/crypto/mbedcrypto/nrf_security_src/drivers/nrf_oberon/liboberon_psa_driver.a
LOAD /home/turbo/airtime2/nrfxlib/crypto/nrf_oberon/lib/cortex-m33/hard-float/liboberon_mbedtls_3.0.16.a
LOAD platform/libplatform_s.a
LOAD secure_fw/partitions/lib/runtime/libtfm_sprt.a
LOAD secure_fw/spm/libtfm_spm.a
LOAD secure_fw/partitions/crypto/libtfm_psa_rot_partition_crypto.a
LOAD platform/libplatform_crypto_keys.a
LOAD secure_fw/partitions/crypto/mbedcrypto/nrf_security_src/libcrypto_service_mbedcrypto.a
LOAD secure_fw/partitions/platform/libtfm_psa_rot_partition_platform.a
LOAD secure_fw/partitions/lib/runtime/libtfm_sp_log.a
LOAD secure_fw/partitions/crypto/mbedcrypto/nrf_security_src/libmbedcrypto_base.a
LOAD secure_fw/partitions/crypto/mbedcrypto/nrf_security_src/core/nrf_oberon/liboberon_psa_core.a
LOAD secure_fw/partitions/crypto/mbedcrypto/nrf_security_src/libnrf_security_utils.a
LOAD secure_fw/partitions/crypto/mbedcrypto/nrf_security_src/drivers/nrf_oberon/liboberon_psa_driver.a
LOAD /home/turbo/airtime2/nrfxlib/crypto/nrf_oberon/lib/cortex-m33/hard-float/liboberon_mbedtls_3.0.16.a
LOAD platform/libplatform_s.a
LOAD secure_fw/partitions/lib/runtime/libtfm_sprt.a
LOAD secure_fw/spm/libtfm_spm.a
LOAD secure_fw/partitions/crypto/libtfm_psa_rot_partition_crypto.a
LOAD platform/libplatform_crypto_keys.a
LOAD secure_fw/partitions/crypto/mbedcrypto/nrf_security_src/libcrypto_service_mbedcrypto.a
LOAD secure_fw/partitions/platform/libtfm_psa_rot_partition_platform.a
LOAD secure_fw/partitions/lib/runtime/libtfm_sp_log.a
LOAD secure_fw/partitions/crypto/mbedcrypto/nrf_security_src/libmbedcrypto_base.a
LOAD secure_fw/partitions/crypto/mbedcrypto/nrf_security_src/core/nrf_oberon/liboberon_psa_core.a
LOAD secure_fw/partitions/crypto/mbedcrypto/nrf_security_src/libnrf_security_utils.a
LOAD secure_fw/partitions/crypto/mbedcrypto/nrf_security_src/drivers/nrf_oberon/liboberon_psa_driver.a
LOAD /home/turbo/airtime2/nrfxlib/crypto/nrf_oberon/lib/cortex-m33/hard-float/liboberon_mbedtls_3.0.16.a
LOAD /home/turbo/airtime2/nrfxlib/crypto/nrf_cc310_platform/lib/cortex-m33/hard-float/no-interrupts/libnrf_cc310_platform_0.9.19.a
LOAD /home/turbo/.zephyrtools/toolchain/zephyr-sdk-0.16.4/arm-zephyr-eabi/bin/../lib/gcc/arm-zephyr-eabi/12.2.0/../../../../arm-zephyr-eabi/lib/thumb/v8-m.main+fp/hard/libc_nano.a
LOAD /home/turbo/airtime2/nrfxlib/crypto/nrf_oberon/lib/cortex-m33/hard-float/liboberon_3.0.16.a
START GROUP
LOAD /home/turbo/.zephyrtools/toolchain/zephyr-sdk-0.16.4/arm-zephyr-eabi/bin/../lib/gcc/arm-zephyr-eabi/12.2.0/thumb/v8-m.main+fp/hard/libgcc.a
LOAD /home/turbo/.zephyrtools/toolchain/zephyr-sdk-0.16.4/arm-zephyr-eabi/bin/../lib/gcc/arm-zephyr-eabi/12.2.0/../../../../arm-zephyr-eabi/lib/thumb/v8-m.main+fp/hard/libc_nano.a
END GROUP
START GROUP
LOAD /home/turbo/.zephyrtools/toolchain/zephyr-sdk-0.16.4/arm-zephyr-eabi/bin/../lib/gcc/arm-zephyr-eabi/12.2.0/thumb/v8-m.main+fp/hard/libgcc.a
LOAD /home/turbo/.zephyrtools/toolchain/zephyr-sdk-0.16.4/arm-zephyr-eabi/bin/../lib/gcc/arm-zephyr-eabi/12.2.0/../../../../arm-zephyr-eabi/lib/thumb/v8-m.main+fp/hard/libc_nano.a
LOAD /home/turbo/.zephyrtools/toolchain/zephyr-sdk-0.16.4/arm-zephyr-eabi/bin/../lib/gcc/arm-zephyr-eabi/12.2.0/../../../../arm-zephyr-eabi/lib/thumb/v8-m.main+fp/hard/libnosys.a
END GROUP
START GROUP
LOAD /home/turbo/.zephyrtools/toolchain/zephyr-sdk-0.16.4/arm-zephyr-eabi/bin/../lib/gcc/arm-zephyr-eabi/12.2.0/thumb/v8-m.main+fp/hard/libgcc.a
LOAD /home/turbo/.zephyrtools/toolchain/zephyr-sdk-0.16.4/arm-zephyr-eabi/bin/../lib/gcc/arm-zephyr-eabi/12.2.0/../../../../arm-zephyr-eabi/lib/thumb/v8-m.main+fp/hard/libc_nano.a
LOAD /home/turbo/.zephyrtools/toolchain/zephyr-sdk-0.16.4/arm-zephyr-eabi/bin/../lib/gcc/arm-zephyr-eabi/12.2.0/../../../../arm-zephyr-eabi/lib/thumb/v8-m.main+fp/hard/libnosys.a
END GROUP
LOAD /home/turbo/.zephyrtools/toolchain/zephyr-sdk-0.16.4/arm-zephyr-eabi/bin/../lib/gcc/arm-zephyr-eabi/12.2.0/thumb/v8-m.main+fp/hard/crtend.o
LOAD /home/turbo/.zephyrtools/toolchain/zephyr-sdk-0.16.4/arm-zephyr-eabi/bin/../lib/gcc/arm-zephyr-eabi/12.2.0/thumb/v8-m.main+fp/hard/crtn.o
                0x0000000000000800                __msp_stack_size__ = 0x800
                0x0000000000010200                Image$$PT_RO_START$$Base = ADDR (.TFM_VECTORS)

.TFM_VECTORS    0x0000000000010200      0x144
                0x0000000000010200                __vectors_start__ = .
 *(.vectors)
 .vectors       0x0000000000010200      0x144 secure_fw/CMakeFiles/tfm_s.dir/__/platform/ext/target/nordic_nrf/common/core/startup_nrf91.o
                0x0000000000010200                __Vectors
                0x0000000000010344                . = ALIGN (0x4)
                0x0000000000010344                __vectors_end__ = .
                0x0000000000000001                ASSERT ((__vectors_start__ != __vectors_end__), .vectors should not be empty)
                0x0000000000000001                ASSERT ((. <= (ADDR (.TFM_VECTORS) + 0x144)), .TFM_VECTORS section size overflow.)
                0x0000000000010344                . = (ADDR (.TFM_VECTORS) + 0x144)

.TFM_SP_LOAD_LIST
                0x0000000000010344       0xd4
 *(.part_load_priority_00)
 .part_load_priority_00
                0x0000000000010344       0x38 secure_fw/CMakeFiles/tfm_s.dir/partitions/ns_agent_tz/load_info_ns_agent_tz.o
                0x0000000000010344                tfm_sp_ns_agent_tz_load
 *(.part_load_priority_01)
 *(.part_load_priority_02)
 .part_load_priority_02
                0x000000000001037c       0x50 secure_fw/CMakeFiles/tfm_s.dir/__/generated/secure_fw/partitions/crypto/auto_generated/load_info_tfm_crypto.o
                0x000000000001037c                tfm_sp_crypto_load
 .part_load_priority_02
                0x00000000000103cc       0x4c secure_fw/CMakeFiles/tfm_s.dir/__/generated/secure_fw/partitions/platform/auto_generated/load_info_tfm_platform.o
                0x00000000000103cc                tfm_sp_platform_load
 *(.part_load_priority_03)
                0x0000000000010344                Image$$TFM_SP_LOAD_LIST$$RO$$Base = ADDR (.TFM_SP_LOAD_LIST)
                0x0000000000010418                Image$$TFM_SP_LOAD_LIST$$RO$$Limit = (ADDR (.TFM_SP_LOAD_LIST) + SIZEOF (.TFM_SP_LOAD_LIST))
                0x0000000000010420                . = ALIGN (0x20)
                0x0000000000010420                Image$$TFM_PSA_CODE_START$$Base = .

.TFM_PSA_ROT_LINKER
                0x0000000000010420      0x420
 *tfm_psa_rot_partition*:(SORT_BY_ALIGNMENT(.text*))
 .text.tfm_crypto_clear_scratch
                0x0000000000010420       0x20 secure_fw/partitions/crypto/libtfm_psa_rot_partition_crypto.a(crypto_init.o)
 .text.tfm_crypto_api_dispatcher
                0x0000000000010440       0xb0 secure_fw/partitions/crypto/libtfm_psa_rot_partition_crypto.a(crypto_init.o)
                0x0000000000010440                tfm_crypto_api_dispatcher
 .text.tfm_crypto_sfn
                0x00000000000104f0      0x17c secure_fw/partitions/crypto/libtfm_psa_rot_partition_crypto.a(crypto_init.o)
                0x00000000000104f0                tfm_crypto_sfn
 .text.tfm_crypto_init_alloc
                0x000000000001066c       0x14 secure_fw/partitions/crypto/libtfm_psa_rot_partition_crypto.a(crypto_alloc.o)
                0x000000000001066c                tfm_crypto_init_alloc
 .text.tfm_crypto_library_get_info
                0x0000000000010680       0x1c secure_fw/partitions/crypto/libtfm_psa_rot_partition_crypto.a(crypto_library.o)
                0x0000000000010680                tfm_crypto_library_get_info
 .text.tfm_crypto_core_library_init
                0x000000000001069c       0x14 secure_fw/partitions/crypto/libtfm_psa_rot_partition_crypto.a(crypto_library.o)
                0x000000000001069c                tfm_crypto_core_library_init
 .text.tfm_crypto_init
                0x00000000000106b0       0x1c secure_fw/partitions/crypto/libtfm_psa_rot_partition_crypto.a(crypto_init.o)
                0x00000000000106b0                tfm_crypto_init
 .text.tfm_crypto_cipher_interface
                0x00000000000106cc        0x6 secure_fw/partitions/crypto/libtfm_psa_rot_partition_crypto.a(crypto_cipher.o)
                0x00000000000106cc                tfm_crypto_cipher_interface
 .text.tfm_crypto_hash_interface
                0x00000000000106d2        0x6 secure_fw/partitions/crypto/libtfm_psa_rot_partition_crypto.a(crypto_hash.o)
                0x00000000000106d2                tfm_crypto_hash_interface
 .text.tfm_crypto_mac_interface
                0x00000000000106d8        0x6 secure_fw/partitions/crypto/libtfm_psa_rot_partition_crypto.a(crypto_mac.o)
                0x00000000000106d8                tfm_crypto_mac_interface
 .text.tfm_crypto_aead_interface
                0x00000000000106de        0x6 secure_fw/partitions/crypto/libtfm_psa_rot_partition_crypto.a(crypto_aead.o)
                0x00000000000106de                tfm_crypto_aead_interface
 .text.tfm_crypto_asymmetric_sign_interface
                0x00000000000106e4        0x6 secure_fw/partitions/crypto/libtfm_psa_rot_partition_crypto.a(crypto_asymmetric.o)
                0x00000000000106e4                tfm_crypto_asymmetric_sign_interface
 .text.tfm_crypto_asymmetric_encrypt_interface
                0x00000000000106ea        0x6 secure_fw/partitions/crypto/libtfm_psa_rot_partition_crypto.a(crypto_asymmetric.o)
                0x00000000000106ea                tfm_crypto_asymmetric_encrypt_interface
 .text.tfm_crypto_key_derivation_interface
                0x00000000000106f0        0x6 secure_fw/partitions/crypto/libtfm_psa_rot_partition_crypto.a(crypto_key_derivation.o)
                0x00000000000106f0                tfm_crypto_key_derivation_interface
 .text.tfm_crypto_key_management_interface
                0x00000000000106f6        0x6 secure_fw/partitions/crypto/libtfm_psa_rot_partition_crypto.a(crypto_key_management.o)
                0x00000000000106f6                tfm_crypto_key_management_interface
 .text.tfm_crypto_random_interface
                0x00000000000106fc        0x8 secure_fw/partitions/crypto/libtfm_psa_rot_partition_crypto.a(crypto_rng.o)
                0x00000000000106fc                tfm_crypto_random_interface
 .text.tfm_crypto_pake_interface
                0x0000000000010704        0x6 secure_fw/partitions/crypto/libtfm_psa_rot_partition_crypto.a(crypto_pake.o)
                0x0000000000010704                tfm_crypto_pake_interface
 .text.tfm_platform_service_sfn
                0x000000000001070a      0x114 secure_fw/partitions/platform/libtfm_psa_rot_partition_platform.a(platform_sp.o)
                0x000000000001070a                tfm_platform_service_sfn
 .text.platform_sp_init
                0x000000000001081e        0x4 secure_fw/partitions/platform/libtfm_psa_rot_partition_platform.a(platform_sp.o)
                0x000000000001081e                platform_sp_init
 *tfm_psa_rot_partition*:(SORT_BY_ALIGNMENT(.rodata*))
 .rodata.tfm_crypto_library_get_info.str1.1
                0x0000000000010822        0xf secure_fw/partitions/crypto/libtfm_psa_rot_partition_crypto.a(crypto_library.o)
 *(TFM_*_PSA-ROT_ATTR_FN)
                0x0000000000010840                . = ALIGN (0x20)
 *fill*         0x0000000000010831        0xf 
                0x0000000000010420                Image$$TFM_PSA_ROT_LINKER$$RO$$Base = ADDR (.TFM_PSA_ROT_LINKER)
                0x0000000000010840                Image$$TFM_PSA_ROT_LINKER$$RO$$Limit = (ADDR (.TFM_PSA_ROT_LINKER) + SIZEOF (.TFM_PSA_ROT_LINKER))
                0x0000000000010420                Image$$TFM_PSA_ROT_LINKER$$Base = ADDR (.TFM_PSA_ROT_LINKER)
                0x0000000000010840                Image$$TFM_PSA_ROT_LINKER$$Limit = (ADDR (.TFM_PSA_ROT_LINKER) + SIZEOF (.TFM_PSA_ROT_LINKER))
                0x0000000000010840                Image$$TFM_PSA_CODE_END$$Base = .
                0x0000000000010840                Image$$TFM_APP_CODE_START$$Base = .

.TFM_APP_ROT_LINKER
                0x0000000000010840        0x0
 *tfm_app_rot_partition*:(SORT_BY_ALIGNMENT(.text*))
 *tfm_app_rot_partition*:(SORT_BY_ALIGNMENT(.rodata*))
 *(TFM_*_APP-ROT_ATTR_FN)
                0x0000000000010840                . = ALIGN (0x20)
                0x0000000000010840                Image$$TFM_APP_ROT_LINKER$$RO$$Base = ADDR (.TFM_APP_ROT_LINKER)
                0x0000000000010840                Image$$TFM_APP_ROT_LINKER$$RO$$Limit = (ADDR (.TFM_APP_ROT_LINKER) + SIZEOF (.TFM_APP_ROT_LINKER))
                0x0000000000010840                Image$$TFM_APP_ROT_LINKER$$Base = ADDR (.TFM_APP_ROT_LINKER)
                0x0000000000010840                Image$$TFM_APP_ROT_LINKER$$Limit = (ADDR (.TFM_APP_ROT_LINKER) + SIZEOF (.TFM_APP_ROT_LINKER))
                0x0000000000010840                Image$$TFM_APP_CODE_END$$Base = .

.ARM.extab
 *(.ARM.extab* .gnu.linkonce.armextab.*)
                0x0000000000010840                __exidx_start = .

.ARM.exidx      0x0000000000010840        0x8
 *(.ARM.exidx* .gnu.linkonce.armexidx.*)
 .ARM.exidx     0x0000000000010840        0x8 /home/turbo/.zephyrtools/toolchain/zephyr-sdk-0.16.4/arm-zephyr-eabi/bin/../lib/gcc/arm-zephyr-eabi/12.2.0/../../../../arm-zephyr-eabi/lib/thumb/v8-m.main+fp/hard/crt0.o
                                         0x10 (size before relaxing)
                0x0000000000010848                __exidx_end = .

.ER_TFM_CODE    0x0000000000010848     0x3227
                0x0000000000010848                . = ALIGN (0x4)
                0x0000000000010848                PROVIDE (__preinit_array_start = .)
 *(.preinit_array)
                0x0000000000010848                PROVIDE (__preinit_array_end = .)
                0x0000000000010848                . = ALIGN (0x4)
                0x0000000000010848                PROVIDE (__init_array_start = .)
 *(SORT_BY_NAME(.init_array.*))
 *(.init_array)
 .init_array    0x0000000000010848        0x4 /home/turbo/.zephyrtools/toolchain/zephyr-sdk-0.16.4/arm-zephyr-eabi/bin/../lib/gcc/arm-zephyr-eabi/12.2.0/thumb/v8-m.main+fp/hard/crtbegin.o
                0x000000000001084c                PROVIDE (__init_array_end = .)
                0x000000000001084c                . = ALIGN (0x4)
                [!provide]                        PROVIDE (__fini_array_start = .)
 *(SORT_BY_NAME(.fini_array.*))
 *(.fini_array)
 .fini_array    0x000000000001084c        0x4 /home/turbo/.zephyrtools/toolchain/zephyr-sdk-0.16.4/arm-zephyr-eabi/bin/../lib/gcc/arm-zephyr-eabi/12.2.0/thumb/v8-m.main+fp/hard/crtbegin.o
                [!provide]                        PROVIDE (__fini_array_end = .)
                0x0000000000010850                . = ALIGN (0x4)
                0x0000000000010850                __copy_table_start__ = .
                0x0000000000010850        0x4 LONG 0x17c40 LOADADDR (.TFM_DATA)
                0x0000000000010854        0x4 LONG 0x20001080 ADDR (.TFM_DATA)
                0x0000000000010858        0x4 LONG 0x47 (SIZEOF (.TFM_DATA) / 0x4)
                0x000000000001085c        0x4 LONG 0x17c40 LOADADDR (.TFM_PSA_ROT_LINKER_DATA)
                0x0000000000010860        0x4 LONG 0x20000c20 ADDR (.TFM_PSA_ROT_LINKER_DATA)
                0x0000000000010864        0x4 LONG 0x0 (SIZEOF (.TFM_PSA_ROT_LINKER_DATA) / 0x4)
                0x0000000000010868        0x4 LONG 0x17c40 LOADADDR (.TFM_APP_ROT_LINKER_DATA)
                0x000000000001086c        0x4 LONG 0x20000c00 ADDR (.TFM_APP_ROT_LINKER_DATA)
                0x0000000000010870        0x4 LONG 0x0 (SIZEOF (.TFM_APP_ROT_LINKER_DATA) / 0x4)
                0x0000000000010874                __copy_table_end__ = .
                0x0000000000010874                . = ALIGN (0x4)
                0x0000000000010874                __zero_table_start__ = .
                0x0000000000010874        0x4 LONG 0x2000119c ADDR (.TFM_BSS)
                0x0000000000010878        0x4 LONG 0x5c2 (SIZEOF (.TFM_BSS) / 0x4)
                0x000000000001087c        0x4 LONG 0x20000c20 ADDR (.TFM_PSA_ROT_LINKER_BSS)
                0x0000000000010880        0x4 LONG 0x118 (SIZEOF (.TFM_PSA_ROT_LINKER_BSS) / 0x4)
                0x0000000000010884        0x4 LONG 0x20000c00 ADDR (.TFM_APP_ROT_LINKER_BSS)
                0x0000000000010888        0x4 LONG 0x8 (SIZEOF (.TFM_APP_ROT_LINKER_BSS) / 0x4)
                0x000000000001088c                __zero_table_end__ = .
 *startup*(.text*)
 .text.default_irq_handler
                0x000000000001088c        0x4 secure_fw/CMakeFiles/tfm_s.dir/__/platform/ext/target/nordic_nrf/common/core/startup.o
                0x000000000001088c                default_irq_handler
 .text.Reset_Handler
                0x0000000000010890       0xd4 secure_fw/CMakeFiles/tfm_s.dir/__/platform/ext/target/nordic_nrf/common/core/startup.o
                0x0000000000010890                Reset_Handler
 .text.default_tfm_IRQHandler
                0x0000000000010964       0x1c secure_fw/CMakeFiles/tfm_s.dir/__/platform/ext/target/nordic_nrf/common/core/startup_nrf91.o
                0x0000000000010964                TIMER2_IRQHandler
                0x0000000000010964                DebugMon_Handler
                0x0000000000010964                RTC0_IRQHandler
                0x0000000000010964                SysTick_Handler
                0x0000000000010964                PWM1_IRQHandler
                0x0000000000010964                PendSV_Handler
                0x0000000000010964                NMI_Handler
                0x0000000000010964                PDM_IRQHandler
                0x0000000000010964                default_tfm_IRQHandler
                0x0000000000010964                IPC_IRQHandler
                0x0000000000010964                PWM3_IRQHandler
                0x0000000000010964                FPU_IRQHandler
                0x0000000000010964                EGU3_IRQHandler
                0x0000000000010964                KMU_IRQHandler
                0x0000000000010964                CRYPTOCELL_IRQHandler
                0x0000000000010964                I2S_IRQHandler
                0x0000000000010964                EGU2_IRQHandler
                0x0000000000010964                TIMER0_IRQHandler
                0x0000000000010964                EGU4_IRQHandler
                0x0000000000010964                EGU0_IRQHandler
                0x0000000000010964                GPIOTE1_IRQHandler
                0x0000000000010964                TIMER1_IRQHandler
                0x0000000000010964                PWM2_IRQHandler
                0x0000000000010964                EGU1_IRQHandler
                0x0000000000010964                EGU5_IRQHandler
                0x0000000000010964                UARTE3_SPIM3_SPIS3_TWIM3_TWIS3_IRQHandler
                0x0000000000010964                SAADC_IRQHandler
                0x0000000000010964                GPIOTE0_IRQHandler
                0x0000000000010964                WDT_IRQHandler
                0x0000000000010964                SPIM0_SPIS0_TWIM0_TWIS0_UARTE0_IRQHandler
                0x0000000000010964                SPIM2_SPIS2_TWIM2_TWIS2_UARTE2_IRQHandler
                0x0000000000010964                PWM0_IRQHandler
                0x0000000000010964                RTC1_IRQHandler
                0x0000000000010964                SPIM1_SPIS1_TWIM1_TWIS1_UARTE1_IRQHandler
                0x0000000000010964                CLOCK_POWER_IRQHandler
 *libplatform_s*:(SORT_BY_ALIGNMENT(.text*))
 .text.hw_init_reset_on_boot
                0x0000000000010980       0xd0 platform/libplatform_s.a(hw_init.o)
                0x0000000000010980                hw_init_reset_on_boot
 .text.uicr_HFXOCNT_erased
                0x0000000000010a50       0x40 platform/libplatform_s.a(system_nrf91.o)
 .text.uicr_HFXOSRC_erased
                0x0000000000010a90       0x3c platform/libplatform_s.a(system_nrf91.o)
 .text.SystemInit
                0x0000000000010acc      0x1e0 platform/libplatform_s.a(system_nrf91.o)
                0x0000000000010acc                SystemInit
 .text.tfm_exception_info_get_context
                0x0000000000010cac        0xc platform/libplatform_s.a(exception_info.o)
                0x0000000000010cac                tfm_exception_info_get_context
 .text.store_and_dump_context
                0x0000000000010cb8      0x118 platform/libplatform_s.a(exception_info.o)
                0x0000000000010cb8                store_and_dump_context
 .text.stdio_output_string
                0x0000000000010dd0       0x40 platform/libplatform_s.a(uart_stdout.o)
                0x0000000000010dd0                stdio_output_string
 .text.stdio_init
                0x0000000000010e10       0x34 platform/libplatform_s.a(uart_stdout.o)
                0x0000000000010e10                stdio_init
 .text.ARM_USART_GetVersion
                0x0000000000010e44       0x20 platform/libplatform_s.a(Driver_USART.o)
 .text.ARM_USART1_GetTxCount
                0x0000000000010e64        0xc platform/libplatform_s.a(Driver_USART.o)
 .text.ARM_USART1_GetRxCount
                0x0000000000010e70        0xc platform/libplatform_s.a(Driver_USART.o)
 .text.ARM_USART1_Uninitialize
                0x0000000000010e7c       0x18 platform/libplatform_s.a(Driver_USART.o)
 .text.ARM_USART1_Receive
                0x0000000000010e94       0x3c platform/libplatform_s.a(Driver_USART.o)
 .text.ARM_USARTx_Send.constprop.0
                0x0000000000010ed0       0x78 platform/libplatform_s.a(Driver_USART.o)
 .text.ARM_USART1_Control
                0x0000000000010f48      0x178 platform/libplatform_s.a(Driver_USART.o)
 .text.ARM_USART1_Initialize
                0x00000000000110c0       0x6c platform/libplatform_s.a(Driver_USART.o)
 .text.on_rx_disabled
                0x000000000001112c       0x64 platform/libplatform_s.a(nrfx_uarte.o)
 .text.nrf_gpio_cfg_input.constprop.0
                0x0000000000011190       0x30 platform/libplatform_s.a(nrfx_uarte.o)
 .text.blocking_tx
                0x00000000000111c0      0x1b8 platform/libplatform_s.a(nrfx_uarte.o)
 .text.nrf_gpio_pin_set
                0x0000000000011378       0x18 platform/libplatform_s.a(nrfx_uarte.o)
 .text.nrf_gpio_cfg_output
                0x0000000000011390       0x34 platform/libplatform_s.a(nrfx_uarte.o)
 .text.uarte_configure
                0x00000000000113c4      0x178 platform/libplatform_s.a(nrfx_uarte.o)
 .text.nrf_gpio_cfg_default
                0x000000000001153c       0x34 platform/libplatform_s.a(nrfx_uarte.o)
 .text.nrfx_uarte_init
                0x0000000000011570      0x16c platform/libplatform_s.a(nrfx_uarte.o)
                0x0000000000011570                nrfx_uarte_init
 .text.nrfx_uarte_tx
                0x00000000000116dc       0xd8 platform/libplatform_s.a(nrfx_uarte.o)
                0x00000000000116dc                nrfx_uarte_tx
 .text.nrfx_uarte_tx_abort
                0x00000000000117b4       0xb8 platform/libplatform_s.a(nrfx_uarte.o)
                0x00000000000117b4                nrfx_uarte_tx_abort
 .text.nrfx_uarte_rx_enable
                0x000000000001186c      0x14c platform/libplatform_s.a(nrfx_uarte.o)
                0x000000000001186c                nrfx_uarte_rx_enable
 .text.nrfx_uarte_rx_buffer_set
                0x00000000000119b8      0x190 platform/libplatform_s.a(nrfx_uarte.o)
                0x00000000000119b8                nrfx_uarte_rx_buffer_set
 .text.nrfx_uarte_rx_abort
                0x0000000000011b48      0x150 platform/libplatform_s.a(nrfx_uarte.o)
                0x0000000000011b48                nrfx_uarte_rx_abort
 .text.nrfx_uarte_uninit
                0x0000000000011c98       0xd0 platform/libplatform_s.a(nrfx_uarte.o)
                0x0000000000011c98                nrfx_uarte_uninit
 .text.nrfx_uarte_rx_ready
                0x0000000000011d68       0x54 platform/libplatform_s.a(nrfx_uarte.o)
                0x0000000000011d68                nrfx_uarte_rx_ready
 .text.nrfx_uarte_rx
                0x0000000000011dbc       0x84 platform/libplatform_s.a(nrfx_uarte.o)
                0x0000000000011dbc                nrfx_uarte_rx
 .text.nrfx_critical_section_enter
                0x0000000000011e40       0x10 platform/libplatform_s.a(nrfx_glue.o)
                0x0000000000011e40                nrfx_critical_section_enter
 .text.nrfx_critical_section_exit
                0x0000000000011e50       0x14 platform/libplatform_s.a(nrfx_glue.o)
                0x0000000000011e50                nrfx_critical_section_exit
 .text.mpu_armv8m_enable
                0x0000000000011e64       0x34 platform/libplatform_s.a(mpu_armv8m_drv.o)
                0x0000000000011e64                mpu_armv8m_enable
 .text.spu_enable_interrupts
                0x0000000000011e98       0x10 platform/libplatform_s.a(spu.o)
                0x0000000000011e98                spu_enable_interrupts
 .text.spu_events_get
                0x0000000000011ea8       0x28 platform/libplatform_s.a(spu.o)
                0x0000000000011ea8                spu_events_get
 .text.spu_clear_events
                0x0000000000011ed0       0x24 platform/libplatform_s.a(spu.o)
                0x0000000000011ed0                spu_clear_events
 .text.spu_regions_reset_unlocked_secure
                0x0000000000011ef4       0x3c platform/libplatform_s.a(spu.o)
                0x0000000000011ef4                spu_regions_reset_unlocked_secure
 .text.spu_regions_flash_config
                0x0000000000011f30       0x2c platform/libplatform_s.a(spu.o)
                0x0000000000011f30                spu_regions_flash_config
 .text.spu_regions_sram_config
                0x0000000000011f5c       0x34 platform/libplatform_s.a(spu.o)
                0x0000000000011f5c                spu_regions_sram_config
 .text.spu_regions_flash_config_non_secure_callable
                0x0000000000011f90       0x30 platform/libplatform_s.a(spu.o)
                0x0000000000011f90                spu_regions_flash_config_non_secure_callable
 .text.spu_regions_sram_get_last_address_in_region
                0x0000000000011fc0        0xc platform/libplatform_s.a(spu.o)
                0x0000000000011fc0                spu_regions_sram_get_last_address_in_region
 .text.spu_peripheral_config_secure
                0x0000000000011fcc       0x1c platform/libplatform_s.a(spu.o)
                0x0000000000011fcc                spu_peripheral_config_secure
 .text.spu_peripheral_config_non_secure
                0x0000000000011fe8       0x18 platform/libplatform_s.a(spu.o)
                0x0000000000011fe8                spu_peripheral_config_non_secure
 .text.nrf_exception_info_store_context
                0x0000000000012000       0x20 platform/libplatform_s.a(nrf_exception_info.o)
                0x0000000000012000                nrf_exception_info_store_context
 .text.nrf_exception_info_get_context
                0x0000000000012020        0xc platform/libplatform_s.a(nrf_exception_info.o)
                0x0000000000012020                nrf_exception_info_get_context
 .text.tfm_hal_platform_init
                0x000000000001202c       0x44 platform/libplatform_s.a(tfm_hal_platform.o)
                0x000000000001202c                tfm_hal_platform_init
 .text.ns_fault_service_set_handler
                0x0000000000012070       0x14 platform/libplatform_s.a(ns_fault_service.o)
                0x0000000000012070                ns_fault_service_set_handler
 .text.call_ns_callback
                0x0000000000012084       0xe8 platform/libplatform_s.a(ns_fault_service.o)
                0x0000000000012084                call_ns_callback
 .text.ns_fault_service_call_handler
                0x000000000001216c       0x34 platform/libplatform_s.a(ns_fault_service.o)
                0x000000000001216c                ns_fault_service_call_handler
 .text.tfm_platform_hal_system_reset
                0x00000000000121a0       0x24 platform/libplatform_s.a(tfm_platform_system.o)
                0x00000000000121a0                tfm_platform_hal_system_reset
 .text.tfm_platform_hal_read_service
                0x00000000000121c4       0xbc platform/libplatform_s.a(tfm_platform_hal_ioctl.o)
                0x00000000000121c4                tfm_platform_hal_read_service
 .text.nrf91_errata_6
                0x0000000000012280       0x1e platform/libplatform_s.a(system_nrf91.o)
 .text.nrf91_errata_14
                0x000000000001229e       0x24 platform/libplatform_s.a(system_nrf91.o)
 .text.tfm_hal_output_spm_log
                0x00000000000122c2        0x4 platform/libplatform_s.a(tfm_hal_spm_logdev_peripheral.o)
                0x00000000000122c2                tfm_hal_output_spm_log
 .text.ARM_USART_GetCapabilities
                0x00000000000122c6        0x4 platform/libplatform_s.a(Driver_USART.o)
 .text.ARM_USART_Transfer
                0x00000000000122ca        0x6 platform/libplatform_s.a(Driver_USART.o)
 .text.ARM_USART_GetStatus
                0x00000000000122d0        0xc platform/libplatform_s.a(Driver_USART.o)
 .text.ARM_USART_SetModemControl
                0x00000000000122dc        0x6 platform/libplatform_s.a(Driver_USART.o)
 .text.ARM_USART_GetModemStatus
                0x00000000000122e2        0xc platform/libplatform_s.a(Driver_USART.o)
 .text.ARM_USART1_PowerControl
                0x00000000000122ee        0xc platform/libplatform_s.a(Driver_USART.o)
 .text.ARM_USART1_Send
                0x00000000000122fa        0x4 platform/libplatform_s.a(Driver_USART.o)
 .text.uart_config_set_uart_pins
                0x00000000000122fe       0x3c platform/libplatform_s.a(Driver_USART.o)
                0x00000000000122fe                uart_config_set_uart_pins
 .text.is_tx_ready
                0x000000000001233a       0x1a platform/libplatform_s.a(nrfx_uarte.o)
 .text.user_handler
                0x0000000000012354       0x22 platform/libplatform_s.a(nrfx_uarte.o)
 .text.user_handler_on_rx_done
                0x0000000000012376       0x28 platform/libplatform_s.a(nrfx_uarte.o)
 .text.disable_hw_from_rx
                0x000000000001239e       0x24 platform/libplatform_s.a(nrfx_uarte.o)
 .text.disable_hw_from_tx
                0x00000000000123c2       0x16 platform/libplatform_s.a(nrfx_uarte.o)
 .text.tx_prepare_start.isra.0
                0x00000000000123d8       0x7e platform/libplatform_s.a(nrfx_uarte.o)
 .text.mpu_armv8m_region_enable
                0x0000000000012456       0x6a platform/libplatform_s.a(mpu_armv8m_drv.o)
                0x0000000000012456                mpu_armv8m_region_enable
 .text.mpu_armv8m_region_disable
                0x00000000000124c0       0x14 platform/libplatform_s.a(mpu_armv8m_drv.o)
                0x00000000000124c0                mpu_armv8m_region_disable
 .text.mpu_armv8m_clean
                0x00000000000124d4       0x22 platform/libplatform_s.a(mpu_armv8m_drv.o)
                0x00000000000124d4                mpu_armv8m_clean
 .text.spu_regions_flash_get_base_address_in_region
                0x00000000000124f6        0x4 platform/libplatform_s.a(spu.o)
                0x00000000000124f6                spu_regions_flash_get_base_address_in_region
 .text.spu_regions_flash_get_last_address_in_region
                0x00000000000124fa        0xa platform/libplatform_s.a(spu.o)
                0x00000000000124fa                spu_regions_flash_get_last_address_in_region
 .text.spu_regions_flash_get_start_id
                0x0000000000012504        0x4 platform/libplatform_s.a(spu.o)
                0x0000000000012504                spu_regions_flash_get_start_id
 .text.spu_regions_flash_get_last_id
                0x0000000000012508        0x4 platform/libplatform_s.a(spu.o)
                0x0000000000012508                spu_regions_flash_get_last_id
 .text.spu_regions_flash_get_region_size
                0x000000000001250c        0x6 platform/libplatform_s.a(spu.o)
                0x000000000001250c                spu_regions_flash_get_region_size
 .text.spu_regions_sram_get_base_address_in_region
                0x0000000000012512        0xa platform/libplatform_s.a(spu.o)
                0x0000000000012512                spu_regions_sram_get_base_address_in_region
 .text.spu_regions_sram_get_start_id
                0x000000000001251c        0x4 platform/libplatform_s.a(spu.o)
                0x000000000001251c                spu_regions_sram_get_start_id
 .text.spu_regions_sram_get_last_id
                0x0000000000012520        0x4 platform/libplatform_s.a(spu.o)
                0x0000000000012520                spu_regions_sram_get_last_id
 .text.spu_regions_sram_get_region_size
                0x0000000000012524        0x6 platform/libplatform_s.a(spu.o)
                0x0000000000012524                spu_regions_sram_get_region_size
 .text.tfm_plat_otp_init
                0x000000000001252a        0x4 platform/libplatform_s.a(dummy_otp.o)
                0x000000000001252a                tfm_plat_otp_init
 .text.tfm_hal_system_halt
                0x000000000001252e        0xc platform/libplatform_s.a(tfm_hal_reset_halt.o)
                0x000000000001252e                tfm_hal_system_halt
 .text.tfm_plat_provisioning_is_required
                0x000000000001253a        0x4 platform/libplatform_s.a(dummy_provisioning.o)
                0x000000000001253a                tfm_plat_provisioning_is_required
 .text.tfm_plat_provisioning_perform
                0x000000000001253e        0x4 platform/libplatform_s.a(dummy_provisioning.o)
                0x000000000001253e                tfm_plat_provisioning_perform
 .text.tfm_plat_provisioning_check_for_dummy_keys
                0x0000000000012542        0x2 platform/libplatform_s.a(dummy_provisioning.o)
                0x0000000000012542                tfm_plat_provisioning_check_for_dummy_keys
 .text.tfm_platform_hal_ioctl
                0x0000000000012544       0x7c platform/libplatform_s.a(tfm_platform_system.o)
                0x0000000000012544                tfm_platform_hal_ioctl
 .text.tfm_platform_hal_write32_service
                0x00000000000125c0       0x2c platform/libplatform_s.a(tfm_platform_hal_ioctl.o)
                0x00000000000125c0                tfm_platform_hal_write32_service
 *libtfm_spm*:(SORT_BY_ALIGNMENT(.text*))
 .text.spm_log_msgval
                0x00000000000125ec       0x58 secure_fw/spm/libtfm_spm.a(spm_log.o)
                0x00000000000125ec                spm_log_msgval
 .text.startup.main
                0x0000000000012644       0x80 secure_fw/spm/libtfm_spm.a(main.o)
                0x0000000000012644                main
 .text.tfm_spm_get_service_by_sid
                0x00000000000126c4       0x2c secure_fw/spm/libtfm_spm.a(spm_ipc.o)
                0x00000000000126c4                tfm_spm_get_service_by_sid
 .text.tfm_spm_check_authorization
                0x00000000000126f0       0x44 secure_fw/spm/libtfm_spm.a(spm_ipc.o)
                0x00000000000126f0                tfm_spm_check_authorization
 .text.spm_init_idle_connection
                0x0000000000012734       0x30 secure_fw/spm/libtfm_spm.a(spm_ipc.o)
                0x0000000000012734                spm_init_idle_connection
 .text.tfm_spm_partition_get_running_partition_id
                0x0000000000012764       0x14 secure_fw/spm/libtfm_spm.a(spm_ipc.o)
                0x0000000000012764                tfm_spm_partition_get_running_partition_id
 .text.tfm_spm_is_ns_caller
                0x0000000000012778       0x20 secure_fw/spm/libtfm_spm.a(spm_ipc.o)
                0x0000000000012778                tfm_spm_is_ns_caller
 .text.spm_get_idle_connection
                0x0000000000012798       0x78 secure_fw/spm/libtfm_spm.a(spm_ipc.o)
                0x0000000000012798                spm_get_idle_connection
 .text.tfm_spm_init
                0x0000000000012810       0x64 secure_fw/spm/libtfm_spm.a(spm_ipc.o)
                0x0000000000012810                tfm_spm_init
 .text.load_a_partition_assuredly
                0x0000000000012874      0x10c secure_fw/spm/libtfm_spm.a(rom_loader.o)
                0x0000000000012874                load_a_partition_assuredly
 .text.load_services_assuredly
                0x0000000000012980       0xb4 secure_fw/spm/libtfm_spm.a(rom_loader.o)
                0x0000000000012980                load_services_assuredly
 .text.spm_associate_call_params
                0x0000000000012a34      0x188 secure_fw/spm/libtfm_spm.a(psa_call_api.o)
                0x0000000000012a34                spm_associate_call_params
 .text.tfm_spm_partition_psa_read
                0x0000000000012bbc       0x74 secure_fw/spm/libtfm_spm.a(psa_read_write_skip_api.o)
                0x0000000000012bbc                tfm_spm_partition_psa_read
 .text.tfm_spm_partition_psa_write
                0x0000000000012c30       0x74 secure_fw/spm/libtfm_spm.a(psa_read_write_skip_api.o)
                0x0000000000012c30                tfm_spm_partition_psa_write
 .text.spm_init_function
                0x0000000000012ca4       0x4c secure_fw/spm/libtfm_spm.a(backend_sfn.o)
 .text.backend_messaging
                0x0000000000012cf0       0x50 secure_fw/spm/libtfm_spm.a(backend_sfn.o)
                0x0000000000012cf0                backend_messaging
 .text.backend_replying
                0x0000000000012d40       0x10 secure_fw/spm/libtfm_spm.a(backend_sfn.o)
                0x0000000000012d40                backend_replying
 .text.backend_init_comp_assuredly
                0x0000000000012d50       0x2c secure_fw/spm/libtfm_spm.a(backend_sfn.o)
                0x0000000000012d50                backend_init_comp_assuredly
 .text.backend_system_run
                0x0000000000012d7c       0x5c secure_fw/spm/libtfm_spm.a(backend_sfn.o)
                0x0000000000012d7c                backend_system_run
 .text.tz_ns_agent_register_client_id_range
                0x0000000000012dd8        0xc secure_fw/spm/libtfm_spm.a(tfm_spm_ns_ctx.o)
                0x0000000000012dd8                tz_ns_agent_register_client_id_range
 .text.tfm_nspm_get_current_client_id
                0x0000000000012de4       0x14 secure_fw/spm/libtfm_spm.a(tfm_spm_ns_ctx.o)
                0x0000000000012de4                tfm_nspm_get_current_client_id
 .text.tfm_nspm_ctx_init
                0x0000000000012df8       0x18 secure_fw/spm/libtfm_spm.a(tfm_spm_ns_ctx.o)
                0x0000000000012df8                tfm_nspm_ctx_init
 .text.SVC_Handler
                0x0000000000012e10       0x68 secure_fw/spm/libtfm_spm.a(tfm_arch_v8m_main.o)
                0x0000000000012e10                SVC_Handler
 .text.tfm_arch_set_secure_exception_priorities
                0x0000000000012e78       0x28 secure_fw/spm/libtfm_spm.a(tfm_arch_v8m_main.o)
                0x0000000000012e78                tfm_arch_set_secure_exception_priorities
 .text.tfm_arch_config_extensions
                0x0000000000012ea0       0x4c secure_fw/spm/libtfm_spm.a(tfm_arch_v8m_main.o)
                0x0000000000012ea0                tfm_arch_config_extensions
 .text.ns_agent_tz_main
                0x0000000000012eec       0x60 secure_fw/spm/libtfm_spm.a(ns_agent_tz_v80m.o)
                0x0000000000012eec                ns_agent_tz_main
 .text.tfm_hal_bind_boundary
                0x0000000000012f4c       0x78 secure_fw/spm/libtfm_spm.a(tfm_hal_isolation.o)
                0x0000000000012f4c                tfm_hal_bind_boundary
 .text.mpu_init_cfg
                0x0000000000012fc4       0xf0 secure_fw/spm/libtfm_spm.a(tfm_hal_isolation.o)
                0x0000000000012fc4                mpu_init_cfg
 .text.tfm_hal_get_ns_VTOR
                0x00000000000130b4        0xc secure_fw/spm/libtfm_spm.a(tfm_hal_platform_common.o)
                0x00000000000130b4                tfm_hal_get_ns_VTOR
 .text.tfm_hal_get_ns_MSP
                0x00000000000130c0        0xc secure_fw/spm/libtfm_spm.a(tfm_hal_platform_common.o)
                0x00000000000130c0                tfm_hal_get_ns_MSP
 .text.tfm_hal_get_ns_entry_point
                0x00000000000130cc        0xc secure_fw/spm/libtfm_spm.a(tfm_hal_platform_common.o)
                0x00000000000130cc                tfm_hal_get_ns_entry_point
 .text.SPU_Handler
                0x00000000000130d8       0x3c secure_fw/spm/libtfm_spm.a(faults.o)
                0x00000000000130d8                SPU_Handler
 .text.enable_fault_handlers
                0x0000000000013114       0x14 secure_fw/spm/libtfm_spm.a(target_cfg.o)
                0x0000000000013114                enable_fault_handlers
 .text.system_reset_cfg
                0x0000000000013128       0x18 secure_fw/spm/libtfm_spm.a(target_cfg.o)
                0x0000000000013128                system_reset_cfg
 .text.nvic_interrupt_target_state_cfg
                0x0000000000013140       0x40 secure_fw/spm/libtfm_spm.a(target_cfg.o)
                0x0000000000013140                nvic_interrupt_target_state_cfg
 .text.nvic_interrupt_enable
                0x0000000000013180       0x18 secure_fw/spm/libtfm_spm.a(target_cfg.o)
                0x0000000000013180                nvic_interrupt_enable
 .text.sau_and_idau_cfg
                0x0000000000013198       0x20 secure_fw/spm/libtfm_spm.a(target_cfg.o)
                0x0000000000013198                sau_and_idau_cfg
 .text.spu_init_cfg
                0x00000000000131b8       0x80 secure_fw/spm/libtfm_spm.a(target_cfg.o)
                0x00000000000131b8                spu_init_cfg
 .text.spu_periph_init_cfg
                0x0000000000013238       0x4c secure_fw/spm/libtfm_spm.a(target_cfg.o)
                0x0000000000013238                spu_periph_init_cfg
 .text.tfm_core_validate_boot_data
                0x0000000000013284        0xc secure_fw/spm/libtfm_spm.a(tfm_boot_data.o)
                0x0000000000013284                tfm_core_validate_boot_data
 .text.tfm_core_get_boot_data_handler
                0x0000000000013290       0x34 secure_fw/spm/libtfm_spm.a(tfm_boot_data.o)
                0x0000000000013290                tfm_core_get_boot_data_handler
 .text.spm_svc_handler
                0x00000000000132c4       0x88 secure_fw/spm/libtfm_spm.a(tfm_svcalls.o)
                0x00000000000132c4                spm_svc_handler
 .text.tfm_core_panic
                0x000000000001334c        0x4 secure_fw/spm/libtfm_spm.a(utilities.o)
                0x000000000001334c                tfm_core_panic
 .text.tfm_spm_check_client_version
                0x0000000000013350       0x24 secure_fw/spm/libtfm_spm.a(spm_ipc.o)
                0x0000000000013350                tfm_spm_check_client_version
 .text.spm_msg_handle_to_connection
                0x0000000000013374       0x28 secure_fw/spm/libtfm_spm.a(spm_ipc.o)
                0x0000000000013374                spm_msg_handle_to_connection
 .text.tfm_spm_get_client_id
                0x000000000001339c       0x20 secure_fw/spm/libtfm_spm.a(spm_ipc.o)
                0x000000000001339c                tfm_spm_get_client_id
 .text.update_caller_outvec_len
                0x00000000000133bc       0x1e secure_fw/spm/libtfm_spm.a(spm_ipc.o)
                0x00000000000133bc                update_caller_outvec_len
 .text.load_irqs_assuredly
                0x00000000000133da        0x2 secure_fw/spm/libtfm_spm.a(rom_loader.o)
                0x00000000000133da                load_irqs_assuredly
 .text.spm_handle_programmer_errors
                0x00000000000133dc       0x18 secure_fw/spm/libtfm_spm.a(psa_api.o)
                0x00000000000133dc                spm_handle_programmer_errors
 .text.tfm_spm_partition_psa_reply
                0x00000000000133f4       0x9a secure_fw/spm/libtfm_spm.a(psa_api.o)
                0x00000000000133f4                tfm_spm_partition_psa_reply
 .text.tfm_spm_partition_psa_panic
                0x000000000001348e        0xc secure_fw/spm/libtfm_spm.a(psa_api.o)
                0x000000000001348e                tfm_spm_partition_psa_panic
 .text.tfm_spm_client_psa_call
                0x000000000001349a       0x4e secure_fw/spm/libtfm_spm.a(psa_call_api.o)
                0x000000000001349a                tfm_spm_client_psa_call
 .text.tfm_spm_client_psa_framework_version
                0x00000000000134e8        0x6 secure_fw/spm/libtfm_spm.a(psa_version_api.o)
                0x00000000000134e8                tfm_spm_client_psa_framework_version
 .text.tfm_spm_client_psa_version
                0x00000000000134ee       0x2c secure_fw/spm/libtfm_spm.a(psa_version_api.o)
                0x00000000000134ee                tfm_spm_client_psa_version
 .text.connection_to_handle
                0x000000000001351a        0x6 secure_fw/spm/libtfm_spm.a(spm_local_connection.o)
                0x000000000001351a                connection_to_handle
 .text.handle_to_connection
                0x0000000000013520       0x12 secure_fw/spm/libtfm_spm.a(spm_local_connection.o)
                0x0000000000013520                handle_to_connection
 .text.spm_init_connection_space
                0x0000000000013532        0x2 secure_fw/spm/libtfm_spm.a(spm_local_connection.o)
                0x0000000000013532                spm_init_connection_space
 .text.spm_allocate_connection
                0x0000000000013534        0xe secure_fw/spm/libtfm_spm.a(spm_local_connection.o)
                0x0000000000013534                spm_allocate_connection
 .text.spm_validate_connection
                0x0000000000013542        0x4 secure_fw/spm/libtfm_spm.a(spm_local_connection.o)
                0x0000000000013542                spm_validate_connection
 .text.spm_free_connection
                0x0000000000013546        0xc secure_fw/spm/libtfm_spm.a(spm_local_connection.o)
                0x0000000000013546                spm_free_connection
 .text.tfm_arch_clear_fp_data
                0x0000000000013552       0x8a secure_fw/spm/libtfm_spm.a(tfm_arch_v8m_main.o)
                0x0000000000013552                tfm_arch_clear_fp_data
 .text.tfm_hal_memory_check
                0x00000000000135dc      0x132 secure_fw/spm/libtfm_spm.a(tfm_hal_isolation.o)
                0x00000000000135dc                tfm_hal_memory_check
 .text.tfm_hal_set_up_static_boundaries
                0x000000000001370e       0x2a secure_fw/spm/libtfm_spm.a(tfm_hal_isolation.o)
                0x000000000001370e                tfm_hal_set_up_static_boundaries
 .text.tfm_hal_platform_common_init
                0x0000000000013738       0x36 secure_fw/spm/libtfm_spm.a(tfm_hal_platform_common.o)
                0x0000000000013738                tfm_hal_platform_common_init
 .text.SPU_IRQHandler
                0x000000000001376e       0x1c secure_fw/spm/libtfm_spm.a(faults.o)
                0x000000000001376e                SPU_IRQHandler
 .text.init_debug
                0x000000000001378a        0x4 secure_fw/spm/libtfm_spm.a(target_cfg.o)
                0x000000000001378a                init_debug
 .text.tfm_arch_free_msp_and_exc_ret
                0x000000000001378e        0xc secure_fw/spm/libtfm_spm.a(tfm_arch.o)
                0x000000000001378e                tfm_arch_free_msp_and_exc_ret
 .text.arch_clean_stack_and_launch
                0x000000000001379a       0x18 secure_fw/spm/libtfm_spm.a(tfm_arch.o)
                0x000000000001379a                arch_clean_stack_and_launch
 *libplatform_s*:*(.rodata*)
 .rodata.CSWTCH.17
                0x00000000000137b2        0x3 platform/libplatform_s.a(system_nrf91.o)
 .rodata.store_and_dump_context.str1.1
                0x00000000000137b5       0x8b platform/libplatform_s.a(exception_info.o)
 .rodata.Driver_USART1
                0x0000000000013840       0x38 platform/libplatform_s.a(Driver_USART.o)
                0x0000000000013840                Driver_USART1
 .rodata.UART1_pins
                0x0000000000013878        0x8 platform/libplatform_s.a(Driver_USART.o)
 .rodata.DriverVersion
                0x0000000000013880        0x4 platform/libplatform_s.a(Driver_USART.o)
 *fill*         0x0000000000013884        0xc 
 .rodata.delay_machine_code.0
                0x0000000000013890        0x6 platform/libplatform_s.a(nrfx_uarte.o)
 .rodata.nrf_exception_info_store_context.str1.1
                0x0000000000013896       0x16 platform/libplatform_s.a(nrf_exception_info.o)
 .rodata.tfm_hal_platform_init.str1.1
                0x00000000000138ac       0x2e platform/libplatform_s.a(tfm_hal_platform.o)
 *fill*         0x00000000000138da        0x2 
 .rodata.ranges
                0x00000000000138dc       0x20 platform/libplatform_s.a(tfm_platform_hal_ioctl.o)
 *libtfm_spm*:*(.rodata*)
 .rodata.HEX_TABLE
                0x00000000000138fc       0x10 secure_fw/spm/libtfm_spm.a(spm_log.o)
 .rodata.main.str1.1
                0x000000000001390c       0x8c secure_fw/spm/libtfm_spm.a(main.o)
 .rodata.serv_pool_ea
                0x0000000000013998        0x4 secure_fw/spm/libtfm_spm.a(rom_loader.o)
 .rodata.part_pool_ea
                0x000000000001399c        0x4 secure_fw/spm/libtfm_spm.a(rom_loader.o)
 .rodata.ldinf_ea
                0x00000000000139a0        0x4 secure_fw/spm/libtfm_spm.a(rom_loader.o)
 .rodata.target_peripherals.0
                0x00000000000139a4       0x74 secure_fw/spm/libtfm_spm.a(target_cfg.o)
 .rodata.memory_regions
                0x0000000000013a18       0x1c secure_fw/spm/libtfm_spm.a(target_cfg.o)
                0x0000000000013a18                memory_regions
 .rodata.spm_svc_handler.str1.1
                0x0000000000013a34       0x3b secure_fw/spm/libtfm_spm.a(tfm_svcalls.o)

.glue_7         0x0000000000013a70        0x0
 .glue_7        0x0000000000013a70        0x0 linker stubs

.glue_7t        0x0000000000013a70        0x0
 .glue_7t       0x0000000000013a70        0x0 linker stubs

.vfp11_veneer   0x0000000000013a70        0x0
 .vfp11_veneer  0x0000000000013a70        0x0 linker stubs

.v4_bx          0x0000000000013a70        0x0
 .v4_bx         0x0000000000013a70        0x0 linker stubs

.iplt           0x0000000000013a70        0x0
 .iplt          0x0000000000013a70        0x0 /home/turbo/.zephyrtools/toolchain/zephyr-sdk-0.16.4/arm-zephyr-eabi/bin/../lib/gcc/arm-zephyr-eabi/12.2.0/thumb/v8-m.main+fp/hard/crtbegin.o

.TFM_UNPRIV_CODE
                0x0000000000013a80     0x2960
 *(SORT_BY_ALIGNMENT(.text*))
 .text          0x0000000000013a80       0x88 /home/turbo/.zephyrtools/toolchain/zephyr-sdk-0.16.4/arm-zephyr-eabi/bin/../lib/gcc/arm-zephyr-eabi/12.2.0/thumb/v8-m.main+fp/hard/crtbegin.o
 .text          0x0000000000013b08       0x7c /home/turbo/.zephyrtools/toolchain/zephyr-sdk-0.16.4/arm-zephyr-eabi/bin/../lib/gcc/arm-zephyr-eabi/12.2.0/../../../../arm-zephyr-eabi/lib/thumb/v8-m.main+fp/hard/crt0.o
                0x0000000000013b08                _stack_init
                0x0000000000013b10                _mainCRTStartup
                0x0000000000013b10                _start
 .text.tfm_psa_framework_version_veneer
                0x0000000000013b84       0x24 secure_fw/CMakeFiles/tfm_s.dir/partitions/ns_agent_tz/psa_api_veneers_v80m.o
                0x0000000000013b84                __acle_se_tfm_psa_framework_version_veneer
 .text.tfm_psa_version_veneer
                0x0000000000013ba8       0x24 secure_fw/CMakeFiles/tfm_s.dir/partitions/ns_agent_tz/psa_api_veneers_v80m.o
                0x0000000000013ba8                __acle_se_tfm_psa_version_veneer
 .text.tfm_psa_call_veneer
                0x0000000000013bcc       0x2c secure_fw/CMakeFiles/tfm_s.dir/partitions/ns_agent_tz/psa_api_veneers_v80m.o
                0x0000000000013bcc                __acle_se_tfm_psa_call_veneer
 .text.tfm_psa_connect_veneer
                0x0000000000013bf8       0x1c secure_fw/CMakeFiles/tfm_s.dir/partitions/ns_agent_tz/psa_api_veneers_v80m.o
                0x0000000000013bf8                __acle_se_tfm_psa_connect_veneer
 .text.tfm_psa_close_veneer
                0x0000000000013c14       0x14 secure_fw/CMakeFiles/tfm_s.dir/partitions/ns_agent_tz/psa_api_veneers_v80m.o
                0x0000000000013c14                __acle_se_tfm_psa_close_veneer
 .text.tfm_psa_call_pack
                0x0000000000013c28       0x54 secure_fw/partitions/lib/runtime/libtfm_sprt.a(psa_interface_sfn.o)
                0x0000000000013c28                tfm_psa_call_pack
 .text.verify_header
                0x0000000000013c7c       0x40 secure_fw/partitions/crypto/mbedcrypto/nrf_security_src/libcrypto_service_mbedcrypto.a(memory_buffer_alloc.o)
 .text.verify_chain
                0x0000000000013cbc       0x3c secure_fw/partitions/crypto/mbedcrypto/nrf_security_src/libcrypto_service_mbedcrypto.a(memory_buffer_alloc.o)
 .text.buffer_alloc_calloc
                0x0000000000013cf8       0xf4 secure_fw/partitions/crypto/mbedcrypto/nrf_security_src/libcrypto_service_mbedcrypto.a(memory_buffer_alloc.o)
 .text.buffer_alloc_free
                0x0000000000013dec       0xe8 secure_fw/partitions/crypto/mbedcrypto/nrf_security_src/libcrypto_service_mbedcrypto.a(memory_buffer_alloc.o)
 .text.mbedtls_memory_buffer_alloc_init
                0x0000000000013ed4       0x64 secure_fw/partitions/crypto/mbedcrypto/nrf_security_src/libcrypto_service_mbedcrypto.a(memory_buffer_alloc.o)
                0x0000000000013ed4                mbedtls_memory_buffer_alloc_init
 .text.mbedtls_free
                0x0000000000013f38        0xc secure_fw/partitions/crypto/mbedcrypto/nrf_security_src/core/nrf_oberon/liboberon_psa_core.a(platform.o)
                0x0000000000013f38                mbedtls_free
 .text.mbedtls_platform_set_calloc_free
                0x0000000000013f44       0x14 secure_fw/partitions/crypto/mbedcrypto/nrf_security_src/core/nrf_oberon/liboberon_psa_core.a(platform.o)
                0x0000000000013f44                mbedtls_platform_set_calloc_free
 .text.mbedtls_platform_zeroize
                0x0000000000013f58       0x18 secure_fw/partitions/crypto/mbedcrypto/nrf_security_src/core/nrf_oberon/liboberon_psa_core.a(platform_util.o)
                0x0000000000013f58                mbedtls_platform_zeroize
 .text.mbedcrypto__psa_generate_random
                0x0000000000013f70       0x24 secure_fw/partitions/crypto/mbedcrypto/nrf_security_src/core/nrf_oberon/liboberon_psa_core.a(psa_crypto.o)
                0x0000000000013f70                mbedcrypto__psa_generate_random
 .text.mbedtls_psa_crypto_free
                0x0000000000013f94       0x54 secure_fw/partitions/crypto/mbedcrypto/nrf_security_src/core/nrf_oberon/liboberon_psa_core.a(psa_crypto.o)
                0x0000000000013f94                mbedtls_psa_crypto_free
 .text.mbedcrypto__psa_crypto_init
                0x0000000000013fe8       0x7c secure_fw/partitions/crypto/mbedcrypto/nrf_security_src/core/nrf_oberon/liboberon_psa_core.a(psa_crypto.o)
                0x0000000000013fe8                mbedcrypto__psa_crypto_init
 .text.psa_initialize_key_slots
                0x0000000000014064       0x10 secure_fw/partitions/crypto/mbedcrypto/nrf_security_src/core/nrf_oberon/liboberon_psa_core.a(psa_crypto_slot_management.o)
                0x0000000000014064                psa_initialize_key_slots
 .text.psa_wipe_all_key_slots
                0x0000000000014074       0x34 secure_fw/partitions/crypto/mbedcrypto/nrf_security_src/core/nrf_oberon/liboberon_psa_core.a(psa_crypto_slot_management.o)
                0x0000000000014074                psa_wipe_all_key_slots
 .text.nrf_cc3xx_platform_init_hmac_drbg
                0x00000000000140a8       0x44 /home/turbo/airtime2/nrfxlib/crypto/nrf_cc310_platform/lib/cortex-m33/hard-float/no-interrupts/libnrf_cc310_platform_0.9.19.a(nrf_cc3xx_platform.c.obj)
                0x00000000000140a8                nrf_cc3xx_platform_init_hmac_drbg
 .text.nrf_cc3xx_platform_hmac_drbg_init
                0x00000000000140ec       0x60 /home/turbo/airtime2/nrfxlib/crypto/nrf_cc310_platform/lib/cortex-m33/hard-float/no-interrupts/libnrf_cc310_platform_0.9.19.a(nrf_cc3xx_platform_hmac_drbg.c.obj)
                0x00000000000140ec                nrf_cc3xx_platform_hmac_drbg_init
 .text.nrf_cc3xx_platform_hmac_drbg_get
                0x000000000001414c       0x44 /home/turbo/airtime2/nrfxlib/crypto/nrf_cc310_platform/lib/cortex-m33/hard-float/no-interrupts/libnrf_cc310_platform_0.9.19.a(nrf_cc3xx_platform_hmac_drbg.c.obj)
                0x000000000001414c                nrf_cc3xx_platform_hmac_drbg_get
 .text.mbedtls_zeroize_internal
                0x0000000000014190       0x14 /home/turbo/airtime2/nrfxlib/crypto/nrf_cc310_platform/lib/cortex-m33/hard-float/no-interrupts/libnrf_cc310_platform_0.9.19.a(mbedtls_common.c.obj)
                0x0000000000014190                mbedtls_zeroize_internal
 .text.cc_mbedtls_platform_zeroize
                0x00000000000141a4       0x14 /home/turbo/airtime2/nrfxlib/crypto/nrf_cc310_platform/lib/cortex-m33/hard-float/no-interrupts/libnrf_cc310_platform_0.9.19.a(mbedtls_common.c.obj)
                0x00000000000141a4                cc_mbedtls_platform_zeroize
 .text.entropy_update
                0x00000000000141b8       0x7c /home/turbo/airtime2/nrfxlib/crypto/nrf_cc310_platform/lib/cortex-m33/hard-float/no-interrupts/libnrf_cc310_platform_0.9.19.a(custom_entropy.c.obj)
 .text.entropy_gather_internal.part.0
                0x0000000000014234       0x88 /home/turbo/airtime2/nrfxlib/crypto/nrf_cc310_platform/lib/cortex-m33/hard-float/no-interrupts/libnrf_cc310_platform_0.9.19.a(custom_entropy.c.obj)
 .text.cc_mbedtls_entropy_init
                0x00000000000142bc       0x84 /home/turbo/airtime2/nrfxlib/crypto/nrf_cc310_platform/lib/cortex-m33/hard-float/no-interrupts/libnrf_cc310_platform_0.9.19.a(custom_entropy.c.obj)
                0x00000000000142bc                cc_mbedtls_entropy_init
 .text.cc_mbedtls_entropy_func
                0x0000000000014340      0x110 /home/turbo/airtime2/nrfxlib/crypto/nrf_cc310_platform/lib/cortex-m33/hard-float/no-interrupts/libnrf_cc310_platform_0.9.19.a(custom_entropy.c.obj)
                0x0000000000014340                cc_mbedtls_entropy_func
 .text.cc_hmac_sha256_starts.constprop.0
                0x0000000000014450      0x108 /home/turbo/airtime2/nrfxlib/crypto/nrf_cc310_platform/lib/cortex-m33/hard-float/no-interrupts/libnrf_cc310_platform_0.9.19.a(hmac_drbg_alt.c.obj)
 .text.cc_mbedtls_hmac_drbg_init
                0x0000000000014558       0x28 /home/turbo/airtime2/nrfxlib/crypto/nrf_cc310_platform/lib/cortex-m33/hard-float/no-interrupts/libnrf_cc310_platform_0.9.19.a(hmac_drbg_alt.c.obj)
                0x0000000000014558                cc_mbedtls_hmac_drbg_init
 .text.cc_mbedtls_hmac_drbg_update
                0x0000000000014580      0x170 /home/turbo/airtime2/nrfxlib/crypto/nrf_cc310_platform/lib/cortex-m33/hard-float/no-interrupts/libnrf_cc310_platform_0.9.19.a(hmac_drbg_alt.c.obj)
                0x0000000000014580                cc_mbedtls_hmac_drbg_update
 .text.cc_hmac_drbg_reseed_core
                0x00000000000146f0       0xac /home/turbo/airtime2/nrfxlib/crypto/nrf_cc310_platform/lib/cortex-m33/hard-float/no-interrupts/libnrf_cc310_platform_0.9.19.a(hmac_drbg_alt.c.obj)
 .text.cc_mbedtls_hmac_drbg_seed
                0x000000000001479c       0x54 /home/turbo/airtime2/nrfxlib/crypto/nrf_cc310_platform/lib/cortex-m33/hard-float/no-interrupts/libnrf_cc310_platform_0.9.19.a(hmac_drbg_alt.c.obj)
                0x000000000001479c                cc_mbedtls_hmac_drbg_seed
 .text.cc_mbedtls_hmac_drbg_random_with_add
                0x00000000000147f0      0x144 /home/turbo/airtime2/nrfxlib/crypto/nrf_cc310_platform/lib/cortex-m33/hard-float/no-interrupts/libnrf_cc310_platform_0.9.19.a(hmac_drbg_alt.c.obj)
                0x00000000000147f0                cc_mbedtls_hmac_drbg_random_with_add
 .text.RndStartupTest.constprop.0
                0x0000000000014934       0x98 /home/turbo/airtime2/nrfxlib/crypto/nrf_cc310_platform/lib/cortex-m33/hard-float/no-interrupts/libnrf_cc310_platform_0.9.19.a(cc_lib.c.obj)
 .text.CC_LibInit_HMAC_DRBG
                0x00000000000149cc       0xc0 /home/turbo/airtime2/nrfxlib/crypto/nrf_cc310_platform/lib/cortex-m33/hard-float/no-interrupts/libnrf_cc310_platform_0.9.19.a(cc_lib.c.obj)
                0x00000000000149cc                CC_LibInit_HMAC_DRBG
 .text.CC_HalInit
                0x0000000000014a8c        0x4 /home/turbo/airtime2/nrfxlib/crypto/nrf_cc310_platform/lib/cortex-m33/hard-float/no-interrupts/libnrf_cc310_platform_0.9.19.a(cc_hal.c.obj)
                0x0000000000014a8c                CC_HalInit
 .text.CC_HalTerminate
                0x0000000000014a90        0x4 /home/turbo/airtime2/nrfxlib/crypto/nrf_cc310_platform/lib/cortex-m33/hard-float/no-interrupts/libnrf_cc310_platform_0.9.19.a(cc_hal.c.obj)
                0x0000000000014a90                CC_HalTerminate
 .text.CC_HalClearInterruptBit
                0x0000000000014a94       0x1c /home/turbo/airtime2/nrfxlib/crypto/nrf_cc310_platform/lib/cortex-m33/hard-float/no-interrupts/libnrf_cc310_platform_0.9.19.a(cc_hal.c.obj)
                0x0000000000014a94                CC_HalClearInterruptBit
 .text.CC_HalMaskInterrupt
                0x0000000000014ab0        0xc /home/turbo/airtime2/nrfxlib/crypto/nrf_cc310_platform/lib/cortex-m33/hard-float/no-interrupts/libnrf_cc310_platform_0.9.19.a(cc_hal.c.obj)
                0x0000000000014ab0                CC_HalMaskInterrupt
 .text.CC_HalWaitInterrupt
                0x0000000000014abc        0xc /home/turbo/airtime2/nrfxlib/crypto/nrf_cc310_platform/lib/cortex-m33/hard-float/no-interrupts/libnrf_cc310_platform_0.9.19.a(cc_hal.c.obj)
                0x0000000000014abc                CC_HalWaitInterrupt
 .text.CC_HalWaitInterruptRND
                0x0000000000014ac8        0xc /home/turbo/airtime2/nrfxlib/crypto/nrf_cc310_platform/lib/cortex-m33/hard-float/no-interrupts/libnrf_cc310_platform_0.9.19.a(cc_hal.c.obj)
                0x0000000000014ac8                CC_HalWaitInterruptRND
 .text.CC_PalInit
                0x0000000000014ad4       0x5c /home/turbo/airtime2/nrfxlib/crypto/nrf_cc310_platform/lib/cortex-m33/hard-float/no-interrupts/libnrf_cc310_platform_0.9.19.a(cc_pal.c.obj)
                0x0000000000014ad4                CC_PalInit
 .text.CC_PalTerminate
                0x0000000000014b30       0x34 /home/turbo/airtime2/nrfxlib/crypto/nrf_cc310_platform/lib/cortex-m33/hard-float/no-interrupts/libnrf_cc310_platform_0.9.19.a(cc_pal.c.obj)
                0x0000000000014b30                CC_PalTerminate
 .text.CC_PalDmaInit
                0x0000000000014b64        0x4 /home/turbo/airtime2/nrfxlib/crypto/nrf_cc310_platform/lib/cortex-m33/hard-float/no-interrupts/libnrf_cc310_platform_0.9.19.a(cc_pal_dma.c.obj)
                0x0000000000014b64                CC_PalDmaInit
 .text.CC_PalDmaTerminate
                0x0000000000014b68        0x4 /home/turbo/airtime2/nrfxlib/crypto/nrf_cc310_platform/lib/cortex-m33/hard-float/no-interrupts/libnrf_cc310_platform_0.9.19.a(cc_pal_dma.c.obj)
                0x0000000000014b68                CC_PalDmaTerminate
 .text.CC_PalWaitInterruptRND
                0x0000000000014b6c       0x2c /home/turbo/airtime2/nrfxlib/crypto/nrf_cc310_platform/lib/cortex-m33/hard-float/no-interrupts/libnrf_cc310_platform_0.9.19.a(cc_pal_interrupt_ctrl.c.obj)
                0x0000000000014b6c                CC_PalWaitInterruptRND
 .text.CC_PalWaitInterrupt
                0x0000000000014b98       0x18 /home/turbo/airtime2/nrfxlib/crypto/nrf_cc310_platform/lib/cortex-m33/hard-float/no-interrupts/libnrf_cc310_platform_0.9.19.a(cc_pal_interrupt_ctrl.c.obj)
                0x0000000000014b98                CC_PalWaitInterrupt
 .text.CC_PalMemCopyPlat
                0x0000000000014bb0        0x4 /home/turbo/airtime2/nrfxlib/crypto/nrf_cc310_platform/lib/cortex-m33/hard-float/no-interrupts/libnrf_cc310_platform_0.9.19.a(cc_pal_mem.c.obj)
                0x0000000000014bb0                CC_PalMemCopyPlat
 .text.CC_PalMemSetZeroPlat
                0x0000000000014bb4        0x8 /home/turbo/airtime2/nrfxlib/crypto/nrf_cc310_platform/lib/cortex-m33/hard-float/no-interrupts/libnrf_cc310_platform_0.9.19.a(cc_pal_mem.c.obj)
                0x0000000000014bb4                CC_PalMemSetZeroPlat
 .text.CC_PalMutexCreate
                0x0000000000014bbc       0x14 /home/turbo/airtime2/nrfxlib/crypto/nrf_cc310_platform/lib/cortex-m33/hard-float/no-interrupts/libnrf_cc310_platform_0.9.19.a(cc_pal_mutex.c.obj)
                0x0000000000014bbc                CC_PalMutexCreate
 .text.CC_PalMutexDestroy
                0x0000000000014bd0       0x14 /home/turbo/airtime2/nrfxlib/crypto/nrf_cc310_platform/lib/cortex-m33/hard-float/no-interrupts/libnrf_cc310_platform_0.9.19.a(cc_pal_mutex.c.obj)
                0x0000000000014bd0                CC_PalMutexDestroy
 .text.CC_PalMutexLock
                0x0000000000014be4       0x10 /home/turbo/airtime2/nrfxlib/crypto/nrf_cc310_platform/lib/cortex-m33/hard-float/no-interrupts/libnrf_cc310_platform_0.9.19.a(cc_pal_mutex.c.obj)
                0x0000000000014be4                CC_PalMutexLock
 .text.CC_PalMutexUnlock
                0x0000000000014bf4       0x14 /home/turbo/airtime2/nrfxlib/crypto/nrf_cc310_platform/lib/cortex-m33/hard-float/no-interrupts/libnrf_cc310_platform_0.9.19.a(cc_pal_mutex.c.obj)
                0x0000000000014bf4                CC_PalMutexUnlock
 .text.CC_PalPowerSaveModeInit
                0x0000000000014c08       0x3c /home/turbo/airtime2/nrfxlib/crypto/nrf_cc310_platform/lib/cortex-m33/hard-float/no-interrupts/libnrf_cc310_platform_0.9.19.a(cc_pal_pm.c.obj)
                0x0000000000014c08                CC_PalPowerSaveModeInit
 .text.CC_PalPowerSaveModeSelect
                0x0000000000014c44       0x84 /home/turbo/airtime2/nrfxlib/crypto/nrf_cc310_platform/lib/cortex-m33/hard-float/no-interrupts/libnrf_cc310_platform_0.9.19.a(cc_pal_pm.c.obj)
                0x0000000000014c44                CC_PalPowerSaveModeSelect
 .text.mutex_init
                0x0000000000014cc8        0xc /home/turbo/airtime2/nrfxlib/crypto/nrf_cc310_platform/lib/cortex-m33/hard-float/no-interrupts/libnrf_cc310_platform_0.9.19.a(threading_alt.c.obj)
                0x0000000000014cc8                mutex_init
 .text.mutex_lock
                0x0000000000014cd4        0xc /home/turbo/airtime2/nrfxlib/crypto/nrf_cc310_platform/lib/cortex-m33/hard-float/no-interrupts/libnrf_cc310_platform_0.9.19.a(threading_alt.c.obj)
                0x0000000000014cd4                mutex_lock
 .text.mutex_unlock
                0x0000000000014ce0        0xc /home/turbo/airtime2/nrfxlib/crypto/nrf_cc310_platform/lib/cortex-m33/hard-float/no-interrupts/libnrf_cc310_platform_0.9.19.a(threading_alt.c.obj)
                0x0000000000014ce0                mutex_unlock
 .text.nrf_cc3xx_platform_abort
                0x0000000000014cec       0x24 /home/turbo/airtime2/nrfxlib/crypto/nrf_cc310_platform/lib/cortex-m33/hard-float/no-interrupts/libnrf_cc310_platform_0.9.19.a(nrf_cc3xx_platform_abort.c.obj)
 .text.CC_PalAbort
                0x0000000000014d10       0x34 /home/turbo/airtime2/nrfxlib/crypto/nrf_cc310_platform/lib/cortex-m33/hard-float/no-interrupts/libnrf_cc310_platform_0.9.19.a(nrf_cc3xx_platform_abort.c.obj)
                0x0000000000014d10                CC_PalAbort
 .text.mutex_free
                0x0000000000014d44       0x34 /home/turbo/airtime2/nrfxlib/crypto/nrf_cc310_platform/lib/cortex-m33/hard-float/no-interrupts/libnrf_cc310_platform_0.9.19.a(nrf_cc3xx_platform_mutex.c.obj)
 .text.mutex_lock
                0x0000000000014d78       0x48 /home/turbo/airtime2/nrfxlib/crypto/nrf_cc310_platform/lib/cortex-m33/hard-float/no-interrupts/libnrf_cc310_platform_0.9.19.a(nrf_cc3xx_platform_mutex.c.obj)
 .text.mutex_unlock
                0x0000000000014dc0       0x38 /home/turbo/airtime2/nrfxlib/crypto/nrf_cc310_platform/lib/cortex-m33/hard-float/no-interrupts/libnrf_cc310_platform_0.9.19.a(nrf_cc3xx_platform_mutex.c.obj)
 .text.mutex_init
                0x0000000000014df8       0x20 /home/turbo/airtime2/nrfxlib/crypto/nrf_cc310_platform/lib/cortex-m33/hard-float/no-interrupts/libnrf_cc310_platform_0.9.19.a(nrf_cc3xx_platform_mutex.c.obj)
 .text.startTrngHW
                0x0000000000014e18      0x140 /home/turbo/airtime2/nrfxlib/crypto/nrf_cc310_platform/lib/cortex-m33/hard-float/no-interrupts/libnrf_cc310_platform_0.9.19.a(llf_rnd_trng90b.c.obj)
 .text.LLF_RND_RepetitionCounterTest
                0x0000000000014f58       0x64 /home/turbo/airtime2/nrfxlib/crypto/nrf_cc310_platform/lib/cortex-m33/hard-float/no-interrupts/libnrf_cc310_platform_0.9.19.a(llf_rnd_trng90b.c.obj)
                0x0000000000014f58                LLF_RND_RepetitionCounterTest
 .text.LLF_RND_AdaptiveProportionTest
                0x0000000000014fbc       0x80 /home/turbo/airtime2/nrfxlib/crypto/nrf_cc310_platform/lib/cortex-m33/hard-float/no-interrupts/libnrf_cc310_platform_0.9.19.a(llf_rnd_trng90b.c.obj)
                0x0000000000014fbc                LLF_RND_AdaptiveProportionTest
 .text.getTrngSource
                0x000000000001503c      0x2b4 /home/turbo/airtime2/nrfxlib/crypto/nrf_cc310_platform/lib/cortex-m33/hard-float/no-interrupts/libnrf_cc310_platform_0.9.19.a(llf_rnd_trng90b.c.obj)
 .text.LLF_RND_GetTrngSource
                0x00000000000152f0       0x18 /home/turbo/airtime2/nrfxlib/crypto/nrf_cc310_platform/lib/cortex-m33/hard-float/no-interrupts/libnrf_cc310_platform_0.9.19.a(llf_rnd_trng90b.c.obj)
                0x00000000000152f0                LLF_RND_GetTrngSource
 .text.LLF_RND_RunTrngStartupTest
                0x0000000000015308       0x1c /home/turbo/airtime2/nrfxlib/crypto/nrf_cc310_platform/lib/cortex-m33/hard-float/no-interrupts/libnrf_cc310_platform_0.9.19.a(llf_rnd_trng90b.c.obj)
                0x0000000000015308                LLF_RND_RunTrngStartupTest
 .text.mbedtls_hardware_poll
                0x0000000000015324       0xfc /home/turbo/airtime2/nrfxlib/crypto/nrf_cc310_platform/lib/cortex-m33/hard-float/no-interrupts/libnrf_cc310_platform_0.9.19.a(trng_api.c.obj)
                0x0000000000015324                mbedtls_hardware_poll
 .text.cc_mbedtls_sha256_init
                0x0000000000015420       0x28 /home/turbo/airtime2/nrfxlib/crypto/nrf_cc310_platform/lib/cortex-m33/hard-float/no-interrupts/libnrf_cc310_platform_0.9.19.a(sha256_alt.c.obj)
                0x0000000000015420                cc_mbedtls_sha256_init
 .text.cc_mbedtls_sha256_free
                0x0000000000015448        0xc /home/turbo/airtime2/nrfxlib/crypto/nrf_cc310_platform/lib/cortex-m33/hard-float/no-interrupts/libnrf_cc310_platform_0.9.19.a(sha256_alt.c.obj)
                0x0000000000015448                cc_mbedtls_sha256_free
 .text.cc_mbedtls_sha256_starts
                0x0000000000015454       0x28 /home/turbo/airtime2/nrfxlib/crypto/nrf_cc310_platform/lib/cortex-m33/hard-float/no-interrupts/libnrf_cc310_platform_0.9.19.a(sha256_alt.c.obj)
                0x0000000000015454                cc_mbedtls_sha256_starts
 .text.cc_mbedtls_sha256_update
                0x000000000001547c       0x54 /home/turbo/airtime2/nrfxlib/crypto/nrf_cc310_platform/lib/cortex-m33/hard-float/no-interrupts/libnrf_cc310_platform_0.9.19.a(sha256_alt.c.obj)
                0x000000000001547c                cc_mbedtls_sha256_update
 .text.cc_mbedtls_sha256_finish
                0x00000000000154d0       0x48 /home/turbo/airtime2/nrfxlib/crypto/nrf_cc310_platform/lib/cortex-m33/hard-float/no-interrupts/libnrf_cc310_platform_0.9.19.a(sha256_alt.c.obj)
                0x00000000000154d0                cc_mbedtls_sha256_finish
 .text.mbedtls_sha_starts_internal
                0x0000000000015518       0x28 /home/turbo/airtime2/nrfxlib/crypto/nrf_cc310_platform/lib/cortex-m33/hard-float/no-interrupts/libnrf_cc310_platform_0.9.19.a(mbedtls_hash_common.c.obj)
                0x0000000000015518                mbedtls_sha_starts_internal
 .text.mbedtls_sha_finish_internal
                0x0000000000015540       0x5c /home/turbo/airtime2/nrfxlib/crypto/nrf_cc310_platform/lib/cortex-m33/hard-float/no-interrupts/libnrf_cc310_platform_0.9.19.a(mbedtls_hash_common.c.obj)
                0x0000000000015540                mbedtls_sha_finish_internal
 .text.mbedtls_sha_update_internal
                0x000000000001559c      0x1ec /home/turbo/airtime2/nrfxlib/crypto/nrf_cc310_platform/lib/cortex-m33/hard-float/no-interrupts/libnrf_cc310_platform_0.9.19.a(mbedtls_hash_common.c.obj)
                0x000000000001559c                mbedtls_sha_update_internal
 .text.cc_mbedtls_sha256
                0x0000000000015788       0x50 /home/turbo/airtime2/nrfxlib/crypto/nrf_cc310_platform/lib/cortex-m33/hard-float/no-interrupts/libnrf_cc310_platform_0.9.19.a(sha256.c.obj)
                0x0000000000015788                cc_mbedtls_sha256
 .text.RNG_PLAT_SetUserRngParameters
                0x00000000000157d8       0x74 /home/turbo/airtime2/nrfxlib/crypto/nrf_cc310_platform/lib/cortex-m33/hard-float/no-interrupts/libnrf_cc310_platform_0.9.19.a(cc_rng_plat.c.obj)
                0x00000000000157d8                RNG_PLAT_SetUserRngParameters
 .text.CC_PalTrngParamGet
                0x000000000001584c      0x114 /home/turbo/airtime2/nrfxlib/crypto/nrf_cc310_platform/lib/cortex-m33/hard-float/no-interrupts/libnrf_cc310_platform_0.9.19.a(cc_pal_trng.c.obj)
                0x000000000001584c                CC_PalTrngParamGet
 .text.LLF_RND_WaitRngInterrupt
                0x0000000000015960       0x20 /home/turbo/airtime2/nrfxlib/crypto/nrf_cc310_platform/lib/cortex-m33/hard-float/no-interrupts/libnrf_cc310_platform_0.9.19.a(llf_rnd.c.obj)
                0x0000000000015960                LLF_RND_WaitRngInterrupt
 .text.LLF_RND_GetRoscSampleCnt
                0x0000000000015980       0x34 /home/turbo/airtime2/nrfxlib/crypto/nrf_cc310_platform/lib/cortex-m33/hard-float/no-interrupts/libnrf_cc310_platform_0.9.19.a(llf_rnd.c.obj)
                0x0000000000015980                LLF_RND_GetRoscSampleCnt
 .text.LLF_RND_GetFastestRosc
                0x00000000000159b4       0x20 /home/turbo/airtime2/nrfxlib/crypto/nrf_cc310_platform/lib/cortex-m33/hard-float/no-interrupts/libnrf_cc310_platform_0.9.19.a(llf_rnd.c.obj)
                0x00000000000159b4                LLF_RND_GetFastestRosc
 .text.LLF_RND_TurnOffTrng
                0x00000000000159d4       0x18 /home/turbo/airtime2/nrfxlib/crypto/nrf_cc310_platform/lib/cortex-m33/hard-float/no-interrupts/libnrf_cc310_platform_0.9.19.a(llf_rnd.c.obj)
                0x00000000000159d4                LLF_RND_TurnOffTrng
 .text.SetDataBuffersInfo
                0x00000000000159ec       0x68 /home/turbo/airtime2/nrfxlib/crypto/nrf_cc310_platform/lib/cortex-m33/hard-float/no-interrupts/libnrf_cc310_platform_0.9.19.a(driver_common.c.obj)
                0x00000000000159ec                SetDataBuffersInfo
 .text.InitHashDrv
                0x0000000000015a54       0x50 /home/turbo/airtime2/nrfxlib/crypto/nrf_cc310_platform/lib/cortex-m33/hard-float/no-interrupts/libnrf_cc310_platform_0.9.19.a(hash_driver.c.obj)
                0x0000000000015a54                InitHashDrv
 .text.ProcessHashDrv
                0x0000000000015aa4      0x22c /home/turbo/airtime2/nrfxlib/crypto/nrf_cc310_platform/lib/cortex-m33/hard-float/no-interrupts/libnrf_cc310_platform_0.9.19.a(hash_driver.c.obj)
                0x0000000000015aa4                ProcessHashDrv
 .text.FinishHashDrv
                0x0000000000015cd0       0x74 /home/turbo/airtime2/nrfxlib/crypto/nrf_cc310_platform/lib/cortex-m33/hard-float/no-interrupts/libnrf_cc310_platform_0.9.19.a(hash_driver.c.obj)
                0x0000000000015cd0                FinishHashDrv
 .text.CC_PalDataBufferAttrGet
                0x0000000000015d44        0x8 /home/turbo/airtime2/nrfxlib/crypto/nrf_cc310_platform/lib/cortex-m33/hard-float/no-interrupts/libnrf_cc310_platform_0.9.19.a(cc_pal_buff_attr.c.obj)
                0x0000000000015d44                CC_PalDataBufferAttrGet
 .text.exit     0x0000000000015d4c       0x28 /home/turbo/.zephyrtools/toolchain/zephyr-sdk-0.16.4/arm-zephyr-eabi/bin/../lib/gcc/arm-zephyr-eabi/12.2.0/../../../../arm-zephyr-eabi/lib/thumb/v8-m.main+fp/hard/libc_nano.a(lib_a-exit.o)
                0x0000000000015d4c                exit
 .text.__libc_init_array
                0x0000000000015d74       0x48 /home/turbo/.zephyrtools/toolchain/zephyr-sdk-0.16.4/arm-zephyr-eabi/bin/../lib/gcc/arm-zephyr-eabi/12.2.0/../../../../arm-zephyr-eabi/lib/thumb/v8-m.main+fp/hard/libc_nano.a(lib_a-init.o)
                0x0000000000015d74                __libc_init_array
 .text          0x0000000000015dbc       0xc8 /home/turbo/.zephyrtools/toolchain/zephyr-sdk-0.16.4/arm-zephyr-eabi/bin/../lib/gcc/arm-zephyr-eabi/12.2.0/thumb/v8-m.main+fp/hard/libgcc.a(cmse.o)
                0x0000000000015dbc                cmse_check_address_range
 .text._exit    0x0000000000015e84        0x4 /home/turbo/.zephyrtools/toolchain/zephyr-sdk-0.16.4/arm-zephyr-eabi/bin/../lib/gcc/arm-zephyr-eabi/12.2.0/../../../../arm-zephyr-eabi/lib/thumb/v8-m.main+fp/hard/libnosys.a(_exit.o)
                0x0000000000015e84                _exit
 .text.clear_caller_context
                0x0000000000015e88       0x5c secure_fw/CMakeFiles/tfm_s.dir/partitions/ns_agent_tz/psa_api_veneers_v80m.o
 .text.C_HardFault_Handler
                0x0000000000015ee4        0x4 secure_fw/CMakeFiles/tfm_s.dir/__/platform/ext/common/faults.o
                0x0000000000015ee4                C_HardFault_Handler
 .text.HardFault_Handler
                0x0000000000015ee8       0x1c secure_fw/CMakeFiles/tfm_s.dir/__/platform/ext/common/faults.o
                0x0000000000015ee8                HardFault_Handler
 .text.C_MemManage_Handler
                0x0000000000015f04        0x4 secure_fw/CMakeFiles/tfm_s.dir/__/platform/ext/common/faults.o
                0x0000000000015f04                C_MemManage_Handler
 .text.MemManage_Handler
                0x0000000000015f08       0x1c secure_fw/CMakeFiles/tfm_s.dir/__/platform/ext/common/faults.o
                0x0000000000015f08                MemManage_Handler
 .text.C_BusFault_Handler
                0x0000000000015f24        0x4 secure_fw/CMakeFiles/tfm_s.dir/__/platform/ext/common/faults.o
                0x0000000000015f24                C_BusFault_Handler
 .text.BusFault_Handler
                0x0000000000015f28       0x1c secure_fw/CMakeFiles/tfm_s.dir/__/platform/ext/common/faults.o
                0x0000000000015f28                BusFault_Handler
 .text.C_SecureFault_Handler
                0x0000000000015f44        0x4 secure_fw/CMakeFiles/tfm_s.dir/__/platform/ext/common/faults.o
                0x0000000000015f44                C_SecureFault_Handler
 .text.SecureFault_Handler
                0x0000000000015f48       0x1c secure_fw/CMakeFiles/tfm_s.dir/__/platform/ext/common/faults.o
                0x0000000000015f48                SecureFault_Handler
 .text.C_UsageFault_Handler
                0x0000000000015f64        0x4 secure_fw/CMakeFiles/tfm_s.dir/__/platform/ext/common/faults.o
                0x0000000000015f64                C_UsageFault_Handler
 .text.UsageFault_Handler
                0x0000000000015f68       0x1c secure_fw/CMakeFiles/tfm_s.dir/__/platform/ext/common/faults.o
                0x0000000000015f68                UsageFault_Handler
 .text.memmove  0x0000000000015f84       0x6c secure_fw/partitions/lib/runtime/libtfm_sprt.a(crt_memmove.o)
                0x0000000000015f84                memmove
 .text.memcpy   0x0000000000015ff0       0x4a secure_fw/partitions/lib/runtime/libtfm_sprt.a(crt_memcpy.o)
                0x0000000000015ff0                memcpy
 .text.memset   0x000000000001603a       0x46 secure_fw/partitions/lib/runtime/libtfm_sprt.a(crt_memset.o)
                0x000000000001603a                memset
 .text.psa_framework_version
                0x0000000000016080       0x18 secure_fw/partitions/lib/runtime/libtfm_sprt.a(psa_interface_sfn.o)
                0x0000000000016080                psa_framework_version
 .text.psa_version
                0x0000000000016098       0x1c secure_fw/partitions/lib/runtime/libtfm_sprt.a(psa_interface_sfn.o)
                0x0000000000016098                psa_version
 .text.psa_read
                0x00000000000160b4       0x2a secure_fw/partitions/lib/runtime/libtfm_sprt.a(psa_interface_sfn.o)
                0x00000000000160b4                psa_read
 .text.psa_write
                0x00000000000160de       0x2a secure_fw/partitions/lib/runtime/libtfm_sprt.a(psa_interface_sfn.o)
                0x00000000000160de                psa_write
 .text.psa_panic
                0x0000000000016108       0x18 secure_fw/partitions/lib/runtime/libtfm_sprt.a(psa_interface_sfn.o)
                0x0000000000016108                psa_panic
 .text.platform_calloc_uninit
                0x0000000000016120        0x4 secure_fw/partitions/crypto/mbedcrypto/nrf_security_src/core/nrf_oberon/liboberon_psa_core.a(platform.o)
 .text.platform_free_uninit
                0x0000000000016124        0x2 secure_fw/partitions/crypto/mbedcrypto/nrf_security_src/core/nrf_oberon/liboberon_psa_core.a(platform.o)
 .text.mbedtls_zeroize_and_free
                0x0000000000016126       0x14 secure_fw/partitions/crypto/mbedcrypto/nrf_security_src/core/nrf_oberon/liboberon_psa_core.a(platform_util.o)
                0x0000000000016126                mbedtls_zeroize_and_free
 .text.psa_remove_key_data_from_memory
                0x000000000001613a       0x16 secure_fw/partitions/crypto/mbedcrypto/nrf_security_src/core/nrf_oberon/liboberon_psa_core.a(psa_crypto.o)
                0x000000000001613a                psa_remove_key_data_from_memory
 .text.psa_wipe_key_slot
                0x0000000000016150       0x3a secure_fw/partitions/crypto/mbedcrypto/nrf_security_src/core/nrf_oberon/liboberon_psa_core.a(psa_crypto.o)
                0x0000000000016150                psa_wipe_key_slot
 .text.psa_driver_wrapper_init
                0x000000000001618a        0x4 secure_fw/partitions/crypto/mbedcrypto/nrf_security_src/core/nrf_oberon/liboberon_psa_core.a(psa_crypto_driver_wrappers.o)
                0x000000000001618a                psa_driver_wrapper_init
 .text.psa_driver_wrapper_free
                0x000000000001618e        0x2 secure_fw/partitions/crypto/mbedcrypto/nrf_security_src/core/nrf_oberon/liboberon_psa_core.a(psa_crypto_driver_wrappers.o)
                0x000000000001618e                psa_driver_wrapper_free
 .text.psa_driver_wrapper_init_random
                0x0000000000016190        0x4 secure_fw/partitions/crypto/mbedcrypto/nrf_security_src/core/nrf_oberon/liboberon_psa_core.a(psa_crypto_driver_wrappers.o)
                0x0000000000016190                psa_driver_wrapper_init_random
 .text.psa_driver_wrapper_get_random
                0x0000000000016194       0x22 secure_fw/partitions/crypto/mbedcrypto/nrf_security_src/core/nrf_oberon/liboberon_psa_core.a(psa_crypto_driver_wrappers.o)
                0x0000000000016194                psa_driver_wrapper_get_random
 .text.psa_driver_wrapper_free_random
                0x00000000000161b6        0x4 secure_fw/partitions/crypto/mbedcrypto/nrf_security_src/core/nrf_oberon/liboberon_psa_core.a(psa_crypto_driver_wrappers.o)
                0x00000000000161b6                psa_driver_wrapper_free_random
 .text          0x00000000000161ba       0x5c /home/turbo/.zephyrtools/toolchain/zephyr-sdk-0.16.4/arm-zephyr-eabi/bin/../lib/gcc/arm-zephyr-eabi/12.2.0/thumb/v8-m.main+fp/hard/libgcc.a(cmse_nonsecure_call.o)
                0x00000000000161ba                __gnu_cmse_nonsecure_call
 *(.init)
 *fill*         0x0000000000016216        0x2 
 .init          0x0000000000016218        0x4 /home/turbo/.zephyrtools/toolchain/zephyr-sdk-0.16.4/arm-zephyr-eabi/bin/../lib/gcc/arm-zephyr-eabi/12.2.0/thumb/v8-m.main+fp/hard/crti.o
                0x0000000000016218                _init
 .init          0x000000000001621c        0x8 /home/turbo/.zephyrtools/toolchain/zephyr-sdk-0.16.4/arm-zephyr-eabi/bin/../lib/gcc/arm-zephyr-eabi/12.2.0/thumb/v8-m.main+fp/hard/crtn.o
 *(.fini)
 .fini          0x0000000000016224        0x4 /home/turbo/.zephyrtools/toolchain/zephyr-sdk-0.16.4/arm-zephyr-eabi/bin/../lib/gcc/arm-zephyr-eabi/12.2.0/thumb/v8-m.main+fp/hard/crti.o
                0x0000000000016224                _fini
 .fini          0x0000000000016228        0x8 /home/turbo/.zephyrtools/toolchain/zephyr-sdk-0.16.4/arm-zephyr-eabi/bin/../lib/gcc/arm-zephyr-eabi/12.2.0/thumb/v8-m.main+fp/hard/crtn.o
 *crtbegin.o(.ctors)
 *crtbegin?.o(.ctors)
 *(EXCLUDE_FILE(*crtend.o *crtend?.o) .ctors)
 *(SORT_BY_NAME(.ctors.*))
 *(.ctors)
 *crtbegin.o(.dtors)
 *crtbegin?.o(.dtors)
 *(EXCLUDE_FILE(*crtend.o *crtend?.o) .dtors)
 *(SORT_BY_NAME(.dtors.*))
 *(.dtors)
 *(SORT_BY_ALIGNMENT(.rodata*))
 .rodata.ret_err
                0x0000000000016230        0x4 secure_fw/CMakeFiles/tfm_s.dir/partitions/ns_agent_tz/psa_api_veneers_v80m.o
                0x0000000000016230                ret_err
 .rodata.CSWTCH.10
                0x0000000000016234       0x1c /home/turbo/airtime2/nrfxlib/crypto/nrf_cc310_platform/lib/cortex-m33/hard-float/no-interrupts/libnrf_cc310_platform_0.9.19.a(nrf_cc3xx_platform.c.obj)
 .rodata.RndStartupTest.constprop.0.str1.4
                0x0000000000016250       0x6f /home/turbo/airtime2/nrfxlib/crypto/nrf_cc310_platform/lib/cortex-m33/hard-float/no-interrupts/libnrf_cc310_platform_0.9.19.a(cc_lib.c.obj)
 *fill*         0x00000000000162bf        0x1 
 .rodata.CC_PalPowerSaveModeInit.str1.4
                0x00000000000162c0       0x20 /home/turbo/airtime2/nrfxlib/crypto/nrf_cc310_platform/lib/cortex-m33/hard-float/no-interrupts/libnrf_cc310_platform_0.9.19.a(cc_pal_pm.c.obj)
 .rodata.mutex_free.str1.4
                0x00000000000162e0       0x26 /home/turbo/airtime2/nrfxlib/crypto/nrf_cc310_platform/lib/cortex-m33/hard-float/no-interrupts/libnrf_cc310_platform_0.9.19.a(nrf_cc3xx_platform_mutex.c.obj)
 *fill*         0x0000000000016306        0x2 
 .rodata.mutex_init.str1.4
                0x0000000000016308       0x23 /home/turbo/airtime2/nrfxlib/crypto/nrf_cc310_platform/lib/cortex-m33/hard-float/no-interrupts/libnrf_cc310_platform_0.9.19.a(nrf_cc3xx_platform_mutex.c.obj)
 *fill*         0x000000000001632b        0x1 
 .rodata.mbedtls_hardware_poll.str1.4
                0x000000000001632c       0x16 /home/turbo/airtime2/nrfxlib/crypto/nrf_cc310_platform/lib/cortex-m33/hard-float/no-interrupts/libnrf_cc310_platform_0.9.19.a(trng_api.c.obj)
                                         0x6e (size before relaxing)
 *fill*         0x0000000000016342        0x2 
 .rodata.cc_mbedtls_sha256_init.str1.4
                0x0000000000016344        0xe /home/turbo/airtime2/nrfxlib/crypto/nrf_cc310_platform/lib/cortex-m33/hard-float/no-interrupts/libnrf_cc310_platform_0.9.19.a(sha256_alt.c.obj)
 .rodata.ProcessHashDrv.str1.4
                0x0000000000016352       0x6f /home/turbo/airtime2/nrfxlib/crypto/nrf_cc310_platform/lib/cortex-m33/hard-float/no-interrupts/libnrf_cc310_platform_0.9.19.a(hash_driver.c.obj)
 *fill*         0x0000000000016352        0x2 
 .rodata.HASH_LARVAL_SHA256
                0x0000000000016354       0x20 /home/turbo/airtime2/nrfxlib/crypto/nrf_cc310_platform/lib/cortex-m33/hard-float/no-interrupts/libnrf_cc310_platform_0.9.19.a(hash_driver.c.obj)
 .rodata.HASH_LARVAL_SHA224
                0x0000000000016374       0x20 /home/turbo/airtime2/nrfxlib/crypto/nrf_cc310_platform/lib/cortex-m33/hard-float/no-interrupts/libnrf_cc310_platform_0.9.19.a(hash_driver.c.obj)
 .rodata.HASH_LARVAL_SHA1
                0x0000000000016394       0x14 /home/turbo/airtime2/nrfxlib/crypto/nrf_cc310_platform/lib/cortex-m33/hard-float/no-interrupts/libnrf_cc310_platform_0.9.19.a(hash_driver.c.obj)
 .rodata._global_impure_ptr
                0x00000000000163a8        0x4 /home/turbo/.zephyrtools/toolchain/zephyr-sdk-0.16.4/arm-zephyr-eabi/bin/../lib/gcc/arm-zephyr-eabi/12.2.0/../../../../arm-zephyr-eabi/lib/thumb/v8-m.main+fp/hard/libc_nano.a(lib_a-impure.o)
                0x00000000000163a8                _global_impure_ptr
 .rodata.str1.1
                0x00000000000163ac        0xb secure_fw/CMakeFiles/tfm_s.dir/__/generated/secure_fw/partitions/crypto/auto_generated/load_info_tfm_crypto.o
 .rodata.str1.1
                0x00000000000163b7       0x15 secure_fw/CMakeFiles/tfm_s.dir/__/generated/secure_fw/partitions/platform/auto_generated/load_info_tfm_platform.o
 *(.eh_frame*)
 .eh_frame      0x00000000000163cc        0x0 /home/turbo/.zephyrtools/toolchain/zephyr-sdk-0.16.4/arm-zephyr-eabi/bin/../lib/gcc/arm-zephyr-eabi/12.2.0/thumb/v8-m.main+fp/hard/crtbegin.o
 .eh_frame      0x00000000000163cc        0x4 /home/turbo/.zephyrtools/toolchain/zephyr-sdk-0.16.4/arm-zephyr-eabi/bin/../lib/gcc/arm-zephyr-eabi/12.2.0/thumb/v8-m.main+fp/hard/crtend.o
                0x00000000000163e0                . = ALIGN (0x20)
 *fill*         0x00000000000163d0       0x10 
                0x0000000000013a80                Image$$TFM_UNPRIV_CODE_START$$RO$$Base = ADDR (.TFM_UNPRIV_CODE)
                0x00000000000163e0                Image$$TFM_UNPRIV_CODE_END$$RO$$Limit = (ADDR (.TFM_UNPRIV_CODE) + SIZEOF (.TFM_UNPRIV_CODE))

.rel.dyn        0x00000000000163e0        0x0
 .rel.iplt      0x00000000000163e0        0x0 /home/turbo/.zephyrtools/toolchain/zephyr-sdk-0.16.4/arm-zephyr-eabi/bin/../lib/gcc/arm-zephyr-eabi/12.2.0/thumb/v8-m.main+fp/hard/crtbegin.o

.gnu.sgstubs    0x0000000000017c00       0x40
 *(.gnu.sgstubs*)
 .gnu.sgstubs.__stub
                0x0000000000017c00       0x28 linker stubs
                0x0000000000017c00                tfm_psa_framework_version_veneer
                0x0000000000017c08                tfm_psa_version_veneer
                0x0000000000017c10                tfm_psa_close_veneer
                0x0000000000017c18                tfm_psa_connect_veneer
                0x0000000000017c20                tfm_psa_call_veneer

.sgstubs_end    0x0000000000018000        0x0
                0x0000000000018000                . = ALIGN (0x20)
                0x0000000000017c40                Image$$PT_RO_END$$Base = .

.tfm_secure_data_start
                0x0000000020000000        0x0
                0x0000000020000000                . = ALIGN (0x4)

.tfm_bl2_shared_data
                0x0000000020000000      0x400
                0x0000000020000400                . = (. + 0x400)
 *fill*         0x0000000020000000      0x400 

.msp_stack      0x0000000020000400      0x7f8
                0x0000000020000bf8                . = (. + (__msp_stack_size__ - 0x8))
 *fill*         0x0000000020000400      0x7f8 
                0x0000000020000400                Image$$ARM_LIB_STACK$$ZI$$Base = ADDR (.msp_stack)
                0x0000000020000bf8                Image$$ARM_LIB_STACK$$ZI$$Limit = (ADDR (.msp_stack) + SIZEOF (.msp_stack))

.msp_stack_seal_res
                0x0000000020000bf8        0x8
                0x0000000020000c00                . = (. + 0x8)
 *fill*         0x0000000020000bf8        0x8 
                0x0000000020000bf8                __StackSeal = ADDR (.msp_stack_seal_res)
                0x0000000020000c00                . = ALIGN (0x20)
                0x0000000020000c00                Image$$TFM_APP_RW_STACK_START$$Base = .

.TFM_APP_ROT_LINKER_DATA
                0x0000000020000c00        0x0 load address 0x0000000000017c40
 *tfm_app_rot_partition*:(SORT_BY_ALIGNMENT(.data*))
 *(TFM_*_APP-ROT_ATTR_RW)
                0x0000000020000c00                . = ALIGN (0x4)
                0x0000000020000c00                Image$$TFM_APP_ROT_LINKER_DATA$$RW$$Base = ADDR (.TFM_APP_ROT_LINKER_DATA)
                0x0000000020000c00                Image$$TFM_APP_ROT_LINKER_DATA$$RW$$Limit = (ADDR (.TFM_APP_ROT_LINKER_DATA) + SIZEOF (.TFM_APP_ROT_LINKER_DATA))

.TFM_APP_ROT_LINKER_BSS
                0x0000000020000c00       0x20
                0x0000000020000c00                start_of_TFM_APP_ROT_LINKER = .
 *tfm_app_rot_partition*:(SORT_BY_ALIGNMENT(.bss*))
 *tfm_app_rot_partition*:*(COMMON)
 *(TFM_*_APP-ROT_ATTR_ZI)
                0x0000000020000c04                . = (. + (. - start_of_TFM_APP_ROT_LINKER)?0x0:0x4)
 *fill*         0x0000000020000c00        0x4 
                0x0000000020000c20                . = ALIGN (0x20)
 *fill*         0x0000000020000c04       0x1c 
                0x0000000020000c00                Image$$TFM_APP_ROT_LINKER_DATA$$ZI$$Base = ADDR (.TFM_APP_ROT_LINKER_BSS)